03-02 13:04:02.849  1317  1317 W InputContextProxy: InputContextProxy.applyClientDiffInternal():892 Ignore [FetchSuggestions] diff due to stale request: 31388<31389, inputStateId=31205, lastInputStateId=31206
03-02 13:04:02.851  1317  1317 I InlineSuggestionCandidateViewController: InlineSuggestionCandidateViewController.textCandidatesUpdated():621 Not showing inline suggestion tooltip v2; has candidates
03-02 13:04:02.870  1317  1317 I KeyboardViewController: KeyboardViewController.lambda$showSelfAndAncestors$6():594 current view doesn't has the priority com.google.android.apps.inputmethod.libs.framework.keyboard.widget.AccessPointsBar{b1e2ac8 I.E...... ......ID 95,0-975,116 #7f0b0017 app:id/0_resource_name_obfuscated} to show itself, DEFAULT
03-02 13:04:02.897  1317  1317 W InputContextProxy: InputContextProxy.applyClientDiffInternal():892 Ignore [FetchSuggestions] diff due to stale request: 31392<31394, inputStateId=31209, lastInputStateId=31210
03-02 13:04:03.047  1317  1317 W InputContextProxy: InputContextProxy.applyClientDiffInternal():892 Ignore [FetchSuggestions] diff due to stale request: 31394<31396, inputStateId=31211, lastInputStateId=31212
03-02 13:04:03.069  1317  1317 W InputContextProxy: InputContextProxy.applyClientDiffInternal():892 Ignore [FetchSuggestions] diff due to stale request: 31396<31400, inputStateId=31214, lastInputStateId=31217
03-02 13:04:03.073  1317  1879 I native  : I0302 13:04:03.073287    1879 input-context-store.cc:238] Ignoring stale client request for FetchSuggestions
03-02 13:04:03.084  1317  1317 W InputContextProxy: InputContextProxy.applyClientDiffInternal():892 Ignore [FetchSuggestions] diff due to stale request: 31398<31405, inputStateId=31217, lastInputStateId=31221
03-02 13:04:03.084  1317  1317 W InputContextProxy: InputContextProxy.applyClientDiffInternal():892 Ignore [FetchSuggestions] diff due to stale request: 31401<31405, inputStateId=31218, lastInputStateId=31221
03-02 13:04:03.087  1317  1879 I native  : I0302 13:04:03.087020    1879 input-context-store.cc:238] Ignoring stale client request for FetchSuggestions
03-02 13:04:03.112  1317  1317 W InputContextProxy: InputContextProxy.applyClientDiffInternal():892 Ignore [FetchSuggestions] diff due to stale request: 31404<31406, inputStateId=31221, lastInputStateId=31221
03-02 13:04:03.112  1317  1317 I InlineSuggestionCandidateViewController: InlineSuggestionCandidateViewController.textCandidatesUpdated():621 Not showing inline suggestion tooltip v2; has candidates
03-02 13:04:03.131  1317  1317 W InputContextProxy: InputContextProxy.applyClientDiffInternal():892 Ignore [FetchSuggestions] diff due to stale request: 31408<31409, inputStateId=31224, lastInputStateId=31225
03-02 13:04:03.162  1317  1317 I InlineSuggestionCandidateViewController: InlineSuggestionCandidateViewController.textCandidatesUpdated():621 Not showing inline suggestion tooltip v2; has candidates
03-02 13:04:03.181  1317  1317 I KeyboardViewController: KeyboardViewController.lambda$showSelfAndAncestors$6():594 current view doesn't has the priority com.google.android.apps.inputmethod.libs.framework.keyboard.widget.AccessPointsBar{b1e2ac8 I.E...... ......ID 95,0-975,116 #7f0b0017 app:id/0_resource_name_obfuscated} to show itself, DEFAULT
03-02 13:04:03.181  1317  1317 W InputContextProxy: InputContextProxy.applyClientDiffInternal():892 Ignore [FetchSuggestions] diff due to stale request: 31412<31414, inputStateId=31228, lastInputStateId=31229
03-02 13:04:03.197  1317  1317 W InputContextProxy: InputContextProxy.applyClientDiffInternal():892 Ignore [FetchSuggestions] diff due to stale request: 31414<31416, inputStateId=31230, lastInputStateId=31231
03-02 13:04:03.214  1317  1317 W InputContextProxy: InputContextProxy.applyClientDiffInternal():892 Ignore [FetchSuggestions] diff due to stale request: 31416<31418, inputStateId=31232, lastInputStateId=31233
03-02 13:04:03.231  1317  1317 W InputContextProxy: InputContextProxy.applyClientDiffInternal():892 Ignore [FetchSuggestions] diff due to stale request: 31418<31420, inputStateId=31234, lastInputStateId=31235
03-02 13:04:03.279  1317  1317 I InlineSuggestionCandidateViewController: InlineSuggestionCandidateViewController.textCandidatesUpdated():621 Not showing inline suggestion tooltip v2; has candidates
03-02 13:04:03.330  1317  1317 W InputContextProxy: InputContextProxy.applyClientDiffInternal():892 Ignore [FetchSuggestions] diff due to stale request: 31422<31424, inputStateId=31238, lastInputStateId=31239
03-02 13:04:03.348  1317  1317 W InputContextProxy: InputContextProxy.applyClientDiffInternal():892 Ignore [FetchSuggestions] diff due to stale request: 31424<31428, inputStateId=31241, lastInputStateId=31244
03-02 13:04:03.349  1317  1879 I native  : I0302 13:04:03.349387    1879 input-context-store.cc:238] Ignoring stale client request for FetchSuggestions
03-02 13:04:03.395  1317  1317 W InputContextProxy: InputContextProxy.applyClientDiffInternal():892 Ignore [FetchSuggestions] diff due to stale request: 31426<31430, inputStateId=31244, lastInputStateId=31246
03-02 13:04:03.396  1317  1317 W InputContextProxy: InputContextProxy.applyClientDiffInternal():892 Ignore [FetchSuggestions] diff due to stale request: 31429<31430, inputStateId=31245, lastInputStateId=31246
03-02 13:04:03.398  8546  8613 D EGL_emulation: app_time_stats: avg=7.83ms min=1.64ms max=88.54ms count=43
03-02 13:04:03.402  1317  1879 I native  : I0302 13:04:03.402356    1879 input-context-store.cc:238] Ignoring stale client request for FetchSuggestions
03-02 13:04:03.427  1317  1317 W InputContextProxy: InputContextProxy.applyClientDiffInternal():892 Ignore [FetchSuggestions] diff due to stale request: 31432<31434, inputStateId=31248, lastInputStateId=31248
03-02 13:04:03.462  1317  1317 I InlineSuggestionCandidateViewController: InlineSuggestionCandidateViewController.textCandidatesUpdated():621 Not showing inline suggestion tooltip v2; has candidates
03-02 13:04:03.462  1317  1317 I KeyboardViewController: KeyboardViewController.lambda$showSelfAndAncestors$6():594 current view doesn't has the priority com.google.android.apps.inputmethod.libs.framework.keyboard.widget.AccessPointsBar{b1e2ac8 I.E...... ......ID 95,0-975,116 #7f0b0017 app:id/0_resource_name_obfuscated} to show itself, DEFAULT
03-02 13:04:03.498  1317  1879 I native  : I0302 13:04:03.498219    1879 input-context-store.cc:161] Ignoring stale client request for FetchSuggestions
03-02 13:04:03.499  1317  1317 W InputContextProxy: InputContextProxy.applyClientDiffInternal():892 Ignore [FetchSuggestions] diff due to stale request: 31436<31440, inputStateId=31252, lastInputStateId=31255
03-02 13:04:03.501  1317  1670 D EGL_emulation: app_time_stats: avg=66.56ms min=2.92ms max=218.03ms count=16
03-02 13:04:03.530  1317  1317 W InputContextProxy: InputContextProxy.applyClientDiffInternal():892 Ignore [FetchSuggestions] diff due to stale request: 31438<31441, inputStateId=0, lastInputStateId=31255
03-02 13:04:03.530  1317  1317 I InlineSuggestionCandidateViewController: InlineSuggestionCandidateViewController.textCandidatesUpdated():621 Not showing inline suggestion tooltip v2; has candidates
03-02 13:04:03.565  1317  1317 W InputContextProxy: InputContextProxy.applyClientDiffInternal():892 Ignore [FetchSuggestions] diff due to stale request: 31443<31444, inputStateId=31258, lastInputStateId=31259
03-02 13:04:03.597  1317  1317 I Environment: Environment.isPackageInstalled():311 com.bitstrips.imoji is not installed
03-02 13:04:03.598  1317  1317 I InlineSuggestionCandidateViewController: InlineSuggestionCandidateViewController.textCandidatesUpdated():621 Not showing inline suggestion tooltip v2; has candidates
03-02 13:04:03.612  1317  1317 I KeyboardViewController: KeyboardViewController.lambda$showSelfAndAncestors$6():594 current view doesn't has the priority com.google.android.apps.inputmethod.libs.framework.keyboard.widget.AccessPointsBar{b1e2ac8 I.E...... ......ID 95,0-975,116 #7f0b0017 app:id/0_resource_name_obfuscated} to show itself, DEFAULT
03-02 13:04:03.646  1317  1317 W InputContextProxy: InputContextProxy.applyClientDiffInternal():892 Ignore [FetchSuggestions] diff due to stale request: 31447<31450, inputStateId=31262, lastInputStateId=31265
03-02 13:04:03.695  1317  1317 W InputContextProxy: InputContextProxy.applyClientDiffInternal():892 Ignore [FetchSuggestions] diff due to stale request: 31449<31453, inputStateId=31264, lastInputStateId=31267
03-02 13:04:03.712  1317  1317 W InputContextProxy: InputContextProxy.applyClientDiffInternal():892 Ignore [FetchSuggestions] diff due to stale request: 31451<31453, inputStateId=31266, lastInputStateId=31267
03-02 13:04:03.731  1317  1879 W Delight5Decoder: Delight5DecoderWrapper.shouldAbandonMessage():1874 Detected old [FetchSuggestions] request in background: 31457<31458
03-02 13:04:03.732  1317  1317 W InputContextProxy: InputContextProxy.applyClientDiffInternal():892 Ignore [FetchSuggestions] diff due to stale request: 31453<31459, inputStateId=31269, lastInputStateId=31274
03-02 13:04:03.812  1317  1317 W InputContextProxy: InputContextProxy.applyClientDiffInternal():892 Ignore [FetchSuggestions] diff due to stale request: 31455<31464, inputStateId=31271, lastInputStateId=31278
03-02 13:04:03.831  1317  1317 W InputContextProxy: InputContextProxy.applyClientDiffInternal():892 Ignore [FetchSuggestions] diff due to stale request: 31460<31467, inputStateId=31275, lastInputStateId=31281
03-02 13:04:03.847  1317  1317 W InputContextProxy: InputContextProxy.applyClientDiffInternal():892 Ignore [FetchSuggestions] diff due to stale request: 31465<31470, inputStateId=31280, lastInputStateId=31284
03-02 13:04:03.880  1317  1317 W InputContextProxy: InputContextProxy.applyClientDiffInternal():892 Ignore [FetchSuggestions] diff due to stale request: 31467<31474, inputStateId=31282, lastInputStateId=31288
03-02 13:04:03.882  1317  1879 I native  : I0302 13:04:03.882787    1879 input-context-store.cc:238] Ignoring stale client request for FetchSuggestions
03-02 13:04:03.914  1317  1317 W InputContextProxy: InputContextProxy.applyClientDiffInternal():892 Ignore [FetchSuggestions] diff due to stale request: 31470<31475, inputStateId=31285, lastInputStateId=31288
03-02 13:04:03.928  1317  1317 W InputContextProxy: InputContextProxy.applyClientDiffInternal():892 Ignore [FetchSuggestions] diff due to stale request: 31473<31477, inputStateId=31288, lastInputStateId=31290
03-02 13:04:03.930  1317  1317 W InputContextProxy: InputContextProxy.applyClientDiffInternal():892 Ignore [FetchSuggestions] diff due to stale request: 31475<31478, inputStateId=31289, lastInputStateId=31292
03-02 13:04:03.946  1317  1317 W InputContextProxy: InputContextProxy.applyClientDiffInternal():892 Ignore [FetchSuggestions] diff due to stale request: 31477<31481, inputStateId=31291, lastInputStateId=31294
03-02 13:04:03.996  1317  1317 W InputContextProxy: InputContextProxy.applyClientDiffInternal():892 Ignore [FetchSuggestions] diff due to stale request: 31479<31481, inputStateId=31293, lastInputStateId=31294
03-02 13:04:04.033  1317  1317 W InputContextProxy: InputContextProxy.applyClientDiffInternal():892 Ignore [FetchSuggestions] diff due to stale request: 31481<31483, inputStateId=31295, lastInputStateId=31296
03-02 13:04:04.033  1317  1317 I InlineSuggestionCandidateViewController: InlineSuggestionCandidateViewController.textCandidatesUpdated():621 Not showing inline suggestion tooltip v2; has candidates
03-02 13:04:04.078  1317  1317 W InputContextProxy: InputContextProxy.applyClientDiffInternal():892 Ignore [FetchSuggestions] diff due to stale request: 31485<31488, inputStateId=31300, lastInputStateId=31302
03-02 13:04:04.094  1317  1317 W InputContextProxy: InputContextProxy.applyClientDiffInternal():892 Ignore [FetchSuggestions] diff due to stale request: 31488<31490, inputStateId=31303, lastInputStateId=31304
03-02 13:04:04.129  1317  1317 W InputContextProxy: InputContextProxy.applyClientDiffInternal():892 Ignore [FetchSuggestions] diff due to stale request: 31490<31492, inputStateId=31305, lastInputStateId=31306
03-02 13:04:04.177  1317  1317 W InputContextProxy: InputContextProxy.applyClientDiffInternal():892 Ignore [FetchSuggestions] diff due to stale request: 31492<31494, inputStateId=31307, lastInputStateId=31308
03-02 13:04:04.197  1317  1317 I InlineSuggestionCandidateViewController: InlineSuggestionCandidateViewController.textCandidatesUpdated():621 Not showing inline suggestion tooltip v2; has candidates
03-02 13:04:04.198  1317  1317 I KeyboardViewController: KeyboardViewController.lambda$showSelfAndAncestors$6():594 current view doesn't has the priority com.google.android.apps.inputmethod.libs.framework.keyboard.widget.AccessPointsBar{b1e2ac8 I.E...... ......ID 95,0-975,116 #7f0b0017 app:id/0_resource_name_obfuscated} to show itself, DEFAULT
03-02 13:04:04.213  1317  1879 I native  : I0302 13:04:04.213160    1879 input-context-store.cc:161] Ignoring stale client request for FetchSuggestions
03-02 13:04:04.214  1317  1317 W InputContextProxy: InputContextProxy.applyClientDiffInternal():892 Ignore [FetchSuggestions] diff due to stale request: 31496<31500, inputStateId=31312, lastInputStateId=31315
03-02 13:04:04.246  1317  1317 W InputContextProxy: InputContextProxy.applyClientDiffInternal():892 Ignore [FetchSuggestions] diff due to stale request: 31498<31501, inputStateId=0, lastInputStateId=31315
03-02 13:04:04.246  1317  1317 I InlineSuggestionCandidateViewController: InlineSuggestionCandidateViewController.textCandidatesUpdated():621 Not showing inline suggestion tooltip v2; has candidates
03-02 13:04:04.264  1317  1317 W InputContextProxy: InputContextProxy.applyClientDiffInternal():892 Ignore [FetchSuggestions] diff due to stale request: 31503<31504, inputStateId=31318, lastInputStateId=31319
03-02 13:04:04.329  1317  1317 I InlineSuggestionCandidateViewController: InlineSuggestionCandidateViewController.textCandidatesUpdated():621 Not showing inline suggestion tooltip v2; has candidates
03-02 13:04:04.332  1317  1317 I KeyboardViewController: KeyboardViewController.lambda$showSelfAndAncestors$6():594 current view doesn't has the priority com.google.android.apps.inputmethod.libs.framework.keyboard.widget.AccessPointsBar{b1e2ac8 I.E...... ......ID 95,0-975,116 #7f0b0017 app:id/0_resource_name_obfuscated} to show itself, DEFAULT
03-02 13:04:04.347  1317  1317 I InlineSuggestionCandidateViewController: InlineSuggestionCandidateViewController.textCandidatesUpdated():621 Not showing inline suggestion tooltip v2; has candidates
03-02 13:04:04.380  1317  1317 I InlineSuggestionCandidateViewController: InlineSuggestionCandidateViewController.textCandidatesUpdated():621 Not showing inline suggestion tooltip v2; has candidates
03-02 13:04:04.411  8546  8613 D EGL_emulation: app_time_stats: avg=2.26ms min=1.53ms max=6.63ms count=49
03-02 13:04:04.429  1317  1317 W InputContextProxy: InputContextProxy.applyClientDiffInternal():892 Ignore [FetchSuggestions] diff due to stale request: 31511<31513, inputStateId=31326, lastInputStateId=31327
03-02 13:04:04.527  1317  1317 I InlineSuggestionCandidateViewController: InlineSuggestionCandidateViewController.textCandidatesUpdated():621 Not showing inline suggestion tooltip v2; has candidates
03-02 13:04:04.530  1317  1670 D EGL_emulation: app_time_stats: avg=68.57ms min=18.85ms max=165.55ms count=15
03-02 13:04:04.543  1317  1317 I KeyboardViewController: KeyboardViewController.lambda$showSelfAndAncestors$6():594 current view doesn't has the priority com.google.android.apps.inputmethod.libs.framework.keyboard.widget.AccessPointsBar{b1e2ac8 I.E...... ......ID 95,0-975,116 #7f0b0017 app:id/0_resource_name_obfuscated} to show itself, DEFAULT
03-02 13:04:04.581  1317  1317 W InputContextProxy: InputContextProxy.applyClientDiffInternal():892 Ignore [FetchSuggestions] diff due to stale request: 31519<31520, inputStateId=31334, lastInputStateId=31335
03-02 13:04:04.614  1317  1317 W InputContextProxy: InputContextProxy.applyClientDiffInternal():892 Ignore [FetchSuggestions] diff due to stale request: 31521<31525, inputStateId=31337, lastInputStateId=31340
03-02 13:04:04.616  1317  1879 I native  : I0302 13:04:04.616952    1879 input-context-store.cc:238] Ignoring stale client request for FetchSuggestions
03-02 13:04:04.663  1317  1317 W InputContextProxy: InputContextProxy.applyClientDiffInternal():892 Ignore [FetchSuggestions] diff due to stale request: 31523<31526, inputStateId=31340, lastInputStateId=31340
03-02 13:04:04.663  1317  1317 I InlineSuggestionCandidateViewController: InlineSuggestionCandidateViewController.textCandidatesUpdated():621 Not showing inline suggestion tooltip v2; has candidates
03-02 13:04:04.681  1317  1317 W InputContextProxy: InputContextProxy.applyClientDiffInternal():892 Ignore [FetchSuggestions] diff due to stale request: 31528<31530, inputStateId=31343, lastInputStateId=31344
03-02 13:04:04.697  1317  1317 W InputContextProxy: InputContextProxy.applyClientDiffInternal():892 Ignore [FetchSuggestions] diff due to stale request: 31530<31532, inputStateId=31345, lastInputStateId=31346
03-02 13:04:04.704  1317  1317 I InlineSuggestionCandidateViewController: InlineSuggestionCandidateViewController.textCandidatesUpdated():621 Not showing inline suggestion tooltip v2; has candidates
03-02 13:04:04.713  1317  1317 I KeyboardViewController: KeyboardViewController.lambda$showSelfAndAncestors$6():594 current view doesn't has the priority com.google.android.apps.inputmethod.libs.framework.keyboard.widget.AccessPointsBar{b1e2ac8 I.E...... ......ID 95,0-975,116 #7f0b0017 app:id/0_resource_name_obfuscated} to show itself, DEFAULT
03-02 13:04:04.747  1317  1317 I InlineSuggestionCandidateViewController: InlineSuggestionCandidateViewController.textCandidatesUpdated():621 Not showing inline suggestion tooltip v2; has candidates
03-02 13:04:04.768  1317  1879 I native  : I0302 13:04:04.768219    1879 input-context-store.cc:238] Ignoring stale client request for FetchSuggestions
03-02 13:04:04.795  1317  1317 W InputContextProxy: InputContextProxy.applyClientDiffInternal():892 Ignore [FetchSuggestions] diff due to stale request: 31536<31539, inputStateId=31353, lastInputStateId=31353
03-02 13:04:04.795  1317  1317 I InlineSuggestionCandidateViewController: InlineSuggestionCandidateViewController.textCandidatesUpdated():621 Not showing inline suggestion tooltip v2; has candidates
03-02 13:04:04.848  1317  1317 W InputContextProxy: InputContextProxy.applyClientDiffInternal():892 Ignore [FetchSuggestions] diff due to stale request: 31541<31543, inputStateId=31356, lastInputStateId=31357
03-02 13:04:04.865  1317  1879 I native  : I0302 13:04:04.865043    1879 input-context-store.cc:161] Ignoring stale client request for FetchSuggestions
03-02 13:04:04.865  1317  1879 I native  : I0302 13:04:04.865358    1879 input-context-store.cc:161] Ignoring stale client request for OverrideDecodedCandidates
03-02 13:04:04.865  1317  1317 W InputContextProxy: InputContextProxy.applyClientDiffInternal():892 Ignore [FetchSuggestions] diff due to stale request: 31543<31547, inputStateId=31359, lastInputStateId=31362
03-02 13:04:04.912  1317  1317 W InputContextProxy: InputContextProxy.applyClientDiffInternal():892 Ignore [FetchSuggestions] diff due to stale request: 31545<31548, inputStateId=0, lastInputStateId=31362
03-02 13:04:04.912  1317  1317 I InlineSuggestionCandidateViewController: InlineSuggestionCandidateViewController.textCandidatesUpdated():621 Not showing inline suggestion tooltip v2; has candidates
03-02 13:04:04.932  1317  1317 W InputContextProxy: InputContextProxy.applyClientDiffInternal():892 Ignore [FetchSuggestions] diff due to stale request: 31550<31552, inputStateId=31365, lastInputStateId=31366
03-02 13:04:04.964  1317  1317 W InputContextProxy: InputContextProxy.applyClientDiffInternal():892 Ignore [FetchSuggestions] diff due to stale request: 31552<31554, inputStateId=31367, lastInputStateId=31368
03-02 13:04:04.964  1317  1317 I KeyboardViewController: KeyboardViewController.lambda$showSelfAndAncestors$6():594 current view doesn't has the priority com.google.android.apps.inputmethod.libs.framework.keyboard.widget.AccessPointsBar{b1e2ac8 I.E...... ......ID 95,0-975,116 #7f0b0017 app:id/0_resource_name_obfuscated} to show itself, DEFAULT
03-02 13:04:04.983  1317  1317 W InputContextProxy: InputContextProxy.applyClientDiffInternal():892 Ignore [FetchSuggestions] diff due to stale request: 31554<31556, inputStateId=31369, lastInputStateId=31370
03-02 13:04:05.012  1317  1317 W InputContextProxy: InputContextProxy.applyClientDiffInternal():892 Ignore [FetchSuggestions] diff due to stale request: 31556<31558, inputStateId=31371, lastInputStateId=31372
03-02 13:04:05.047  1317  1317 I InlineSuggestionCandidateViewController: InlineSuggestionCandidateViewController.textCandidatesUpdated():621 Not showing inline suggestion tooltip v2; has candidates
03-02 13:04:05.053  1317  1879 I native  : I0302 13:04:05.053198    1879 input-context-store.cc:238] Ignoring stale client request for FetchSuggestions
03-02 13:04:05.113  1317  1317 W InputContextProxy: InputContextProxy.applyClientDiffInternal():892 Ignore [FetchSuggestions] diff due to stale request: 31560<31563, inputStateId=31377, lastInputStateId=31377
03-02 13:04:05.113  1317  1317 I InlineSuggestionCandidateViewController: InlineSuggestionCandidateViewController.textCandidatesUpdated():621 Not showing inline suggestion tooltip v2; has candidates
03-02 13:04:05.146  1317  1317 I InlineSuggestionCandidateViewController: InlineSuggestionCandidateViewController.textCandidatesUpdated():621 Not showing inline suggestion tooltip v2; has candidates
03-02 13:04:05.165  1317  1317 I KeyboardViewController: KeyboardViewController.lambda$showSelfAndAncestors$6():594 current view doesn't has the priority com.google.android.apps.inputmethod.libs.framework.keyboard.widget.AccessPointsBar{b1e2ac8 I.E...... ......ID 95,0-975,116 #7f0b0017 app:id/0_resource_name_obfuscated} to show itself, DEFAULT
03-02 13:04:05.165  1317  1317 W InputContextProxy: InputContextProxy.applyClientDiffInternal():892 Ignore [FetchSuggestions] diff due to stale request: 31567<31569, inputStateId=31382, lastInputStateId=31383
03-02 13:04:05.197  1317  1317 W InputContextProxy: InputContextProxy.applyClientDiffInternal():892 Ignore [FetchSuggestions] diff due to stale request: 31569<31571, inputStateId=31384, lastInputStateId=31385
03-02 13:04:05.214  1317  1317 W InputContextProxy: InputContextProxy.applyClientDiffInternal():892 Ignore [FetchSuggestions] diff due to stale request: 31571<31572, inputStateId=31386, lastInputStateId=31387
03-02 13:04:05.279  1317  1317 W InputContextProxy: InputContextProxy.applyClientDiffInternal():892 Ignore [FetchSuggestions] diff due to stale request: 31573<31575, inputStateId=31388, lastInputStateId=31389
03-02 13:04:05.311  1317  1317 I InlineSuggestionCandidateViewController: InlineSuggestionCandidateViewController.textCandidatesUpdated():621 Not showing inline suggestion tooltip v2; has candidates
03-02 13:04:05.332  1317  1317 I InlineSuggestionCandidateViewController: InlineSuggestionCandidateViewController.textCandidatesUpdated():621 Not showing inline suggestion tooltip v2; has candidates
03-02 13:04:05.430  8546  8613 D EGL_emulation: app_time_stats: avg=2.20ms min=1.64ms max=4.32ms count=44
03-02 13:04:05.434  1317  1317 W InputContextProxy: InputContextProxy.applyClientDiffInternal():892 Ignore [FetchSuggestions] diff due to stale request: 31579<31583, inputStateId=31396, lastInputStateId=31399
03-02 13:04:05.435  1317  1879 I native  : I0302 13:04:05.435534    1879 input-context-store.cc:238] Ignoring stale client request for FetchSuggestions
03-02 13:04:05.449  1317  1317 W InputContextProxy: InputContextProxy.applyClientDiffInternal():892 Ignore [FetchSuggestions] diff due to stale request: 31582<31586, inputStateId=31399, lastInputStateId=31401
03-02 13:04:05.449  1317  1317 W InputContextProxy: InputContextProxy.applyClientDiffInternal():892 Ignore [FetchSuggestions] diff due to stale request: 31584<31586, inputStateId=31400, lastInputStateId=31401
03-02 13:04:05.464  1317  1317 W InputContextProxy: InputContextProxy.applyClientDiffInternal():892 Ignore [FetchSuggestions] diff due to stale request: 31586<31588, inputStateId=31402, lastInputStateId=31403
03-02 13:04:05.514  1317  1317 W InputContextProxy: InputContextProxy.applyClientDiffInternal():892 Ignore [FetchSuggestions] diff due to stale request: 31588<31590, inputStateId=31404, lastInputStateId=31405
03-02 13:04:05.516  1317  1317 I InlineSuggestionCandidateViewController: InlineSuggestionCandidateViewController.textCandidatesUpdated():621 Not showing inline suggestion tooltip v2; has candidates
03-02 13:04:05.550  1317  1670 D EGL_emulation: app_time_stats: avg=72.84ms min=15.80ms max=182.27ms count=14
03-02 13:04:05.550  1317  1879 I native  : I0302 13:04:05.550433    1879 input-context-store.cc:161] Ignoring stale client request for FetchSuggestions
03-02 13:04:05.578  1317  1317 W InputContextProxy: InputContextProxy.applyClientDiffInternal():892 Ignore [FetchSuggestions] diff due to stale request: 31592<31595, inputStateId=0, lastInputStateId=31410
03-02 13:04:05.580  1317  1317 W InputContextProxy: InputContextProxy.applyClientDiffInternal():892 Ignore [FetchSuggestions] diff due to stale request: 31595<31596, inputStateId=31411, lastInputStateId=31412
03-02 13:04:05.597  1317  1317 W InputContextProxy: InputContextProxy.applyClientDiffInternal():892 Ignore [FetchSuggestions] diff due to stale request: 31597<31599, inputStateId=31413, lastInputStateId=31414
03-02 13:04:05.662  1317  1317 I InlineSuggestionCandidateViewController: InlineSuggestionCandidateViewController.textCandidatesUpdated():621 Not showing inline suggestion tooltip v2; has candidates
03-02 13:04:05.665  1317  1317 I KeyboardViewController: KeyboardViewController.lambda$showSelfAndAncestors$6():594 current view doesn't has the priority com.google.android.apps.inputmethod.libs.framework.keyboard.widget.AccessPointsBar{b1e2ac8 I.E...... ......ID 95,0-975,116 #7f0b0017 app:id/0_resource_name_obfuscated} to show itself, DEFAULT
03-02 13:04:05.699  1317  1317 W InputContextProxy: InputContextProxy.applyClientDiffInternal():892 Ignore [FetchSuggestions] diff due to stale request: 31601<31603, inputStateId=31417, lastInputStateId=31418
03-02 13:04:05.713  1317  1317 W InputContextProxy: InputContextProxy.applyClientDiffInternal():892 Ignore [FetchSuggestions] diff due to stale request: 31603<31605, inputStateId=31419, lastInputStateId=31420
03-02 13:04:05.730  1317  1317 I InlineSuggestionCandidateViewController: InlineSuggestionCandidateViewController.textCandidatesUpdated():621 Not showing inline suggestion tooltip v2; has candidates
03-02 13:04:05.765  1317  1317 W InputContextProxy: InputContextProxy.applyClientDiffInternal():892 Ignore [FetchSuggestions] diff due to stale request: 31607<31609, inputStateId=31423, lastInputStateId=31424
03-02 13:04:05.765  1317  1317 I InlineSuggestionCandidateViewController: InlineSuggestionCandidateViewController.textCandidatesUpdated():621 Not showing inline suggestion tooltip v2; has candidates
03-02 13:04:05.797  1317  1317 W InputContextProxy: InputContextProxy.applyClientDiffInternal():892 Ignore [FetchSuggestions] diff due to stale request: 31611<31615, inputStateId=31428, lastInputStateId=31431
03-02 13:04:05.798  1317  1879 I native  : I0302 13:04:05.798284    1879 input-context-store.cc:238] Ignoring stale client request for FetchSuggestions
03-02 13:04:05.829  1317  1317 W InputContextProxy: InputContextProxy.applyClientDiffInternal():892 Ignore [FetchSuggestions] diff due to stale request: 31614<31616, inputStateId=31431, lastInputStateId=31431
03-02 13:04:05.830  1317  1317 W InputContextProxy: InputContextProxy.applyClientDiffInternal():892 Ignore [FetchSuggestions] diff due to stale request: 31616<31617, inputStateId=31432, lastInputStateId=31433
03-02 13:04:05.864  1317  1317 W InputContextProxy: InputContextProxy.applyClientDiffInternal():892 Ignore [FetchSuggestions] diff due to stale request: 31618<31620, inputStateId=31434, lastInputStateId=31435
03-02 13:04:05.881  1317  1317 W InputContextProxy: InputContextProxy.applyClientDiffInternal():892 Ignore [FetchSuggestions] diff due to stale request: 31620<31622, inputStateId=31436, lastInputStateId=31437
03-02 13:04:05.914  1317  1317 W InputContextProxy: InputContextProxy.applyClientDiffInternal():892 Ignore [FetchSuggestions] diff due to stale request: 31622<31623, inputStateId=31438, lastInputStateId=31439
03-02 13:04:05.931  1317  1317 I InlineSuggestionCandidateViewController: InlineSuggestionCandidateViewController.textCandidatesUpdated():621 Not showing inline suggestion tooltip v2; has candidates
03-02 13:04:05.947  1317  1317 W InputContextProxy: InputContextProxy.applyClientDiffInternal():892 Ignore [FetchSuggestions] diff due to stale request: 31626<31627, inputStateId=31442, lastInputStateId=31443
03-02 13:04:05.962  1317  1317 I InlineSuggestionCandidateViewController: InlineSuggestionCandidateViewController.textCandidatesUpdated():621 Not showing inline suggestion tooltip v2; has candidates
03-02 13:04:05.981  1317  1317 W InputContextProxy: InputContextProxy.applyClientDiffInternal():892 Ignore [FetchSuggestions] diff due to stale request: 31630<31632, inputStateId=31446, lastInputStateId=31447
03-02 13:04:05.997  1317  1317 W InputContextProxy: InputContextProxy.applyClientDiffInternal():892 Ignore [FetchSuggestions] diff due to stale request: 31632<31633, inputStateId=31448, lastInputStateId=31449
03-02 13:04:06.013  1317  1317 W InputContextProxy: InputContextProxy.applyClientDiffInternal():892 Ignore [FetchSuggestions] diff due to stale request: 31634<31636, inputStateId=31450, lastInputStateId=31451
03-02 13:04:06.095  1317  1317 I InlineSuggestionCandidateViewController: InlineSuggestionCandidateViewController.textCandidatesUpdated():621 Not showing inline suggestion tooltip v2; has candidates
03-02 13:04:06.129  1317  1317 I InlineSuggestionCandidateViewController: InlineSuggestionCandidateViewController.textCandidatesUpdated():621 Not showing inline suggestion tooltip v2; has candidates
03-02 13:04:06.151  1317  1317 W InputContextProxy: InputContextProxy.applyClientDiffInternal():892 Ignore [FetchSuggestions] diff due to stale request: 31640<31644, inputStateId=31457, lastInputStateId=31460
03-02 13:04:06.152  1317  1879 I native  : I0302 13:04:06.152222    1879 input-context-store.cc:238] Ignoring stale client request for FetchSuggestions
03-02 13:04:06.178  1317  1317 W InputContextProxy: InputContextProxy.applyClientDiffInternal():892 Ignore [FetchSuggestions] diff due to stale request: 31643<31645, inputStateId=31460, lastInputStateId=31460
03-02 13:04:06.178  1317  1317 I InlineSuggestionCandidateViewController: InlineSuggestionCandidateViewController.textCandidatesUpdated():621 Not showing inline suggestion tooltip v2; has candidates
03-02 13:04:06.214  1317  1317 W InputContextProxy: InputContextProxy.applyClientDiffInternal():892 Ignore [FetchSuggestions] diff due to stale request: 31647<31649, inputStateId=31463, lastInputStateId=31464
03-02 13:04:06.232  1317  1317 W InputContextProxy: InputContextProxy.applyClientDiffInternal():892 Ignore [FetchSuggestions] diff due to stale request: 31649<31651, inputStateId=31465, lastInputStateId=31466
03-02 13:04:06.264  1317  1317 W InputContextProxy: InputContextProxy.applyClientDiffInternal():892 Ignore [FetchSuggestions] diff due to stale request: 31651<31653, inputStateId=31467, lastInputStateId=31468
03-02 13:04:06.264  1317  1317 I KeyboardViewController: KeyboardViewController.lambda$showSelfAndAncestors$6():594 current view doesn't has the priority com.google.android.apps.inputmethod.libs.framework.keyboard.widget.AccessPointsBar{b1e2ac8 I.E...... ......ID 95,0-975,116 #7f0b0017 app:id/0_resource_name_obfuscated} to show itself, DEFAULT
03-02 13:04:06.278  1317  1317 I InlineSuggestionCandidateViewController: InlineSuggestionCandidateViewController.textCandidatesUpdated():621 Not showing inline suggestion tooltip v2; has candidates
03-02 13:04:06.446  8546  8613 D EGL_emulation: app_time_stats: avg=2.15ms min=1.61ms max=9.34ms count=47
03-02 13:04:06.449  1317  1317 E InputConnectionWrapper: InputConnectionWrapper.waitForInputConnectionFutureInternal():1486 Failed to get the input connection call's result.
03-02 13:04:06.449  1317  1317 E InputConnectionWrapper: java.util.concurrent.TimeoutException: Waited 100 milliseconds (plus 385125 nanoseconds delay) for ott@deddbd3[status=PENDING, info=[task=[running=[RUNNING ON ICWrapper-1], jeu@f731310]]]
03-02 13:04:06.449  1317  1317 E InputConnectionWrapper: 	at oqk.get(PG:50)
03-02 13:04:06.449  1317  1317 E InputConnectionWrapper: 	at jfe.u(PG:2)
03-02 13:04:06.449  1317  1317 E InputConnectionWrapper: 	at jfe.t(PG:2)
03-02 13:04:06.449  1317  1317 E InputConnectionWrapper: 	at jfd.e(PG:8)
03-02 13:04:06.449  1317  1317 E InputConnectionWrapper: 	at jfm.D(PG:1)
03-02 13:04:06.449  1317  1317 E InputConnectionWrapper: 	at jfm.x(PG:1)
03-02 13:04:06.449  1317  1317 E InputConnectionWrapper: 	at jfm.c(PG:5)
03-02 13:04:06.449  1317  1317 E InputConnectionWrapper: 	at jfe.b(PG:14)
03-02 13:04:06.449  1317  1317 E InputConnectionWrapper: 	at dro.onUpdateSelection(PG:5)
03-02 13:04:06.449  1317  1317 E InputConnectionWrapper: 	at android.inputmethodservice.InputMethodService$InputMethodSessionImpl.updateSelection(InputMethodService.java:1020)
03-02 13:04:06.449  1317  1317 E InputConnectionWrapper: 	at android.inputmethodservice.IInputMethodSessionWrapper.executeMessage(IInputMethodSessionWrapper.java:105)
03-02 13:04:06.449  1317  1317 E InputConnectionWrapper: 	at com.android.internal.os.HandlerCaller$MyHandler.handleMessage(HandlerCaller.java:44)
03-02 13:04:06.449  1317  1317 E InputConnectionWrapper: 	at android.os.Handler.dispatchMessage(Handler.java:106)
03-02 13:04:06.449  1317  1317 E InputConnectionWrapper: 	at android.os.Looper.loopOnce(Looper.java:201)
03-02 13:04:06.449  1317  1317 E InputConnectionWrapper: 	at android.os.Looper.loop(Looper.java:288)
03-02 13:04:06.449  1317  1317 E InputConnectionWrapper: 	at android.app.ActivityThread.main(ActivityThread.java:7839)
03-02 13:04:06.449  1317  1317 E InputConnectionWrapper: 	at java.lang.reflect.Method.invoke(Native Method)
03-02 13:04:06.449  1317  1317 E InputConnectionWrapper: 	at com.android.internal.os.RuntimeInit$MethodAndArgsCaller.run(RuntimeInit.java:548)
03-02 13:04:06.449  1317  1317 E InputConnectionWrapper: 	at com.android.internal.os.ZygoteInit.main(ZygoteInit.java:1003)
03-02 13:04:06.449  1317  1317 W InputConnectionWrapper: InputConnectionWrapper.recordDuration():1449 IPC IC_GET_SURROUNDING_TEXT took 103 ms
03-02 13:04:06.613  1317  1879 I native  : I0302 13:04:06.613032    1879 input-context-store.cc:178] Using roll back input context for operation: [FetchSuggestions] rolled back operation: [OverrideDecodedCandidates] reason: client [31472] vs decoder [31474]
03-02 13:04:06.614  1317  1317 W InputContextProxy: InputContextProxy.applyClientDiffInternal():892 Ignore [FetchSuggestions] diff due to stale request: 31655<31658, inputStateId=31471, lastInputStateId=31472
03-02 13:04:06.614  1317  1317 W InputContextProxy: InputContextProxy.applyClientDiffInternal():892 Ignore [FetchSuggestions] diff due to stale request: 31657<31658, inputStateId=31474, lastInputStateId=31472
03-02 13:04:06.614  1317  1317 I InlineSuggestionCandidateViewController: InlineSuggestionCandidateViewController.textCandidatesUpdated():621 Not showing inline suggestion tooltip v2; has candidates
03-02 13:04:06.616  1317  1670 D EGL_emulation: app_time_stats: avg=82.06ms min=14.19ms max=381.94ms count=13
03-02 13:04:06.679  1317  1317 I InlineSuggestionCandidateViewController: InlineSuggestionCandidateViewController.textCandidatesUpdated():621 Not showing inline suggestion tooltip v2; has candidates
03-02 13:04:06.716  1317  1317 W InputContextProxy: InputContextProxy.applyClientDiffInternal():892 Ignore [FetchSuggestions] diff due to stale request: 31662<31666, inputStateId=31481, lastInputStateId=31484
03-02 13:04:06.716  1317  1879 I native  : I0302 13:04:06.716579    1879 input-context-store.cc:238] Ignoring stale client request for FetchSuggestions
03-02 13:04:06.732  1317  1317 W InputContextProxy: InputContextProxy.applyClientDiffInternal():892 Ignore [FetchSuggestions] diff due to stale request: 31665<31668, inputStateId=31484, lastInputStateId=31486
03-02 13:04:06.732  1317  1317 W InputContextProxy: InputContextProxy.applyClientDiffInternal():892 Ignore [FetchSuggestions] diff due to stale request: 31667<31668, inputStateId=31485, lastInputStateId=31486
03-02 13:04:06.735  1317  1317 I Environment: Environment.isPackageInstalled():311 com.bitstrips.imoji is not installed
03-02 13:04:06.736  1317  1317 I InlineSuggestionCandidateViewController: InlineSuggestionCandidateViewController.textCandidatesUpdated():621 Not showing inline suggestion tooltip v2; has candidates
03-02 13:04:06.764  1317  1317 W InputContextProxy: InputContextProxy.applyClientDiffInternal():892 Ignore [FetchSuggestions] diff due to stale request: 31671<31673, inputStateId=31489, lastInputStateId=31490
03-02 13:04:06.782  1317  1317 W InputContextProxy: InputContextProxy.applyClientDiffInternal():892 Ignore [FetchSuggestions] diff due to stale request: 31673<31675, inputStateId=31491, lastInputStateId=31492
03-02 13:04:06.827  1317  1317 I InlineSuggestionCandidateViewController: InlineSuggestionCandidateViewController.textCandidatesUpdated():621 Not showing inline suggestion tooltip v2; has candidates
03-02 13:04:06.831  1317  1317 I KeyboardViewController: KeyboardViewController.lambda$showSelfAndAncestors$6():594 current view doesn't has the priority com.google.android.apps.inputmethod.libs.framework.keyboard.widget.AccessPointsBar{b1e2ac8 I.E...... ......ID 95,0-975,116 #7f0b0017 app:id/0_resource_name_obfuscated} to show itself, DEFAULT
03-02 13:04:06.879  1317  1317 W InputContextProxy: InputContextProxy.applyClientDiffInternal():892 Ignore [FetchSuggestions] diff due to stale request: 31677<31679, inputStateId=31495, lastInputStateId=31496
03-02 13:04:06.900  1317  1879 W Delight5Decoder: Delight5DecoderWrapper.shouldAbandonMessage():1874 Detected old [FetchSuggestions] request in background: 31681<31682
03-02 13:04:06.901  1317  1317 W InputContextProxy: InputContextProxy.applyClientDiffInternal():892 Ignore [FetchSuggestions] diff due to stale request: 31679<31682, inputStateId=31498, lastInputStateId=31500
03-02 13:04:06.930  1317  1317 I InlineSuggestionCandidateViewController: InlineSuggestionCandidateViewController.textCandidatesUpdated():621 Not showing inline suggestion tooltip v2; has candidates
03-02 13:04:06.948  1317  1317 W InputContextProxy: InputContextProxy.applyClientDiffInternal():892 Ignore [FetchSuggestions] diff due to stale request: 31686<31687, inputStateId=31504, lastInputStateId=31505
03-02 13:04:06.964  1317  1317 W InputContextProxy: InputContextProxy.applyClientDiffInternal():892 Ignore [FetchSuggestions] diff due to stale request: 31688<31690, inputStateId=31506, lastInputStateId=31507
03-02 13:04:07.063  1317  1317 W InputContextProxy: InputContextProxy.applyClientDiffInternal():892 Ignore [FetchSuggestions] diff due to stale request: 31690<31692, inputStateId=31508, lastInputStateId=31509
03-02 13:04:07.063  1317  1317 I KeyboardViewController: KeyboardViewController.lambda$showSelfAndAncestors$6():594 current view doesn't has the priority com.google.android.apps.inputmethod.libs.framework.keyboard.widget.AccessPointsBar{b1e2ac8 I.E...... ......ID 95,0-975,116 #7f0b0017 app:id/0_resource_name_obfuscated} to show itself, DEFAULT
03-02 13:04:07.082  1317  1879 I native  : I0302 13:04:07.082756    1879 input-context-store.cc:238] Ignoring stale client request for FetchSuggestions
03-02 13:04:07.086  1317  1317 W InputContextProxy: InputContextProxy.applyClientDiffInternal():892 Ignore [FetchSuggestions] diff due to stale request: 31692<31697, inputStateId=31511, lastInputStateId=31514
03-02 13:04:07.086  1317  1317 W InputContextProxy: InputContextProxy.applyClientDiffInternal():892 Ignore [FetchSuggestions] diff due to stale request: 31694<31697, inputStateId=31514, lastInputStateId=31514
03-02 13:04:07.111  1317  1317 I InlineSuggestionCandidateViewController: InlineSuggestionCandidateViewController.textCandidatesUpdated():621 Not showing inline suggestion tooltip v2; has candidates
03-02 13:04:07.181  1317  1317 W InputContextProxy: InputContextProxy.applyClientDiffInternal():892 Ignore [FetchSuggestions] diff due to stale request: 31699<31701, inputStateId=31517, lastInputStateId=31518
03-02 13:04:07.181  1317  1317 I KeyboardViewController: KeyboardViewController.lambda$showSelfAndAncestors$6():594 current view doesn't has the priority com.google.android.apps.inputmethod.libs.framework.keyboard.widget.AccessPointsBar{b1e2ac8 I.E...... ......ID 95,0-975,116 #7f0b0017 app:id/0_resource_name_obfuscated} to show itself, DEFAULT
03-02 13:04:07.181  1317  1317 I InlineSuggestionCandidateViewController: InlineSuggestionCandidateViewController.textCandidatesUpdated():621 Not showing inline suggestion tooltip v2; has candidates
03-02 13:04:07.201  1317  1879 I native  : I0302 13:04:07.201077    1879 input-context-store.cc:238] Ignoring stale client request for FetchSuggestions
03-02 13:04:07.230  1317  1317 W InputContextProxy: InputContextProxy.applyClientDiffInternal():892 Ignore [FetchSuggestions] diff due to stale request: 31703<31706, inputStateId=31523, lastInputStateId=31523
03-02 13:04:07.230  1317  1317 I InlineSuggestionCandidateViewController: InlineSuggestionCandidateViewController.textCandidatesUpdated():621 Not showing inline suggestion tooltip v2; has candidates
03-02 13:04:07.251  1317  1317 W InputContextProxy: InputContextProxy.applyClientDiffInternal():892 Ignore [FetchSuggestions] diff due to stale request: 31708<31710, inputStateId=31526, lastInputStateId=31527
03-02 13:04:07.264  1317  1317 W InputContextProxy: InputContextProxy.applyClientDiffInternal():892 Ignore [FetchSuggestions] diff due to stale request: 31710<31711, inputStateId=31528, lastInputStateId=31529
03-02 13:04:07.298  1317  1317 I InlineSuggestionCandidateViewController: InlineSuggestionCandidateViewController.textCandidatesUpdated():621 Not showing inline suggestion tooltip v2; has candidates
03-02 13:04:07.300  1317  1317 I KeyboardViewController: KeyboardViewController.lambda$showSelfAndAncestors$6():594 current view doesn't has the priority com.google.android.apps.inputmethod.libs.framework.keyboard.widget.AccessPointsBar{b1e2ac8 I.E...... ......ID 95,0-975,116 #7f0b0017 app:id/0_resource_name_obfuscated} to show itself, DEFAULT
03-02 13:04:07.333  1317  1317 W InputContextProxy: InputContextProxy.applyClientDiffInternal():892 Ignore [FetchSuggestions] diff due to stale request: 31714<31716, inputStateId=31532, lastInputStateId=31533
03-02 13:04:07.364  1317  1317 W InputContextProxy: InputContextProxy.applyClientDiffInternal():892 Ignore [FetchSuggestions] diff due to stale request: 31716<31718, inputStateId=31534, lastInputStateId=31535
03-02 13:04:07.433  1317  1317 W InputContextProxy: InputContextProxy.applyClientDiffInternal():892 Ignore [FetchSuggestions] diff due to stale request: 31718<31719, inputStateId=31536, lastInputStateId=31537
03-02 13:04:07.465  8546  8613 D EGL_emulation: app_time_stats: avg=2.27ms min=1.60ms max=6.65ms count=48
03-02 13:04:07.466  1317  1317 I InlineSuggestionCandidateViewController: InlineSuggestionCandidateViewController.textCandidatesUpdated():621 Not showing inline suggestion tooltip v2; has candidates
03-02 13:04:07.500  1317  1879 I native  : I0302 13:04:07.500931    1879 input-context-store.cc:238] Ignoring stale client request for FetchSuggestions
03-02 13:04:07.501  1317  1317 W InputContextProxy: InputContextProxy.applyClientDiffInternal():892 Ignore [FetchSuggestions] diff due to stale request: 31722<31727, inputStateId=31541, lastInputStateId=31544
03-02 13:04:07.501  1317  1317 W InputContextProxy: InputContextProxy.applyClientDiffInternal():892 Ignore [FetchSuggestions] diff due to stale request: 31725<31727, inputStateId=31544, lastInputStateId=31544
03-02 13:04:07.502  1317  1317 I InlineSuggestionCandidateViewController: InlineSuggestionCandidateViewController.textCandidatesUpdated():621 Not showing inline suggestion tooltip v2; has candidates
03-02 13:04:07.563  1317  1317 I InlineSuggestionCandidateViewController: InlineSuggestionCandidateViewController.textCandidatesUpdated():621 Not showing inline suggestion tooltip v2; has candidates
03-02 13:04:07.584  1317  1879 I native  : I0302 13:04:07.584462    1879 input-context-store.cc:238] Ignoring stale client request for FetchSuggestions
03-02 13:04:07.584  1317  1317 W InputContextProxy: InputContextProxy.applyClientDiffInternal():892 Ignore [FetchSuggestions] diff due to stale request: 31731<31734, inputStateId=31551, lastInputStateId=31551
03-02 13:04:07.586  1317  1317 I InlineSuggestionCandidateViewController: InlineSuggestionCandidateViewController.textCandidatesUpdated():621 Not showing inline suggestion tooltip v2; has candidates
03-02 13:04:07.597  1317  1317 I KeyboardViewController: KeyboardViewController.lambda$showSelfAndAncestors$6():594 current view doesn't has the priority com.google.android.apps.inputmethod.libs.framework.keyboard.widget.AccessPointsBar{b1e2ac8 I.E...... ......ID 95,0-975,116 #7f0b0017 app:id/0_resource_name_obfuscated} to show itself, DEFAULT
03-02 13:04:07.634  1317  1670 D EGL_emulation: app_time_stats: avg=56.51ms min=11.44ms max=168.20ms count=18
03-02 13:04:07.680  1317  1317 W InputContextProxy: InputContextProxy.applyClientDiffInternal():892 Ignore [FetchSuggestions] diff due to stale request: 31739<31741, inputStateId=31556, lastInputStateId=31557
03-02 13:04:07.683  1317  1317 I InlineSuggestionCandidateViewController: InlineSuggestionCandidateViewController.textCandidatesUpdated():621 Not showing inline suggestion tooltip v2; has candidates
03-02 13:04:07.697  1317  1879 I native  : I0302 13:04:07.697267    1879 input-context-store.cc:161] Ignoring stale client request for FetchSuggestions
03-02 13:04:07.697  1317  1879 I native  : I0302 13:04:07.697943    1879 input-context-store.cc:161] Ignoring stale client request for OverrideDecodedCandidates
03-02 13:04:07.699  1317  1317 W InputContextProxy: InputContextProxy.applyClientDiffInternal():892 Ignore [FetchSuggestions] diff due to stale request: 31743<31746, inputStateId=0, lastInputStateId=31562
03-02 13:04:07.729  1317  1317 I InlineSuggestionCandidateViewController: InlineSuggestionCandidateViewController.textCandidatesUpdated():621 Not showing inline suggestion tooltip v2; has candidates
03-02 13:04:07.730  1317  1317 I KeyboardViewController: KeyboardViewController.lambda$showSelfAndAncestors$6():594 current view doesn't has the priority com.google.android.apps.inputmethod.libs.framework.keyboard.widget.AccessPointsBar{b1e2ac8 I.E...... ......ID 95,0-975,116 #7f0b0017 app:id/0_resource_name_obfuscated} to show itself, DEFAULT
03-02 13:04:07.765  1317  1317 I InlineSuggestionCandidateViewController: InlineSuggestionCandidateViewController.textCandidatesUpdated():621 Not showing inline suggestion tooltip v2; has candidates
03-02 13:04:07.798  1317  1317 W InputContextProxy: InputContextProxy.applyClientDiffInternal():892 Ignore [FetchSuggestions] diff due to stale request: 31750<31752, inputStateId=31567, lastInputStateId=31568
03-02 13:04:07.798  1317  1317 I KeyboardViewController: KeyboardViewController.lambda$showSelfAndAncestors$6():594 current view doesn't has the priority com.google.android.apps.inputmethod.libs.framework.keyboard.widget.AccessPointsBar{b1e2ac8 I.E...... ......ID 95,0-975,116 #7f0b0017 app:id/0_resource_name_obfuscated} to show itself, DEFAULT
03-02 13:04:07.832  1317  1317 I InlineSuggestionCandidateViewController: InlineSuggestionCandidateViewController.textCandidatesUpdated():621 Not showing inline suggestion tooltip v2; has candidates
03-02 13:04:07.866  1317  1317 W InputContextProxy: InputContextProxy.applyClientDiffInternal():892 Ignore [FetchSuggestions] diff due to stale request: 31754<31756, inputStateId=31571, lastInputStateId=31572
03-02 13:04:07.882  1317  1317 W InputContextProxy: InputContextProxy.applyClientDiffInternal():892 Ignore [FetchSuggestions] diff due to stale request: 31756<31758, inputStateId=31573, lastInputStateId=31574
03-02 13:04:07.930  1317  1317 W InputContextProxy: InputContextProxy.applyClientDiffInternal():892 Ignore [FetchSuggestions] diff due to stale request: 31758<31760, inputStateId=31575, lastInputStateId=31576
03-02 13:04:07.950  1317  1317 W InputContextProxy: InputContextProxy.applyClientDiffInternal():892 Ignore [FetchSuggestions] diff due to stale request: 31760<31764, inputStateId=31578, lastInputStateId=31581
03-02 13:04:07.952  1317  1879 I native  : I0302 13:04:07.952464    1879 input-context-store.cc:238] Ignoring stale client request for FetchSuggestions
03-02 13:04:07.980  1317  1317 W InputContextProxy: InputContextProxy.applyClientDiffInternal():892 Ignore [FetchSuggestions] diff due to stale request: 31762<31765, inputStateId=31581, lastInputStateId=31581
03-02 13:04:07.980  1317  1317 I InlineSuggestionCandidateViewController: InlineSuggestionCandidateViewController.textCandidatesUpdated():621 Not showing inline suggestion tooltip v2; has candidates
03-02 13:04:07.999  1317  1317 W InputContextProxy: InputContextProxy.applyClientDiffInternal():892 Ignore [FetchSuggestions] diff due to stale request: 31767<31769, inputStateId=31584, lastInputStateId=31585
