03-02 13:04:24.216  1317  1317 W InputContextProxy: InputContextProxy.applyClientDiffInternal():892 Ignore [FetchSuggestions] diff due to stale request: 33003<33005, inputStateId=32823, lastInputStateId=32824
03-02 13:04:24.279  1317  1317 W InputContextProxy: InputContextProxy.applyClientDiffInternal():892 Ignore [FetchSuggestions] diff due to stale request: 33005<33007, inputStateId=32825, lastInputStateId=32826
03-02 13:04:24.280  1317  1317 I InlineSuggestionCandidateViewController: InlineSuggestionCandidateViewController.textCandidatesUpdated():621 Not showing inline suggestion tooltip v2; has candidates
03-02 13:04:24.321  1317  1879 I native  : I0302 13:04:24.321072    1879 input-context-store.cc:238] Ignoring stale client request for FetchSuggestions
03-02 13:04:24.345  1317  1317 W InputContextProxy: InputContextProxy.applyClientDiffInternal():892 Ignore [FetchSuggestions] diff due to stale request: 33009<33012, inputStateId=32831, lastInputStateId=32831
03-02 13:04:24.346  1317  1317 I InlineSuggestionCandidateViewController: InlineSuggestionCandidateViewController.textCandidatesUpdated():621 Not showing inline suggestion tooltip v2; has candidates
03-02 13:04:24.382  1317  1317 W InputContextProxy: InputContextProxy.applyClientDiffInternal():892 Ignore [FetchSuggestions] diff due to stale request: 33014<33016, inputStateId=32834, lastInputStateId=32835
03-02 13:04:24.395  1317  1317 I InlineSuggestionCandidateViewController: InlineSuggestionCandidateViewController.textCandidatesUpdated():621 Not showing inline suggestion tooltip v2; has candidates
03-02 13:04:24.431  1317  1317 W InputContextProxy: InputContextProxy.applyClientDiffInternal():892 Ignore [FetchSuggestions] diff due to stale request: 33018<33020, inputStateId=32838, lastInputStateId=32839
03-02 13:04:24.431  1317  1317 I KeyboardViewController: KeyboardViewController.lambda$showSelfAndAncestors$6():594 current view doesn't has the priority com.google.android.apps.inputmethod.libs.framework.keyboard.widget.AccessPointsBar{b1e2ac8 I.E...... ......ID 95,0-975,116 #7f0b0017 app:id/0_resource_name_obfuscated} to show itself, DEFAULT
03-02 13:04:24.497  1317  1317 W InputContextProxy: InputContextProxy.applyClientDiffInternal():892 Ignore [FetchSuggestions] diff due to stale request: 33020<33021, inputStateId=32840, lastInputStateId=32841
03-02 13:04:24.514  1317  1317 W InputContextProxy: InputContextProxy.applyClientDiffInternal():892 Ignore [FetchSuggestions] diff due to stale request: 33022<33026, inputStateId=32843, lastInputStateId=32846
03-02 13:04:24.516  1317  1879 I native  : I0302 13:04:24.516470    1879 input-context-store.cc:238] Ignoring stale client request for FetchSuggestions
03-02 13:04:24.530  1317  1317 W InputContextProxy: InputContextProxy.applyClientDiffInternal():892 Ignore [FetchSuggestions] diff due to stale request: 33024<33030, inputStateId=32846, lastInputStateId=32849
03-02 13:04:24.530  1317  1317 W InputContextProxy: InputContextProxy.applyClientDiffInternal():892 Ignore [FetchSuggestions] diff due to stale request: 33027<33030, inputStateId=32847, lastInputStateId=32849
03-02 13:04:24.533  1317  1670 D EGL_emulation: app_time_stats: avg=83.03ms min=18.15ms max=250.66ms count=13
03-02 13:04:24.536  1317  1317 I InlineSuggestionCandidateViewController: InlineSuggestionCandidateViewController.textCandidatesUpdated():621 Not showing inline suggestion tooltip v2; has candidates
03-02 13:04:24.548  1317  1317 I InlineSuggestionCandidateViewController: InlineSuggestionCandidateViewController.textCandidatesUpdated():621 Not showing inline suggestion tooltip v2; has candidates
03-02 13:04:24.580  1317  1317 W InputContextProxy: InputContextProxy.applyClientDiffInternal():892 Ignore [FetchSuggestions] diff due to stale request: 33034<33036, inputStateId=32854, lastInputStateId=32855
03-02 13:04:24.582  1317  1317 I InlineSuggestionCandidateViewController: InlineSuggestionCandidateViewController.textCandidatesUpdated():621 Not showing inline suggestion tooltip v2; has candidates
03-02 13:04:24.647  1317  1317 I KeyboardViewController: KeyboardViewController.lambda$showSelfAndAncestors$6():594 current view doesn't has the priority com.google.android.apps.inputmethod.libs.framework.keyboard.widget.AccessPointsBar{b1e2ac8 I.E...... ......ID 95,0-975,116 #7f0b0017 app:id/0_resource_name_obfuscated} to show itself, DEFAULT
03-02 13:04:24.662  8546  8613 D EGL_emulation: app_time_stats: avg=2.44ms min=1.79ms max=5.91ms count=50
03-02 13:04:24.665  1317  1317 W InputContextProxy: InputContextProxy.applyClientDiffInternal():892 Ignore [FetchSuggestions] diff due to stale request: 33038<33042, inputStateId=32859, lastInputStateId=32862
03-02 13:04:24.668  1317  1879 I native  : I0302 13:04:24.668929    1879 input-context-store.cc:238] Ignoring stale client request for FetchSuggestions
03-02 13:04:24.714  1317  1317 W InputContextProxy: InputContextProxy.applyClientDiffInternal():892 Ignore [FetchSuggestions] diff due to stale request: 33040<33047, inputStateId=32862, lastInputStateId=32866
03-02 13:04:24.714  1317  1317 W InputContextProxy: InputContextProxy.applyClientDiffInternal():892 Ignore [FetchSuggestions] diff due to stale request: 33043<33047, inputStateId=32863, lastInputStateId=32866
03-02 13:04:24.717  1317  1879 I native  : I0302 13:04:24.717126    1879 input-context-store.cc:238] Ignoring stale client request for FetchSuggestions
03-02 13:04:24.745  1317  1317 W InputContextProxy: InputContextProxy.applyClientDiffInternal():892 Ignore [FetchSuggestions] diff due to stale request: 33046<33048, inputStateId=32866, lastInputStateId=32866
03-02 13:04:24.746  1317  1317 I InlineSuggestionCandidateViewController: InlineSuggestionCandidateViewController.textCandidatesUpdated():621 Not showing inline suggestion tooltip v2; has candidates
03-02 13:04:24.765  1317  1317 W InputContextProxy: InputContextProxy.applyClientDiffInternal():892 Ignore [FetchSuggestions] diff due to stale request: 33050<33052, inputStateId=32869, lastInputStateId=32870
03-02 13:04:24.765  1317  1317 I KeyboardViewController: KeyboardViewController.lambda$showSelfAndAncestors$6():594 current view doesn't has the priority com.google.android.apps.inputmethod.libs.framework.keyboard.widget.AccessPointsBar{b1e2ac8 I.E...... ......ID 95,0-975,116 #7f0b0017 app:id/0_resource_name_obfuscated} to show itself, DEFAULT
03-02 13:04:24.781  1317  1317 W InputContextProxy: InputContextProxy.applyClientDiffInternal():892 Ignore [FetchSuggestions] diff due to stale request: 33052<33054, inputStateId=32871, lastInputStateId=32872
03-02 13:04:24.799  1317  1317 W InputContextProxy: InputContextProxy.applyClientDiffInternal():892 Ignore [FetchSuggestions] diff due to stale request: 33054<33055, inputStateId=32873, lastInputStateId=32874
03-02 13:04:24.847  1317  1317 W InputContextProxy: InputContextProxy.applyClientDiffInternal():892 Ignore [FetchSuggestions] diff due to stale request: 33056<33057, inputStateId=32875, lastInputStateId=32876
03-02 13:04:24.881  1317  1317 W InputContextProxy: InputContextProxy.applyClientDiffInternal():892 Ignore [FetchSuggestions] diff due to stale request: 33058<33061, inputStateId=32878, lastInputStateId=32880
03-02 13:04:24.881  1317  1879 I native  : I0302 13:04:24.881374    1879 input-context-store.cc:161] Ignoring stale client request for FetchSuggestions
03-02 13:04:24.882  1317  1879 I native  : I0302 13:04:24.882300    1879 input-context-store.cc:161] Ignoring stale client request for OverrideDecodedCandidates
03-02 13:04:24.893  1317  1317 W InputContextProxy: InputContextProxy.applyClientDiffInternal():892 Ignore [FetchSuggestions] diff due to stale request: 33060<33061, inputStateId=0, lastInputStateId=32880
03-02 13:04:24.912  1317  1317 I InlineSuggestionCandidateViewController: InlineSuggestionCandidateViewController.textCandidatesUpdated():621 Not showing inline suggestion tooltip v2; has candidates
03-02 13:04:24.931  1317  1317 W InputContextProxy: InputContextProxy.applyClientDiffInternal():892 Ignore [FetchSuggestions] diff due to stale request: 33065<33067, inputStateId=32884, lastInputStateId=32885
03-02 13:04:24.963  1317  1317 W InputContextProxy: InputContextProxy.applyClientDiffInternal():892 Ignore [FetchSuggestions] diff due to stale request: 33067<33069, inputStateId=32886, lastInputStateId=32887
03-02 13:04:24.980  1317  1317 I InlineSuggestionCandidateViewController: InlineSuggestionCandidateViewController.textCandidatesUpdated():621 Not showing inline suggestion tooltip v2; has candidates
03-02 13:04:24.980  1317  1317 I KeyboardViewController: KeyboardViewController.lambda$showSelfAndAncestors$6():594 current view doesn't has the priority com.google.android.apps.inputmethod.libs.framework.keyboard.widget.AccessPointsBar{b1e2ac8 I.E...... ......ID 95,0-975,116 #7f0b0017 app:id/0_resource_name_obfuscated} to show itself, DEFAULT
03-02 13:04:24.998  1317  1317 W InputContextProxy: InputContextProxy.applyClientDiffInternal():892 Ignore [FetchSuggestions] diff due to stale request: 33071<33073, inputStateId=32890, lastInputStateId=32891
03-02 13:04:25.028  1317  1317 I InlineSuggestionCandidateViewController: InlineSuggestionCandidateViewController.textCandidatesUpdated():621 Not showing inline suggestion tooltip v2; has candidates
03-02 13:04:25.063  1317  1317 I InlineSuggestionCandidateViewController: InlineSuggestionCandidateViewController.textCandidatesUpdated():621 Not showing inline suggestion tooltip v2; has candidates
03-02 13:04:25.097  1317  1317 W InputContextProxy: InputContextProxy.applyClientDiffInternal():892 Ignore [FetchSuggestions] diff due to stale request: 33077<33081, inputStateId=32897, lastInputStateId=32900
03-02 13:04:25.100  1317  1879 I native  : I0302 13:04:25.100641    1879 input-context-store.cc:238] Ignoring stale client request for FetchSuggestions
03-02 13:04:25.129  1317  1317 W InputContextProxy: InputContextProxy.applyClientDiffInternal():892 Ignore [FetchSuggestions] diff due to stale request: 33080<33082, inputStateId=32900, lastInputStateId=32900
03-02 13:04:25.129  1317  1317 I InlineSuggestionCandidateViewController: InlineSuggestionCandidateViewController.textCandidatesUpdated():621 Not showing inline suggestion tooltip v2; has candidates
03-02 13:04:25.164  1317  1317 W InputContextProxy: InputContextProxy.applyClientDiffInternal():892 Ignore [FetchSuggestions] diff due to stale request: 33084<33088, inputStateId=32904, lastInputStateId=32907
03-02 13:04:25.197  1317  1317 I InlineSuggestionCandidateViewController: InlineSuggestionCandidateViewController.textCandidatesUpdated():621 Not showing inline suggestion tooltip v2; has candidates
03-02 13:04:25.198  1317  1317 I KeyboardViewController: KeyboardViewController.lambda$showSelfAndAncestors$6():594 current view doesn't has the priority com.google.android.apps.inputmethod.libs.framework.keyboard.widget.AccessPointsBar{b1e2ac8 I.E...... ......ID 95,0-975,116 #7f0b0017 app:id/0_resource_name_obfuscated} to show itself, DEFAULT
03-02 13:04:25.215  1317  1317 W InputContextProxy: InputContextProxy.applyClientDiffInternal():892 Ignore [FetchSuggestions] diff due to stale request: 33091<33093, inputStateId=32910, lastInputStateId=32911
03-02 13:04:25.230  1317  1317 W InputContextProxy: InputContextProxy.applyClientDiffInternal():892 Ignore [FetchSuggestions] diff due to stale request: 33093<33094, inputStateId=32912, lastInputStateId=32913
03-02 13:04:25.247  1317  1317 I InlineSuggestionCandidateViewController: InlineSuggestionCandidateViewController.textCandidatesUpdated():621 Not showing inline suggestion tooltip v2; has candidates
03-02 13:04:25.268  1317  1317 W InputContextProxy: InputContextProxy.applyClientDiffInternal():892 Ignore [FetchSuggestions] diff due to stale request: 33097<33099, inputStateId=32916, lastInputStateId=32917
03-02 13:04:25.268  1317  1317 I KeyboardViewController: KeyboardViewController.lambda$showSelfAndAncestors$6():594 current view doesn't has the priority com.google.android.apps.inputmethod.libs.framework.keyboard.widget.AccessPointsBar{b1e2ac8 I.E...... ......ID 95,0-975,116 #7f0b0017 app:id/0_resource_name_obfuscated} to show itself, DEFAULT
03-02 13:04:25.312  1317  1317 W InputContextProxy: InputContextProxy.applyClientDiffInternal():892 Ignore [FetchSuggestions] diff due to stale request: 33099<33101, inputStateId=32918, lastInputStateId=32919
03-02 13:04:25.348  1317  1879 I native  : I0302 13:04:25.348002    1879 input-context-store.cc:161] Ignoring stale client request for FetchSuggestions
03-02 13:04:25.348  1317  1879 I native  : I0302 13:04:25.348282    1879 input-context-store.cc:161] Ignoring stale client request for OverrideDecodedCandidates
03-02 13:04:25.348  1317  1317 W InputContextProxy: InputContextProxy.applyClientDiffInternal():892 Ignore [FetchSuggestions] diff due to stale request: 33101<33105, inputStateId=32921, lastInputStateId=32924
03-02 13:04:25.381  1317  1317 W InputContextProxy: InputContextProxy.applyClientDiffInternal():892 Ignore [FetchSuggestions] diff due to stale request: 33103<33108, inputStateId=0, lastInputStateId=32926
03-02 13:04:25.382  1317  1317 W InputContextProxy: InputContextProxy.applyClientDiffInternal():892 Ignore [FetchSuggestions] diff due to stale request: 33106<33108, inputStateId=32925, lastInputStateId=32926
03-02 13:04:25.397  1317  1317 W InputContextProxy: InputContextProxy.applyClientDiffInternal():892 Ignore [FetchSuggestions] diff due to stale request: 33108<33109, inputStateId=32927, lastInputStateId=32928
03-02 13:04:25.413  1317  1317 I InlineSuggestionCandidateViewController: InlineSuggestionCandidateViewController.textCandidatesUpdated():621 Not showing inline suggestion tooltip v2; has candidates
03-02 13:04:25.462  1317  1317 I InlineSuggestionCandidateViewController: InlineSuggestionCandidateViewController.textCandidatesUpdated():621 Not showing inline suggestion tooltip v2; has candidates
03-02 13:04:25.466  1317  1317 I KeyboardViewController: KeyboardViewController.lambda$showSelfAndAncestors$6():594 current view doesn't has the priority com.google.android.apps.inputmethod.libs.framework.keyboard.widget.AccessPointsBar{b1e2ac8 I.E...... ......ID 95,0-975,116 #7f0b0017 app:id/0_resource_name_obfuscated} to show itself, DEFAULT
03-02 13:04:25.532  1317  1317 W InputContextProxy: InputContextProxy.applyClientDiffInternal():892 Ignore [FetchSuggestions] diff due to stale request: 33114<33116, inputStateId=32933, lastInputStateId=32934
03-02 13:04:25.532  1317  1317 I InlineSuggestionCandidateViewController: InlineSuggestionCandidateViewController.textCandidatesUpdated():621 Not showing inline suggestion tooltip v2; has candidates
03-02 13:04:25.536  1317  1670 D EGL_emulation: app_time_stats: avg=58.99ms min=14.98ms max=128.22ms count=17
03-02 13:04:25.566  1317  1879 I native  : I0302 13:04:25.566648    1879 input-context-store.cc:238] Ignoring stale client request for FetchSuggestions
03-02 13:04:25.567  1317  1317 W InputContextProxy: InputContextProxy.applyClientDiffInternal():892 Ignore [FetchSuggestions] diff due to stale request: 33118<33121, inputStateId=32939, lastInputStateId=32939
03-02 13:04:25.568  1317  1317 I InlineSuggestionCandidateViewController: InlineSuggestionCandidateViewController.textCandidatesUpdated():621 Not showing inline suggestion tooltip v2; has candidates
03-02 13:04:25.599  1317  1879 W Delight5Decoder: Delight5DecoderWrapper.shouldAbandonMessage():1874 Detected old [FetchSuggestions] request in background: 33124<33125
03-02 13:04:25.646  1317  1317 I InlineSuggestionCandidateViewController: InlineSuggestionCandidateViewController.textCandidatesUpdated():621 Not showing inline suggestion tooltip v2; has candidates
03-02 13:04:25.663  8546  8613 D EGL_emulation: app_time_stats: avg=2.40ms min=1.82ms max=3.52ms count=51
03-02 13:04:25.670  1317  1317 W InputContextProxy: InputContextProxy.applyClientDiffInternal():892 Ignore [FetchSuggestions] diff due to stale request: 33128<33130, inputStateId=32946, lastInputStateId=32947
03-02 13:04:25.670  1317  1317 I KeyboardViewController: KeyboardViewController.lambda$showSelfAndAncestors$6():594 current view doesn't has the priority com.google.android.apps.inputmethod.libs.framework.keyboard.widget.AccessPointsBar{b1e2ac8 I.E...... ......ID 95,0-975,116 #7f0b0017 app:id/0_resource_name_obfuscated} to show itself, DEFAULT
03-02 13:04:25.681  1317  1317 W InputContextProxy: InputContextProxy.applyClientDiffInternal():892 Ignore [FetchSuggestions] diff due to stale request: 33130<33132, inputStateId=32948, lastInputStateId=32949
03-02 13:04:25.698  1317  1317 W InputContextProxy: InputContextProxy.applyClientDiffInternal():892 Ignore [FetchSuggestions] diff due to stale request: 33132<33133, inputStateId=32950, lastInputStateId=32951
03-02 13:04:25.698  1317  1317 I KeyboardViewController: KeyboardViewController.lambda$showSelfAndAncestors$6():594 current view doesn't has the priority com.google.android.apps.inputmethod.libs.framework.keyboard.widget.AccessPointsBar{b1e2ac8 I.E...... ......ID 95,0-975,116 #7f0b0017 app:id/0_resource_name_obfuscated} to show itself, DEFAULT
03-02 13:04:25.715  1317  1317 W InputContextProxy: InputContextProxy.applyClientDiffInternal():892 Ignore [FetchSuggestions] diff due to stale request: 33134<33136, inputStateId=32952, lastInputStateId=32953
03-02 13:04:25.730  1317  1317 W InputContextProxy: InputContextProxy.applyClientDiffInternal():892 Ignore [FetchSuggestions] diff due to stale request: 33136<33138, inputStateId=32954, lastInputStateId=32955
03-02 13:04:25.779  1317  1317 W InputContextProxy: InputContextProxy.applyClientDiffInternal():892 Ignore [FetchSuggestions] diff due to stale request: 33138<33140, inputStateId=32956, lastInputStateId=32957
03-02 13:04:25.895  1317  1317 I InlineSuggestionCandidateViewController: InlineSuggestionCandidateViewController.textCandidatesUpdated():621 Not showing inline suggestion tooltip v2; has candidates
03-02 13:04:25.947  1317  1317 W InputContextProxy: InputContextProxy.applyClientDiffInternal():892 Ignore [FetchSuggestions] diff due to stale request: 33146<33147, inputStateId=32964, lastInputStateId=32965
03-02 13:04:25.964  1317  1317 I InlineSuggestionCandidateViewController: InlineSuggestionCandidateViewController.textCandidatesUpdated():621 Not showing inline suggestion tooltip v2; has candidates
03-02 13:04:25.981  1317  1317 I InlineSuggestionCandidateViewController: InlineSuggestionCandidateViewController.textCandidatesUpdated():621 Not showing inline suggestion tooltip v2; has candidates
03-02 13:04:25.998  1317  1317 W InputContextProxy: InputContextProxy.applyClientDiffInternal():892 Ignore [FetchSuggestions] diff due to stale request: 33152<33154, inputStateId=32970, lastInputStateId=32971
03-02 13:04:26.014  1317  1317 W InputContextProxy: InputContextProxy.applyClientDiffInternal():892 Ignore [FetchSuggestions] diff due to stale request: 33154<33156, inputStateId=32972, lastInputStateId=32973
03-02 13:04:26.044  1317  1317 I InlineSuggestionCandidateViewController: InlineSuggestionCandidateViewController.textCandidatesUpdated():621 Not showing inline suggestion tooltip v2; has candidates
03-02 13:04:26.082  1317  1317 W InputContextProxy: InputContextProxy.applyClientDiffInternal():892 Ignore [FetchSuggestions] diff due to stale request: 33158<33160, inputStateId=32976, lastInputStateId=32977
03-02 13:04:26.095  1317  1317 W InputContextProxy: InputContextProxy.applyClientDiffInternal():892 Ignore [FetchSuggestions] diff due to stale request: 33160<33162, inputStateId=32978, lastInputStateId=32979
03-02 13:04:26.095  1317  1317 I InlineSuggestionCandidateViewController: InlineSuggestionCandidateViewController.textCandidatesUpdated():621 Not showing inline suggestion tooltip v2; has candidates
03-02 13:04:26.147  1317  1317 W InputContextProxy: InputContextProxy.applyClientDiffInternal():892 Ignore [FetchSuggestions] diff due to stale request: 33164<33167, inputStateId=32983, lastInputStateId=32985
03-02 13:04:26.152  1317  1317 W InputContextProxy: InputContextProxy.applyClientDiffInternal():892 Ignore [FetchSuggestions] diff due to stale request: 33167<33168, inputStateId=32986, lastInputStateId=32987
03-02 13:04:26.164  1317  1317 W InputContextProxy: InputContextProxy.applyClientDiffInternal():892 Ignore [FetchSuggestions] diff due to stale request: 33169<33170, inputStateId=32988, lastInputStateId=32989
03-02 13:04:26.180  1317  1317 W InputContextProxy: InputContextProxy.applyClientDiffInternal():892 Ignore [FetchSuggestions] diff due to stale request: 33171<33172, inputStateId=32990, lastInputStateId=32991
03-02 13:04:26.181  1317  1317 I InlineSuggestionCandidateViewController: InlineSuggestionCandidateViewController.textCandidatesUpdated():621 Not showing inline suggestion tooltip v2; has candidates
03-02 13:04:26.202  1317  1879 I native  : I0302 13:04:26.202199    1879 input-context-store.cc:238] Ignoring stale client request for FetchSuggestions
03-02 13:04:26.228  1317  1317 W InputContextProxy: InputContextProxy.applyClientDiffInternal():892 Ignore [FetchSuggestions] diff due to stale request: 33175<33178, inputStateId=32996, lastInputStateId=32996
03-02 13:04:26.229  1317  1317 I InlineSuggestionCandidateViewController: InlineSuggestionCandidateViewController.textCandidatesUpdated():621 Not showing inline suggestion tooltip v2; has candidates
03-02 13:04:26.230  1317  1317 I KeyboardViewController: KeyboardViewController.lambda$showSelfAndAncestors$6():594 current view doesn't has the priority com.google.android.apps.inputmethod.libs.framework.keyboard.widget.AccessPointsBar{b1e2ac8 I.E...... ......ID 95,0-975,116 #7f0b0017 app:id/0_resource_name_obfuscated} to show itself, DEFAULT
03-02 13:04:26.264  1317  1317 I InlineSuggestionCandidateViewController: InlineSuggestionCandidateViewController.textCandidatesUpdated():621 Not showing inline suggestion tooltip v2; has candidates
03-02 13:04:26.299  1317  1317 W InputContextProxy: InputContextProxy.applyClientDiffInternal():892 Ignore [FetchSuggestions] diff due to stale request: 33182<33184, inputStateId=33001, lastInputStateId=33002
03-02 13:04:26.313  1317  1317 I KeyboardViewController: KeyboardViewController.lambda$showSelfAndAncestors$6():594 current view doesn't has the priority com.google.android.apps.inputmethod.libs.framework.keyboard.widget.AccessPointsBar{b1e2ac8 I.E...... ......ID 95,0-975,116 #7f0b0017 app:id/0_resource_name_obfuscated} to show itself, DEFAULT
03-02 13:04:26.328  1317  1317 W InputContextProxy: InputContextProxy.applyClientDiffInternal():892 Ignore [FetchSuggestions] diff due to stale request: 33184<33186, inputStateId=33003, lastInputStateId=33004
03-02 13:04:26.346  1317  1317 W InputContextProxy: InputContextProxy.applyClientDiffInternal():892 Ignore [FetchSuggestions] diff due to stale request: 33186<33188, inputStateId=33005, lastInputStateId=33006
03-02 13:04:26.378  1317  1317 W InputContextProxy: InputContextProxy.applyClientDiffInternal():892 Ignore [FetchSuggestions] diff due to stale request: 33188<33190, inputStateId=33007, lastInputStateId=33008
03-02 13:04:26.382  1317  1317 W InputContextProxy: InputContextProxy.applyClientDiffInternal():892 Ignore [FetchSuggestions] diff due to stale request: 33190<33191, inputStateId=33009, lastInputStateId=33010
03-02 13:04:26.429  1317  1317 W InputContextProxy: InputContextProxy.applyClientDiffInternal():892 Ignore [FetchSuggestions] diff due to stale request: 33192<33194, inputStateId=33011, lastInputStateId=33012
03-02 13:04:26.429  1317  1317 I InlineSuggestionCandidateViewController: InlineSuggestionCandidateViewController.textCandidatesUpdated():621 Not showing inline suggestion tooltip v2; has candidates
03-02 13:04:26.462  1317  1317 W InputContextProxy: InputContextProxy.applyClientDiffInternal():892 Ignore [FetchSuggestions] diff due to stale request: 33196<33199, inputStateId=33016, lastInputStateId=33018
03-02 13:04:26.480  1317  1317 W InputContextProxy: InputContextProxy.applyClientDiffInternal():892 Ignore [FetchSuggestions] diff due to stale request: 33199<33201, inputStateId=33019, lastInputStateId=33020
03-02 13:04:26.496  1317  1317 W InputContextProxy: InputContextProxy.applyClientDiffInternal():892 Ignore [FetchSuggestions] diff due to stale request: 33201<33203, inputStateId=33021, lastInputStateId=33022
03-02 13:04:26.512  1317  1317 W InputContextProxy: InputContextProxy.applyClientDiffInternal():892 Ignore [FetchSuggestions] diff due to stale request: 33203<33205, inputStateId=33023, lastInputStateId=33024
03-02 13:04:26.529  1317  1317 W InputContextProxy: InputContextProxy.applyClientDiffInternal():892 Ignore [FetchSuggestions] diff due to stale request: 33205<33207, inputStateId=33025, lastInputStateId=33026
03-02 13:04:26.562  1317  1317 W InputContextProxy: InputContextProxy.applyClientDiffInternal():892 Ignore [FetchSuggestions] diff due to stale request: 33207<33209, inputStateId=33027, lastInputStateId=33028
03-02 13:04:26.579  1317  1317 W InputContextProxy: InputContextProxy.applyClientDiffInternal():892 Ignore [FetchSuggestions] diff due to stale request: 33209<33211, inputStateId=33029, lastInputStateId=33030
03-02 13:04:26.595  1317  1317 W InputContextProxy: InputContextProxy.applyClientDiffInternal():892 Ignore [FetchSuggestions] diff due to stale request: 33211<33213, inputStateId=33031, lastInputStateId=33032
03-02 13:04:26.613  1317  1317 W InputContextProxy: InputContextProxy.applyClientDiffInternal():892 Ignore [FetchSuggestions] diff due to stale request: 33213<33215, inputStateId=33033, lastInputStateId=33034
03-02 13:04:26.613  1317  1317 I InlineSuggestionCandidateViewController: InlineSuggestionCandidateViewController.textCandidatesUpdated():621 Not showing inline suggestion tooltip v2; has candidates
03-02 13:04:26.615  1317  1670 D EGL_emulation: app_time_stats: avg=67.48ms min=11.16ms max=164.68ms count=16
03-02 13:04:26.646  1317  1317 W InputContextProxy: InputContextProxy.applyClientDiffInternal():892 Ignore [FetchSuggestions] diff due to stale request: 33217<33220, inputStateId=33038, lastInputStateId=33040
03-02 13:04:26.663  1317  1317 W InputContextProxy: InputContextProxy.applyClientDiffInternal():892 Ignore [FetchSuggestions] diff due to stale request: 33220<33222, inputStateId=33041, lastInputStateId=33042
03-02 13:04:26.680  1317  1317 W InputContextProxy: InputContextProxy.applyClientDiffInternal():892 Ignore [FetchSuggestions] diff due to stale request: 33222<33224, inputStateId=33043, lastInputStateId=33044
03-02 13:04:26.680  8546  8613 D EGL_emulation: app_time_stats: avg=2.71ms min=1.88ms max=5.93ms count=57
03-02 13:04:26.682  1317  1317 W InputContextProxy: InputContextProxy.applyClientDiffInternal():892 Ignore [FetchSuggestions] diff due to stale request: 33224<33225, inputStateId=33046, lastInputStateId=33047
03-02 13:04:26.728  1317  1317 W InputContextProxy: InputContextProxy.applyClientDiffInternal():892 Ignore [FetchSuggestions] diff due to stale request: 33226<33229, inputStateId=33048, lastInputStateId=33050
03-02 13:04:26.746  1317  1317 W InputContextProxy: InputContextProxy.applyClientDiffInternal():892 Ignore [FetchSuggestions] diff due to stale request: 33229<33231, inputStateId=33051, lastInputStateId=33052
03-02 13:04:26.763  1317  1317 W InputContextProxy: InputContextProxy.applyClientDiffInternal():892 Ignore [FetchSuggestions] diff due to stale request: 33231<33234, inputStateId=33053, lastInputStateId=33056
03-02 13:04:26.782  1317  1317 W InputContextProxy: InputContextProxy.applyClientDiffInternal():892 Ignore [FetchSuggestions] diff due to stale request: 33233<33237, inputStateId=33055, lastInputStateId=33058
03-02 13:04:26.797  1317  1317 W InputContextProxy: InputContextProxy.applyClientDiffInternal():892 Ignore [FetchSuggestions] diff due to stale request: 33235<33238, inputStateId=33057, lastInputStateId=33060
03-02 13:04:26.813  1317  1317 W InputContextProxy: InputContextProxy.applyClientDiffInternal():892 Ignore [FetchSuggestions] diff due to stale request: 33237<33241, inputStateId=33059, lastInputStateId=33062
03-02 13:04:26.829  1317  1317 W InputContextProxy: InputContextProxy.applyClientDiffInternal():892 Ignore [FetchSuggestions] diff due to stale request: 33239<33243, inputStateId=33061, lastInputStateId=33064
03-02 13:04:26.897  1317  1317 W InputContextProxy: InputContextProxy.applyClientDiffInternal():892 Ignore [FetchSuggestions] diff due to stale request: 33241<33244, inputStateId=33063, lastInputStateId=33067
03-02 13:04:26.897  1317  1317 W InputContextProxy: InputContextProxy.applyClientDiffInternal():892 Ignore [FetchSuggestions] diff due to stale request: 33243<33244, inputStateId=33066, lastInputStateId=33067
03-02 13:04:26.915  1317  1879 I native  : I0302 13:04:26.915210    1879 input-context-store.cc:161] Ignoring stale client request for FetchSuggestions
03-02 13:04:26.916  1317  1879 I native  : I0302 13:04:26.916344    1879 input-context-store.cc:161] Ignoring stale client request for OverrideDecodedCandidates
03-02 13:04:26.947  1317  1317 W InputContextProxy: InputContextProxy.applyClientDiffInternal():892 Ignore [FetchSuggestions] diff due to stale request: 33245<33251, inputStateId=33069, lastInputStateId=33074
03-02 13:04:26.950  1317  1317 W InputContextProxy: InputContextProxy.applyClientDiffInternal():892 Ignore [FetchSuggestions] diff due to stale request: 33247<33254, inputStateId=0, lastInputStateId=33076
03-02 13:04:26.952  1317  1879 I native  : I0302 13:04:26.952497    1879 input-context-store.cc:238] Ignoring stale client request for FetchSuggestions
03-02 13:04:26.979  1317  1317 W InputContextProxy: InputContextProxy.applyClientDiffInternal():892 Ignore [FetchSuggestions] diff due to stale request: 33250<33255, inputStateId=33073, lastInputStateId=33076
03-02 13:04:26.981  1317  1317 W InputContextProxy: InputContextProxy.applyClientDiffInternal():892 Ignore [FetchSuggestions] diff due to stale request: 33253<33257, inputStateId=33076, lastInputStateId=33078
03-02 13:04:26.981  1317  1317 W InputContextProxy: InputContextProxy.applyClientDiffInternal():892 Ignore [FetchSuggestions] diff due to stale request: 33255<33257, inputStateId=33077, lastInputStateId=33078
03-02 13:04:27.045  1317  1317 W InputContextProxy: InputContextProxy.applyClientDiffInternal():892 Ignore [FetchSuggestions] diff due to stale request: 33257<33259, inputStateId=33079, lastInputStateId=33080
03-02 13:04:27.095  1317  1317 W InputContextProxy: InputContextProxy.applyClientDiffInternal():892 Ignore [FetchSuggestions] diff due to stale request: 33259<33261, inputStateId=33081, lastInputStateId=33082
03-02 13:04:27.098  1317  1879 I native  : I0302 13:04:27.097984    1879 input-context-store.cc:161] Ignoring stale client request for FetchSuggestions
03-02 13:04:27.099  1317  1879 I native  : I0302 13:04:27.099141    1879 input-context-store.cc:161] Ignoring stale client request for OverrideDecodedCandidates
03-02 13:04:27.132  1317  1317 W InputContextProxy: InputContextProxy.applyClientDiffInternal():892 Ignore [FetchSuggestions] diff due to stale request: 33261<33267, inputStateId=33084, lastInputStateId=33089
03-02 13:04:27.134  1317  1317 W InputContextProxy: InputContextProxy.applyClientDiffInternal():892 Ignore [FetchSuggestions] diff due to stale request: 33263<33270, inputStateId=0, lastInputStateId=33091
03-02 13:04:27.135  1317  1879 W Delight5Decoder: Delight5DecoderWrapper.shouldAbandonMessage():1874 Detected old [FetchSuggestions] request in background: 33269<33270
03-02 13:04:27.161  1317  1317 W InputContextProxy: InputContextProxy.applyClientDiffInternal():892 Ignore [FetchSuggestions] diff due to stale request: 33266<33271, inputStateId=33088, lastInputStateId=33091
03-02 13:04:27.161  1317  1317 I InlineSuggestionCandidateViewController: InlineSuggestionCandidateViewController.textCandidatesUpdated():621 Not showing inline suggestion tooltip v2; has candidates
03-02 13:04:27.214  1317  1317 I InlineSuggestionCandidateViewController: InlineSuggestionCandidateViewController.textCandidatesUpdated():621 Not showing inline suggestion tooltip v2; has candidates
03-02 13:04:27.231  1317  1317 W InputContextProxy: InputContextProxy.applyClientDiffInternal():892 Ignore [FetchSuggestions] diff due to stale request: 33275<33279, inputStateId=33097, lastInputStateId=33100
03-02 13:04:27.233  1317  1879 I native  : I0302 13:04:27.233383    1879 input-context-store.cc:238] Ignoring stale client request for FetchSuggestions
03-02 13:04:27.233  1317  1317 W InputContextProxy: InputContextProxy.applyClientDiffInternal():892 Ignore [FetchSuggestions] diff due to stale request: 33278<33280, inputStateId=33100, lastInputStateId=33100
03-02 13:04:27.281  1317  1317 I InlineSuggestionCandidateViewController: InlineSuggestionCandidateViewController.textCandidatesUpdated():621 Not showing inline suggestion tooltip v2; has candidates
03-02 13:04:27.301  1317  1317 W InputContextProxy: InputContextProxy.applyClientDiffInternal():892 Ignore [FetchSuggestions] diff due to stale request: 33282<33284, inputStateId=33103, lastInputStateId=33104
03-02 13:04:27.313  1317  1317 W InputContextProxy: InputContextProxy.applyClientDiffInternal():892 Ignore [FetchSuggestions] diff due to stale request: 33284<33286, inputStateId=33105, lastInputStateId=33106
03-02 13:04:27.346  1317  1317 I InlineSuggestionCandidateViewController: InlineSuggestionCandidateViewController.textCandidatesUpdated():621 Not showing inline suggestion tooltip v2; has candidates
03-02 13:04:27.347  1317  1317 I KeyboardViewController: KeyboardViewController.lambda$showSelfAndAncestors$6():594 current view doesn't has the priority com.google.android.apps.inputmethod.libs.framework.keyboard.widget.AccessPointsBar{b1e2ac8 I.E...... ......ID 95,0-975,116 #7f0b0017 app:id/0_resource_name_obfuscated} to show itself, DEFAULT
03-02 13:04:27.364  1317  1317 I InlineSuggestionCandidateViewController: InlineSuggestionCandidateViewController.textCandidatesUpdated():621 Not showing inline suggestion tooltip v2; has candidates
03-02 13:04:27.398  1317  1317 W InputContextProxy: InputContextProxy.applyClientDiffInternal():892 Ignore [FetchSuggestions] diff due to stale request: 33290<33294, inputStateId=33112, lastInputStateId=33115
03-02 13:04:27.399  1317  1879 W Delight5Decoder: Delight5DecoderWrapper.shouldAbandonMessage():1874 Detected old [FetchSuggestions] request in background: 33293<33294
03-02 13:04:27.429  1317  1317 I InlineSuggestionCandidateViewController: InlineSuggestionCandidateViewController.textCandidatesUpdated():621 Not showing inline suggestion tooltip v2; has candidates
03-02 13:04:27.497  1317  1317 W InputContextProxy: InputContextProxy.applyClientDiffInternal():892 Ignore [FetchSuggestions] diff due to stale request: 33297<33299, inputStateId=33118, lastInputStateId=33119
03-02 13:04:27.497  1317  1317 I KeyboardViewController: KeyboardViewController.lambda$showSelfAndAncestors$6():594 current view doesn't has the priority com.google.android.apps.inputmethod.libs.framework.keyboard.widget.AccessPointsBar{b1e2ac8 I.E...... ......ID 95,0-975,116 #7f0b0017 app:id/0_resource_name_obfuscated} to show itself, DEFAULT
03-02 13:04:27.515  1317  1317 W InputContextProxy: InputContextProxy.applyClientDiffInternal():892 Ignore [FetchSuggestions] diff due to stale request: 33299<33303, inputStateId=33121, lastInputStateId=33124
03-02 13:04:27.519  1317  1879 I native  : I0302 13:04:27.519679    1879 input-context-store.cc:238] Ignoring stale client request for FetchSuggestions
03-02 13:04:27.548  1317  1317 W InputContextProxy: InputContextProxy.applyClientDiffInternal():892 Ignore [FetchSuggestions] diff due to stale request: 33301<33304, inputStateId=33124, lastInputStateId=33124
03-02 13:04:27.549  1317  1317 I InlineSuggestionCandidateViewController: InlineSuggestionCandidateViewController.textCandidatesUpdated():621 Not showing inline suggestion tooltip v2; has candidates
03-02 13:04:27.581  1317  1317 W InputContextProxy: InputContextProxy.applyClientDiffInternal():892 Ignore [FetchSuggestions] diff due to stale request: 33306<33308, inputStateId=33127, lastInputStateId=33128
03-02 13:04:27.599  1317  1317 I Environment: Environment.isPackageInstalled():311 com.bitstrips.imoji is not installed
03-02 13:04:27.599  1317  1317 I InlineSuggestionCandidateViewController: InlineSuggestionCandidateViewController.textCandidatesUpdated():621 Not showing inline suggestion tooltip v2; has candidates
03-02 13:04:27.619  1317  1317 W InputContextProxy: InputContextProxy.applyClientDiffInternal():892 Ignore [FetchSuggestions] diff due to stale request: 33310<33312, inputStateId=33131, lastInputStateId=33132
03-02 13:04:27.619  1317  1317 I KeyboardViewController: KeyboardViewController.lambda$showSelfAndAncestors$6():594 current view doesn't has the priority com.google.android.apps.inputmethod.libs.framework.keyboard.widget.AccessPointsBar{b1e2ac8 I.E...... ......ID 95,0-975,116 #7f0b0017 app:id/0_resource_name_obfuscated} to show itself, DEFAULT
03-02 13:04:27.619  1317  1670 D EGL_emulation: app_time_stats: avg=83.64ms min=17.59ms max=432.01ms count=12
03-02 13:04:27.634  1317  1317 W InputContextProxy: InputContextProxy.applyClientDiffInternal():892 Ignore [FetchSuggestions] diff due to stale request: 33312<33313, inputStateId=33133, lastInputStateId=33134
03-02 13:04:27.649  1317  1317 W InputContextProxy: InputContextProxy.applyClientDiffInternal():892 Ignore [FetchSuggestions] diff due to stale request: 33314<33315, inputStateId=33135, lastInputStateId=33136
03-02 13:04:27.697  8546  8613 D EGL_emulation: app_time_stats: avg=2.82ms min=1.85ms max=12.61ms count=53
03-02 13:04:27.698  1317  1317 W InputContextProxy: InputContextProxy.applyClientDiffInternal():892 Ignore [FetchSuggestions] diff due to stale request: 33316<33317, inputStateId=33137, lastInputStateId=33138
03-02 13:04:27.714  1317  1879 I native  : I0302 13:04:27.714971    1879 input-context-store.cc:161] Ignoring stale client request for FetchSuggestions
03-02 13:04:27.715  1317  1879 I native  : I0302 13:04:27.715734    1879 input-context-store.cc:161] Ignoring stale client request for OverrideDecodedCandidates
03-02 13:04:27.716  1317  1317 W InputContextProxy: InputContextProxy.applyClientDiffInternal():892 Ignore [FetchSuggestions] diff due to stale request: 33318<33323, inputStateId=33140, lastInputStateId=33143
03-02 13:04:27.745  1317  1317 W InputContextProxy: InputContextProxy.applyClientDiffInternal():892 Ignore [FetchSuggestions] diff due to stale request: 33320<33323, inputStateId=0, lastInputStateId=33143
03-02 13:04:27.746  1317  1317 I InlineSuggestionCandidateViewController: InlineSuggestionCandidateViewController.textCandidatesUpdated():621 Not showing inline suggestion tooltip v2; has candidates
03-02 13:04:27.765  1317  1317 W InputContextProxy: InputContextProxy.applyClientDiffInternal():892 Ignore [FetchSuggestions] diff due to stale request: 33325<33327, inputStateId=33146, lastInputStateId=33147
03-02 13:04:27.779  1317  1317 I InlineSuggestionCandidateViewController: InlineSuggestionCandidateViewController.textCandidatesUpdated():621 Not showing inline suggestion tooltip v2; has candidates
03-02 13:04:27.814  1317  1317 W InputContextProxy: InputContextProxy.applyClientDiffInternal():892 Ignore [FetchSuggestions] diff due to stale request: 33329<33331, inputStateId=33150, lastInputStateId=33151
03-02 13:04:27.814  1317  1317 I KeyboardViewController: KeyboardViewController.lambda$showSelfAndAncestors$6():594 current view doesn't has the priority com.google.android.apps.inputmethod.libs.framework.keyboard.widget.AccessPointsBar{b1e2ac8 I.E...... ......ID 95,0-975,116 #7f0b0017 app:id/0_resource_name_obfuscated} to show itself, DEFAULT
03-02 13:04:27.830  1317  1317 I InlineSuggestionCandidateViewController: InlineSuggestionCandidateViewController.textCandidatesUpdated():621 Not showing inline suggestion tooltip v2; has candidates
03-02 13:04:27.864  1317  1317 W InputContextProxy: InputContextProxy.applyClientDiffInternal():892 Ignore [FetchSuggestions] diff due to stale request: 33333<33335, inputStateId=33154, lastInputStateId=33155
03-02 13:04:27.881  1317  1317 W InputContextProxy: InputContextProxy.applyClientDiffInternal():892 Ignore [FetchSuggestions] diff due to stale request: 33335<33336, inputStateId=33156, lastInputStateId=33157
03-02 13:04:27.912  1317  1317 I InlineSuggestionCandidateViewController: InlineSuggestionCandidateViewController.textCandidatesUpdated():621 Not showing inline suggestion tooltip v2; has candidates
03-02 13:04:27.948  1317  1317 W InputContextProxy: InputContextProxy.applyClientDiffInternal():892 Ignore [FetchSuggestions] diff due to stale request: 33339<33343, inputStateId=33161, lastInputStateId=33164
03-02 13:04:27.951  1317  1879 I native  : I0302 13:04:27.951948    1879 input-context-store.cc:238] Ignoring stale client request for FetchSuggestions
03-02 13:04:27.979  1317  1317 W InputContextProxy: InputContextProxy.applyClientDiffInternal():892 Ignore [FetchSuggestions] diff due to stale request: 33341<33344, inputStateId=33164, lastInputStateId=33164
03-02 13:04:27.979  1317  1317 I InlineSuggestionCandidateViewController: InlineSuggestionCandidateViewController.textCandidatesUpdated():621 Not showing inline suggestion tooltip v2; has candidates
03-02 13:04:28.000  1317  1317 W InputContextProxy: InputContextProxy.applyClientDiffInternal():892 Ignore [FetchSuggestions] diff due to stale request: 33346<33348, inputStateId=33167, lastInputStateId=33168
03-02 13:04:28.014  1317  1317 W InputContextProxy: InputContextProxy.applyClientDiffInternal():892 Ignore [FetchSuggestions] diff due to stale request: 33348<33350, inputStateId=33169, lastInputStateId=33170
03-02 13:04:28.030  1317  1317 W InputContextProxy: InputContextProxy.applyClientDiffInternal():892 Ignore [FetchSuggestions] diff due to stale request: 33350<33352, inputStateId=33171, lastInputStateId=33172
03-02 13:04:28.047  1317  1317 W InputContextProxy: InputContextProxy.applyClientDiffInternal():892 Ignore [FetchSuggestions] diff due to stale request: 33352<33353, inputStateId=33173, lastInputStateId=33174
03-02 13:04:28.047  1317  1317 I KeyboardViewController: KeyboardViewController.lambda$showSelfAndAncestors$6():594 current view doesn't has the priority com.google.android.apps.inputmethod.libs.framework.keyboard.widget.AccessPointsBar{b1e2ac8 I.E...... ......ID 95,0-975,116 #7f0b0017 app:id/0_resource_name_obfuscated} to show itself, DEFAULT
03-02 13:04:28.096  1317  1317 W InputContextProxy: InputContextProxy.applyClientDiffInternal():892 Ignore [FetchSuggestions] diff due to stale request: 33354<33356, inputStateId=33175, lastInputStateId=33176
03-02 13:04:28.097  1317  1317 I InlineSuggestionCandidateViewController: InlineSuggestionCandidateViewController.textCandidatesUpdated():621 Not showing inline suggestion tooltip v2; has candidates
03-02 13:04:28.114  1317  1879 W Delight5Decoder: Delight5DecoderWrapper.shouldAbandonMessage():1874 Detected old [FetchSuggestions] request in background: 33358<33359
03-02 13:04:28.145  1317  1317 I InlineSuggestionCandidateViewController: InlineSuggestionCandidateViewController.textCandidatesUpdated():621 Not showing inline suggestion tooltip v2; has candidates
03-02 13:04:28.165  1317  1317 W InputContextProxy: InputContextProxy.applyClientDiffInternal():892 Ignore [FetchSuggestions] diff due to stale request: 33363<33365, inputStateId=33184, lastInputStateId=33185
03-02 13:04:28.181  1317  1317 W InputContextProxy: InputContextProxy.applyClientDiffInternal():892 Ignore [FetchSuggestions] diff due to stale request: 33365<33367, inputStateId=33186, lastInputStateId=33187
03-02 13:04:28.233  1317  1317 I InlineSuggestionCandidateViewController: InlineSuggestionCandidateViewController.textCandidatesUpdated():621 Not showing inline suggestion tooltip v2; has candidates
03-02 13:04:28.234  1317  1317 I KeyboardViewController: KeyboardViewController.lambda$showSelfAndAncestors$6():594 current view doesn't has the priority com.google.android.apps.inputmethod.libs.framework.keyboard.widget.AccessPointsBar{b1e2ac8 I.E...... ......ID 95,0-975,116 #7f0b0017 app:id/0_resource_name_obfuscated} to show itself, DEFAULT
03-02 13:04:28.249  1317  1317 W InputContextProxy: InputContextProxy.applyClientDiffInternal():892 Ignore [FetchSuggestions] diff due to stale request: 33369<33373, inputStateId=33191, lastInputStateId=33194
03-02 13:04:28.249  1317  1879 I native  : I0302 13:04:28.249652    1879 input-context-store.cc:238] Ignoring stale client request for FetchSuggestions
03-02 13:04:28.250  1317  1317 W InputContextProxy: InputContextProxy.applyClientDiffInternal():892 Ignore [FetchSuggestions] diff due to stale request: 33371<33374, inputStateId=33194, lastInputStateId=33194
03-02 13:04:28.263  1317  1317 W InputContextProxy: InputContextProxy.applyClientDiffInternal():892 Ignore [FetchSuggestions] diff due to stale request: 33374<33375, inputStateId=33195, lastInputStateId=33196
03-02 13:04:28.302  1317  1346 I putmethod.lati: JIT allocated 68KB for compiled code of boolean elt.a(jtl, java.lang.Object[])
03-02 13:04:28.302  1317  1346 I putmethod.lati: Compiler allocated 6848KB to compile boolean elt.a(jtl, java.lang.Object[])
03-02 13:04:28.329  1317  1317 I InlineSuggestionCandidateViewController: InlineSuggestionCandidateViewController.textCandidatesUpdated():621 Not showing inline suggestion tooltip v2; has candidates
03-02 13:04:28.364  1317  1317 W InputContextProxy: InputContextProxy.applyClientDiffInternal():892 Ignore [FetchSuggestions] diff due to stale request: 33381<33385, inputStateId=33202, lastInputStateId=33205
03-02 13:04:28.368  1317  1879 I native  : I0302 13:04:28.368805    1879 input-context-store.cc:238] Ignoring stale client request for FetchSuggestions
03-02 13:04:28.415  1317  1317 W InputContextProxy: InputContextProxy.applyClientDiffInternal():892 Ignore [FetchSuggestions] diff due to stale request: 33383<33386, inputStateId=33205, lastInputStateId=33205
03-02 13:04:28.416  1317  1317 W InputContextProxy: InputContextProxy.applyClientDiffInternal():892 Ignore [FetchSuggestions] diff due to stale request: 33386<33388, inputStateId=33206, lastInputStateId=33207
03-02 13:04:28.431  1317  1317 W InputContextProxy: InputContextProxy.applyClientDiffInternal():892 Ignore [FetchSuggestions] diff due to stale request: 33388<33389, inputStateId=33208, lastInputStateId=33209
03-02 13:04:28.478  1317  1317 I InlineSuggestionCandidateViewController: InlineSuggestionCandidateViewController.textCandidatesUpdated():621 Not showing inline suggestion tooltip v2; has candidates
03-02 13:04:28.479  1317  1317 I KeyboardViewController: KeyboardViewController.lambda$showSelfAndAncestors$6():594 current view doesn't has the priority com.google.android.apps.inputmethod.libs.framework.keyboard.widget.AccessPointsBar{b1e2ac8 I.E...... ......ID 95,0-975,116 #7f0b0017 app:id/0_resource_name_obfuscated} to show itself, DEFAULT
03-02 13:04:28.498  1317  1879 W Delight5Decoder: Delight5DecoderWrapper.shouldAbandonMessage():1874 Detected old [FetchSuggestions] request in background: 33394<33395
03-02 13:04:28.499  1317  1317 W InputContextProxy: InputContextProxy.applyClientDiffInternal():892 Ignore [FetchSuggestions] diff due to stale request: 33392<33397, inputStateId=33213, lastInputStateId=33216
03-02 13:04:28.501  1317  1317 I InlineSuggestionCandidateViewController: InlineSuggestionCandidateViewController.textCandidatesUpdated():621 Not showing inline suggestion tooltip v2; has candidates
03-02 13:04:28.547  1317  1317 W InputContextProxy: InputContextProxy.applyClientDiffInternal():892 Ignore [FetchSuggestions] diff due to stale request: 33399<33400, inputStateId=33219, lastInputStateId=33220
03-02 13:04:28.564  1317  1317 W InputContextProxy: InputContextProxy.applyClientDiffInternal():892 Ignore [FetchSuggestions] diff due to stale request: 33401<33403, inputStateId=33221, lastInputStateId=33222
03-02 13:04:28.579  1317  1317 I InlineSuggestionCandidateViewController: InlineSuggestionCandidateViewController.textCandidatesUpdated():621 Not showing inline suggestion tooltip v2; has candidates
03-02 13:04:28.598  1317  1317 W InputContextProxy: InputContextProxy.applyClientDiffInternal():892 Ignore [FetchSuggestions] diff due to stale request: 33405<33407, inputStateId=33225, lastInputStateId=33226
03-02 13:04:28.599  1317  1317 I KeyboardViewController: KeyboardViewController.lambda$showSelfAndAncestors$6():594 current view doesn't has the priority com.google.android.apps.inputmethod.libs.framework.keyboard.widget.AccessPointsBar{b1e2ac8 I.E...... ......ID 95,0-975,116 #7f0b0017 app:id/0_resource_name_obfuscated} to show itself, DEFAULT
03-02 13:04:28.630  1317  1317 W InputContextProxy: InputContextProxy.applyClientDiffInternal():892 Ignore [FetchSuggestions] diff due to stale request: 33407<33409, inputStateId=33227, lastInputStateId=33228
03-02 13:04:28.680  8546  8546 I ViewInteraction: Performing 'single click' action on view view.getContentDescription() is "Send"
03-02 13:04:28.681  1317  1317 I InlineSuggestionCandidateViewController: InlineSuggestionCandidateViewController.textCandidatesUpdated():621 Not showing inline suggestion tooltip v2; has candidates
03-02 13:04:28.696  1317  1670 D EGL_emulation: app_time_stats: avg=59.80ms min=16.34ms max=116.27ms count=18
03-02 13:04:28.713  8546  8613 D EGL_emulation: app_time_stats: avg=2.57ms min=1.65ms max=7.77ms count=55
03-02 13:04:28.726   367   508 D AudioFlinger: mixer(0xb4000074a7e0da70) throttle end: throttle time(32)
03-02 13:04:28.810  1317  1317 W InputContextProxy: InputContextProxy.applyClientDiffInternal():892 Ignore [FetchSuggestions] diff due to stale request: 33411<33412, inputStateId=33231, lastInputStateId=33232
