03-02 13:03:57.970  8546  8607 I TestRunner: started: checkScrollLongChat(com.example.tinw.test.tests.ChatScreenTest)
03-02 13:03:57.976  8546  8607 W Settings: Setting always_finish_activities has moved from android.provider.Settings.System to android.provider.Settings.Global, returning read-only value.
03-02 13:03:58.001   796   856 D SplashScreenView: Build android.window.SplashScreenView{a6d27cf V.E...... ......ID 0,0-0,0}
03-02 13:03:58.001   796   856 D SplashScreenView: Icon: view: null drawable: null size: 0
03-02 13:03:58.001   796   856 D SplashScreenView: Branding: view: android.view.View{bb5355c G.ED..... ......I. 0,0-0,0 #10204a6 android:id/splashscreen_branding_view} drawable: null size w: 0 h: 0
03-02 13:03:58.027   345   393 D goldfish-address-space: claimShared: Ask to claim region [0x1e8000000 0x1e89e4000]
03-02 13:03:58.028  8546  8615 D libEGL  : loaded /vendor/lib64/egl/libEGL_emulation.so
03-02 13:03:58.028  8546  8615 D libEGL  : loaded /vendor/lib64/egl/libGLESv1_CM_emulation.so
03-02 13:03:58.030  8546  8615 D libEGL  : loaded /vendor/lib64/egl/libGLESv2_emulation.so
03-02 13:03:58.034   345   393 D goldfish-address-space: claimShared: Ask to claim region [0x1e89e4000 0x1e93c8000]
03-02 13:03:58.044   345   390 D goldfish-address-space: claimShared: Ask to claim region [0x1e93c8000 0x1e9dac000]
03-02 13:03:58.046  8546  8546 D AppCompatDelegate: Checking for metadata for AppLocalesMetadataHolderService : Service not found
03-02 13:03:58.067  8546  8546 D LifecycleMonitor: Lifecycle status change: com.example.android.people.MainActivity@1afeba2 in: PRE_ON_CREATE
03-02 13:03:58.067  8546  8546 V ActivityScenario: Activity lifecycle changed event received but ignored because the reported transition was not ON_CREATE while the last known transition was PRE_ON_CREATE
03-02 13:03:58.081   796   859 D EGL_emulation: app_time_stats: avg=847.53ms min=1.49ms max=5887.93ms count=7
03-02 13:03:58.083   796   859 D EGL_emulation: app_time_stats: avg=1155.46ms min=1.08ms max=14989.01ms count=13
03-02 13:03:58.087  8546  8546 W .android.peopl: Accessing hidden method Landroid/view/View;->computeFitSystemWindows(Landroid/graphics/Rect;Landroid/graphics/Rect;)Z (unsupported, reflection, allowed)
03-02 13:03:58.087  8546  8546 W .android.peopl: Accessing hidden method Landroid/view/ViewGroup;->makeOptionalFitsSystemWindows()V (unsupported, reflection, allowed)
03-02 13:03:58.103  1404  1404 I GsaVoiceInteractionSrv: Handling ACTION_STOP_HOTWORD
03-02 13:03:58.104  1404  1404 E HwDetectorWithState: a: 3
03-02 13:03:58.129  8546  8546 D LifecycleMonitor: Lifecycle status change: com.example.android.people.MainActivity@1afeba2 in: CREATED
03-02 13:03:58.129  8546  8546 V ActivityScenario: Update currentActivityStage to CREATED, currentActivity=com.example.android.people.MainActivity@1afeba2
03-02 13:03:58.201  1047  1520 D EGL_emulation: app_time_stats: avg=133.81ms min=2.11ms max=889.93ms count=7
03-02 13:03:58.234  8546  8546 D LifecycleMonitor: Lifecycle status change: com.example.android.people.MainActivity@1afeba2 in: STARTED
03-02 13:03:58.234  8546  8546 V ActivityScenario: Update currentActivityStage to STARTED, currentActivity=com.example.android.people.MainActivity@1afeba2
03-02 13:03:58.235  8546  8546 D LifecycleMonitor: Lifecycle status change: com.example.android.people.MainActivity@1afeba2 in: RESUMED
03-02 13:03:58.235  8546  8546 V ActivityScenario: Update currentActivityStage to RESUMED, currentActivity=com.example.android.people.MainActivity@1afeba2
03-02 13:03:58.252  8546  8613 D HostConnection: createUnique: call
03-02 13:03:58.253  8546  8613 D HostConnection: HostConnection::get() New Host Connection established 0xb4000079e540c790, tid 8613
03-02 13:03:58.256  8546  8613 D HostConnection: HostComposition ext ANDROID_EMU_CHECKSUM_HELPER_v1 ANDROID_EMU_native_sync_v2 ANDROID_EMU_native_sync_v3 ANDROID_EMU_native_sync_v4 ANDROID_EMU_dma_v1 ANDROID_EMU_direct_mem ANDROID_EMU_host_composition_v1 ANDROID_EMU_host_composition_v2 ANDROID_EMU_vulkan ANDROID_EMU_deferred_vulkan_commands ANDROID_EMU_vulkan_null_optional_strings ANDROID_EMU_vulkan_create_resources_with_requirements ANDROID_EMU_YUV_Cache ANDROID_EMU_vulkan_ignored_handles ANDROID_EMU_has_shared_slots_host_memory_allocator ANDROID_EMU_vulkan_free_memory_sync ANDROID_EMU_vulkan_shader_float16_int8 ANDROID_EMU_vulkan_async_queue_submit ANDROID_EMU_vulkan_queue_submit_with_commands ANDROID_EMU_sync_buffer_data ANDROID_EMU_read_color_buffer_dma GL_OES_EGL_image_external_essl3 GL_OES_vertex_array_object GL_KHR_texture_compression_astc_ldr ANDROID_EMU_host_side_tracing ANDROID_EMU_gles_max_version_3_0
03-02 13:03:58.257   183   183 I hwservicemanager: getTransport: Cannot find entry android.hardware.configstore@1.0::ISurfaceFlingerConfigs/default in either framework or device VINTF manifest.
03-02 13:03:58.257  8546  8613 W OpenGLRenderer: Failed to choose config with EGL_SWAP_BEHAVIOR_PRESERVED, retrying without...
03-02 13:03:58.257  8546  8613 W OpenGLRenderer: Failed to initialize 101010-2 format, error = EGL_SUCCESS
03-02 13:03:58.258  8546  8613 D EGL_emulation: eglCreateContext: 0xb4000079e540b590: maj 3 min 0 rcv 3
03-02 13:03:58.259  8546  8613 D EGL_emulation: eglMakeCurrent: 0xb4000079e540b590: ver 3 0 (tinfo 0x7c005d2080) (first time)
03-02 13:03:58.265   375   434 E HWComposer: getSupportedContentTypes: getSupportedContentTypes failed for display 4619827259835644672: Unsupported (8)
03-02 13:03:58.265   183   183 I hwservicemanager: getTransport: Cannot find entry android.hardware.graphics.mapper@4.0::IMapper/default in either framework or device VINTF manifest.
03-02 13:03:58.265  8546  8613 I Gralloc4: mapper 4.x is not supported
03-02 13:03:58.266  8546  8613 D HostConnection: createUnique: call
03-02 13:03:58.267  8546  8613 D HostConnection: HostConnection::get() New Host Connection established 0xb4000079e540d510, tid 8613
03-02 13:03:58.267  8546  8613 D goldfish-address-space: allocate: Ask for block of size 0x100
03-02 13:03:58.267  8546  8613 D goldfish-address-space: allocate: ioctl allocate returned offset 0x1e7ff8000 size 0x8000
03-02 13:03:58.268   183   183 I hwservicemanager: getTransport: Cannot find entry android.hardware.graphics.allocator@4.0::IAllocator/default in either framework or device VINTF manifest.
03-02 13:03:58.268  8546  8613 W Gralloc4: allocator 4.x is not supported
03-02 13:03:58.269   345   393 D goldfish-address-space: claimShared: Ask to claim region [0x1e9dac000 0x1ea790000]
03-02 13:03:58.272  8546  8613 D HostConnection: HostComposition ext ANDROID_EMU_CHECKSUM_HELPER_v1 ANDROID_EMU_native_sync_v2 ANDROID_EMU_native_sync_v3 ANDROID_EMU_native_sync_v4 ANDROID_EMU_dma_v1 ANDROID_EMU_direct_mem ANDROID_EMU_host_composition_v1 ANDROID_EMU_host_composition_v2 ANDROID_EMU_vulkan ANDROID_EMU_deferred_vulkan_commands ANDROID_EMU_vulkan_null_optional_strings ANDROID_EMU_vulkan_create_resources_with_requirements ANDROID_EMU_YUV_Cache ANDROID_EMU_vulkan_ignored_handles ANDROID_EMU_has_shared_slots_host_memory_allocator ANDROID_EMU_vulkan_free_memory_sync ANDROID_EMU_vulkan_shader_float16_int8 ANDROID_EMU_vulkan_async_queue_submit ANDROID_EMU_vulkan_queue_submit_with_commands ANDROID_EMU_sync_buffer_data ANDROID_EMU_read_color_buffer_dma GL_OES_EGL_image_external_essl3 GL_OES_vertex_array_object GL_KHR_texture_compression_astc_ldr ANDROID_EMU_host_side_tracing ANDROID_EMU_gles_max_version_3_0
03-02 13:03:58.273   345   393 D goldfish-address-space: claimShared: Ask to claim region [0x1ec000000 0x1ec9e4000]
03-02 13:03:58.274   345   393 D goldfish-address-space: claimShared: Ask to claim region [0x1ec9e4000 0x1ed3c8000]
03-02 13:03:58.329   535   573 I ActivityTaskManager: Displayed com.example.android.people/.MainActivity: +346ms
03-02 13:03:58.351  1317  1317 I GoogleInputMethodService: GoogleInputMethodService.onFinishInput():3420
03-02 13:03:58.351  1317  1317 I GoogleInputMethodService: GoogleInputMethodService.onStartInput():2002
03-02 13:03:58.352  1317  1317 I DeviceUnlockedTag: DeviceUnlockedTag.notifyDeviceLockStatusChanged():31 Notify device unlocked.
03-02 13:03:58.481  8546  8607 W FileTestStorage: Output properties is not supported.
03-02 13:03:58.481  8546  8607 I Tracing : Tracer added: class androidx.test.platform.tracing.AndroidXTracer
03-02 13:03:58.484  8546  8607 D EventInjectionStrategy: Creating injection strategy with input manager.
03-02 13:03:58.484  8546  8607 W .android.peopl: Accessing hidden method Landroid/hardware/input/InputManager;->getInstance()Landroid/hardware/input/InputManager; (unsupported, reflection, allowed)
03-02 13:03:58.485  8546  8607 W .android.peopl: Accessing hidden method Landroid/hardware/input/InputManager;->injectInputEvent(Landroid/view/InputEvent;I)Z (unsupported, reflection, allowed)
03-02 13:03:58.485  8546  8607 W .android.peopl: Accessing hidden field Landroid/hardware/input/InputManager;->INJECT_INPUT_EVENT_MODE_WAIT_FOR_FINISH:I (unsupported, reflection, allowed)
03-02 13:03:58.490  8546  8607 W .android.peopl: Accessing hidden method Landroid/view/ViewConfiguration;->getDoubleTapMinTime()I (unsupported, reflection, allowed)
03-02 13:03:58.492  8546  8546 W .android.peopl: Accessing hidden method Landroid/os/MessageQueue;->next()Landroid/os/Message; (unsupported, reflection, allowed)
03-02 13:03:58.492  8546  8546 W .android.peopl: Accessing hidden field Landroid/os/MessageQueue;->mMessages:Landroid/os/Message; (unsupported, reflection, allowed)
03-02 13:03:58.492  8546  8546 W .android.peopl: Accessing hidden method Landroid/os/Message;->recycleUnchecked()V (unsupported, reflection, allowed)
03-02 13:03:58.494  8546  8546 W .android.peopl: Accessing hidden method Landroid/view/WindowManagerGlobal;->getInstance()Landroid/view/WindowManagerGlobal; (unsupported, reflection, allowed)
03-02 13:03:58.494  8546  8546 W .android.peopl: Accessing hidden field Landroid/view/WindowManagerGlobal;->mViews:Ljava/util/ArrayList; (unsupported, reflection, allowed)
03-02 13:03:58.494  8546  8546 W .android.peopl: Accessing hidden field Landroid/view/WindowManagerGlobal;->mParams:Ljava/util/ArrayList; (unsupported, reflection, allowed)
03-02 13:03:58.496  8546  8546 I ViewInteraction: Performing 'single click' action on view (an instance of android.widget.TextView and view.getText() with or without transformation to match: is "Cat" and (view has effective visibility <VISIBLE> and view.getGlobalVisibleRect() to return non-empty rectangle))
03-02 13:03:58.627   345   393 D goldfish-address-space: claimShared: Ask to claim region [0x1eb378000 0x1eb458000]
03-02 13:03:58.630  8546  8613 E FrameEvents: updateAcquireFence: Did not find frame.
03-02 13:03:58.630   345   393 D goldfish-address-space: claimShared: Ask to claim region [0x1eb458000 0x1eb538000]
03-02 13:03:58.633   345   393 D goldfish-address-space: claimShared: Ask to claim region [0x1eb458000 0x1eb538000]
03-02 13:03:58.635  8546  8613 E FrameEvents: updateAcquireFence: Did not find frame.
03-02 13:03:58.635   345   393 D goldfish-address-space: claimShared: Ask to claim region [0x1eb538000 0x1eb618000]
03-02 13:03:58.638   345   393 D goldfish-address-space: claimShared: Ask to claim region [0x1eb538000 0x1eb618000]
03-02 13:03:58.640  8546  8613 E FrameEvents: updateAcquireFence: Did not find frame.
03-02 13:03:58.640   345   393 D goldfish-address-space: claimShared: Ask to claim region [0x1eb618000 0x1eb6f8000]
03-02 13:03:58.642   345   393 D goldfish-address-space: claimShared: Ask to claim region [0x1eb618000 0x1eb6f8000]
03-02 13:03:58.645  8546  8613 E FrameEvents: updateAcquireFence: Did not find frame.
03-02 13:03:58.645   345   393 D goldfish-address-space: claimShared: Ask to claim region [0x1ea790000 0x1ea870000]
03-02 13:03:58.680   535   570 W InputManager-JNI: Input channel object '34d80d8 Splash Screen com.example.android.people (client)' was disposed without first being removed with the input manager!
03-02 13:03:58.741  6964  7900 I FontLog : Received query Noto Color Emoji Compat, URI content://com.google.android.gms.fonts [CONTEXT service_id=132 ]
03-02 13:03:58.741  6964  7900 I FontLog : Query [emojicompat-emoji-font] resolved to {Noto Color Emoji Compat, wdth 100.0, wght 400, ital 0.0, bestEffort false} [CONTEXT service_id=132 ]
03-02 13:03:58.744  6964  7900 I FontLog : Fetch {Noto Color Emoji Compat, wdth 100.0, wght 400, ital 0.0, bestEffort false} end status Status{statusCode=SUCCESS, resolution=null} [CONTEXT service_id=132 ]
03-02 13:03:58.746  6964  7900 I FontLog : Pulling font file for id = 67, cache size = 6 [CONTEXT service_id=132 ]
03-02 13:03:58.748  6964 10795 I FontLog : Pulling font file for id = 67, cache size = 6 [CONTEXT service_id=132 ]
03-02 13:03:59.015  8546  8546 I ViewInteraction: Performing 'type text(Hello, cat!)' action on view an instance of android.widget.TextView and view.getHint() matching: is "Type a message…"
03-02 13:03:59.061  1317  1317 I GoogleInputMethodService: GoogleInputMethodService.onFinishInput():3420
03-02 13:03:59.061  8546  8546 D InputMethodManager: showSoftInput() view=com.example.android.people.ui.chat.ChatEditText{5d40bdb VFED..CL. .F.P..ID 168,24-912,142 #7f0800e6 app:id/input aid=1073741824} flags=0 reason=SHOW_SOFT_INPUT
03-02 13:03:59.061  1317  1317 I GoogleInputMethodService: GoogleInputMethodService.onStartInput():2002
03-02 13:03:59.061  1317  1317 I DeviceUnlockedTag: DeviceUnlockedTag.notifyDeviceLockStatusChanged():31 Notify device unlocked.
03-02 13:03:59.064  1317  1317 I GoogleInputMethodService: GoogleInputMethodService.onStartInputView():2148
03-02 13:03:59.064  1317  1317 I DeviceUnlockedTag: DeviceUnlockedTag.notifyDeviceLockStatusChanged():31 Notify device unlocked.
03-02 13:03:59.065  1317  1317 I KeyboardViewUtil: KeyboardViewUtil.getKeyboardHeightRatio():166 systemKeyboardHeightRatio:1.000000; userKeyboardHeightRatio:1.000000.
03-02 13:03:59.065  1317  1317 I AndroidIME: AbstractIme.onActivate():86 LatinIme.onActivate() : EditorInfo = inputType=Text imeActionName=SEND dump=[inputType=0x4001 imeOptions=0x4000004 privateImeOptions=null actionLabel=null actionId=0 initialSelStart=0 initialSelEnd=0 initialCapsMode=0x2000 hintText=Type a message… label=null packageName=com.example.android.people autofillId=1073741824 fieldId=2131230950 fieldName=null extras=Bundle[{android.support.text.emoji.emojiCompat_metadataVersion=7, android.support.text.emoji.emojiCompat_replaceAll=false}] hintLocales=null contentMimeTypes=[image/jpeg, image/jpg, image/png, image/gif] ], IncognitoMode = false, DeviceLocked = false
03-02 13:03:59.065  1317  1317 I Delight5Facilitator: Delight5Facilitator.initializeForIme():718 initializeForIme() : Locale = [en_US], layout = qwerty
03-02 13:03:59.065  1317  1317 I VoiceInputManagerWrapper: VoiceInputManagerWrapper.cancelShutdown():54 cancelShutdown()
03-02 13:03:59.065  1317  1317 I VoiceInputManagerWrapper: VoiceInputManagerWrapper.syncLanguagePacks():66 syncLanguagePacks()
03-02 13:03:59.065  1317  1483 I SpeechFactory: SpeechRecognitionFactory.maybeScheduleAutoPackDownloadForFallback():182 maybeScheduleAutoPackDownloadForFallback()
03-02 13:03:59.065  1317  1483 I FallbackOnDeviceRecognitionProvider: FallbackOnDeviceRecognitionProvider.maybeScheduleAutoPackDownload():194 maybeScheduleAutoPackDownload() for language tag en-US
03-02 13:03:59.065  1317  1317 I LatinIme: LatinIme.updateEnableInlineSuggestionsOnDecoderSideFlags():1293 inline flag updated to:false
03-02 13:03:59.068  1317  1317 I KeyboardWrapper: KeyboardWrapper.consumeEvent():287 Skip consuming an event as current keyboard is deactivated (state=0, keyboard existence=true)
03-02 13:03:59.070  1317  1317 I KeyboardViewUtil: KeyboardViewUtil.calculateMaxKeyboardBodyHeight():62 leave 354 height for app when screen height:2274, header height:116 and isFullscreenMode:false, so the max keyboard body height is:1804
03-02 13:03:59.071  1317  1317 I NormalModeController: NormalModeController.getKeyboardBodyViewHolderPaddingBottom():109 currentPrimeKeyboardType:SOFT systemPaddingBottom:-1
03-02 13:03:59.072  1317  1317 I KeyboardViewUtil: KeyboardViewUtil.calculateMaxKeyboardBodyHeight():62 leave 354 height for app when screen height:2274, header height:116 and isFullscreenMode:false, so the max keyboard body height is:1804
03-02 13:03:59.072  1317  1879 I Delight5Decoder: Delight5DecoderWrapper.setKeyboardLayout():434 setKeyboardLayout()
03-02 13:03:59.073  1317  1317 I NormalModeController: NormalModeController.getKeyboardBodyViewHolderPaddingBottom():109 currentPrimeKeyboardType:SOFT systemPaddingBottom:-1
03-02 13:03:59.073  1317  1317 I AndroidIME: KeyboardViewManager.updateKeyboardBodyViewHolderPaddingBottom():513 Set finalPaddingBottom = 0 while keyboardBottomGapFromScreen = 0; navigationHeight = 126
03-02 13:03:59.073  1317  1317 I NormalModeController: NormalModeController.getKeyboardBodyViewHolderPaddingBottom():109 currentPrimeKeyboardType:SOFT systemPaddingBottom:-1
03-02 13:03:59.073  1317  1317 I AndroidIME: KeyboardViewManager.updateKeyboardBodyViewHolderPaddingBottom():513 Set finalPaddingBottom = 0 while keyboardBottomGapFromScreen = 0; navigationHeight = 126
03-02 13:03:59.074  1317  1317 I VoiceImeExtension: VoiceImeExtension.shouldStartVoiceInputAutomatically():354 No private IME option set to start voice input.
03-02 13:03:59.080   345   393 D goldfish-address-space: claimShared: Ask to claim region [0x1e8000000 0x1e89a4000]
03-02 13:03:59.096   345   393 D goldfish-address-space: claimShared: Ask to claim region [0x1e89a4000 0x1e9348000]
03-02 13:03:59.099  8546  8546 D InsetsController: show(ime(), fromIme=true)
03-02 13:03:59.108  1164  1164 D BoundBrokerSvc: onBind: Intent { act=com.google.android.gms.common.BIND_SHARED_PREFS pkg=com.google.android.gms }
03-02 13:03:59.109  1164  1164 D BoundBrokerSvc: Loading bound service for intent: Intent { act=com.google.android.gms.common.BIND_SHARED_PREFS pkg=com.google.android.gms }
03-02 13:03:59.112   796   859 D EGL_emulation: app_time_stats: avg=17.02ms min=1.04ms max=151.69ms count=41
03-02 13:03:59.118  1164  1164 D BoundBrokerSvc: onUnbind: Intent { act=com.google.android.gms.common.BIND_SHARED_PREFS pkg=com.google.android.gms }
03-02 13:03:59.120  1164  1164 D BoundBrokerSvc: onBind: Intent { act=com.google.android.gms.common.BIND_SHARED_PREFS pkg=com.google.android.gms }
03-02 13:03:59.120  1164  1164 D BoundBrokerSvc: Loading bound service for intent: Intent { act=com.google.android.gms.common.BIND_SHARED_PREFS pkg=com.google.android.gms }
03-02 13:03:59.121  1164  1164 D BoundBrokerSvc: onUnbind: Intent { act=com.google.android.gms.common.BIND_SHARED_PREFS pkg=com.google.android.gms }
03-02 13:03:59.295  8546  8546 D UiControllerImpl: Injecting string: "Hello, cat!"
03-02 13:03:59.317  1317  1317 I ShortcutsDataManager: ShortcutsDataManager.onContentChanged():73 onContentChanged()
03-02 13:03:59.345  1317  1317 I Environment: Environment.isPackageInstalled():311 com.bitstrips.imoji is not installed
03-02 13:03:59.346  1317  1317 I InlineSuggestionCandidateViewController: InlineSuggestionCandidateViewController.textCandidatesUpdated():621 Not showing inline suggestion tooltip v2; has candidates
03-02 13:03:59.348  8546  8613 D EGL_emulation: app_time_stats: avg=16.37ms min=1.48ms max=169.03ms count=36
03-02 13:03:59.349   345   393 D goldfish-address-space: claimShared: Ask to claim region [0x1e9348000 0x1e9cec000]
03-02 13:03:59.399  1317  1317 W InputContextProxy: InputContextProxy.applyClientDiffInternal():892 Ignore [FetchSuggestions] diff due to stale request: 31167<31168, inputStateId=30986, lastInputStateId=30987
03-02 13:03:59.414  1317  1317 I InlineSuggestionCandidateViewController: InlineSuggestionCandidateViewController.textCandidatesUpdated():621 Not showing inline suggestion tooltip v2; has candidates
03-02 13:03:59.433  1317  1317 W InputContextProxy: InputContextProxy.applyClientDiffInternal():892 Ignore [FetchSuggestions] diff due to stale request: 31171<31173, inputStateId=30990, lastInputStateId=30991
03-02 13:03:59.464  1317  1317 W InputContextProxy: InputContextProxy.applyClientDiffInternal():892 Ignore [FetchSuggestions] diff due to stale request: 31173<31175, inputStateId=30992, lastInputStateId=30993
03-02 13:03:59.465  1317  1317 I InlineSuggestionCandidateViewController: InlineSuggestionCandidateViewController.textCandidatesUpdated():621 Not showing inline suggestion tooltip v2; has candidates
03-02 13:03:59.500  1317  1879 I native  : I0302 13:03:59.499926    1879 input-context-store.cc:238] Ignoring stale client request for FetchSuggestions
03-02 13:03:59.500  1317  1879 I native  : I0302 13:03:59.500264    1879 input-context-store.cc:161] Ignoring stale client request for OverrideDecodedCandidates
03-02 13:03:59.501  1317  1317 W InputContextProxy: InputContextProxy.applyClientDiffInternal():892 Ignore [FetchSuggestions] diff due to stale request: 31177<31180, inputStateId=0, lastInputStateId=30998
03-02 13:03:59.502  1317  1317 I InlineSuggestionCandidateViewController: InlineSuggestionCandidateViewController.textCandidatesUpdated():621 Not showing inline suggestion tooltip v2; has candidates
03-02 13:03:59.548  1317  1317 W InputContextProxy: InputContextProxy.applyClientDiffInternal():892 Ignore [FetchSuggestions] diff due to stale request: 31182<31183, inputStateId=31002, lastInputStateId=31003
03-02 13:03:59.556  1317  1879 I native  : I0302 13:03:59.556746    1879 input-context-store.cc:238] Ignoring stale client request for FetchSuggestions
03-02 13:03:59.579  1317  1317 W InputContextProxy: InputContextProxy.applyClientDiffInternal():892 Ignore [FetchSuggestions] diff due to stale request: 31185<31187, inputStateId=31005, lastInputStateId=31005
03-02 13:03:59.580  1317  1317 I Environment: Environment.isPackageInstalled():311 com.bitstrips.imoji is not installed
03-02 13:03:59.580  1317  1317 I InlineSuggestionCandidateViewController: InlineSuggestionCandidateViewController.textCandidatesUpdated():621 Not showing inline suggestion tooltip v2; has candidates
03-02 13:03:59.594  1317  1317 W InputContextProxy: InputContextProxy.applyClientDiffInternal():892 Ignore [FetchSuggestions] diff due to stale request: 31189<31190, inputStateId=31008, lastInputStateId=31007
03-02 13:03:59.596  1317  1317 I Environment: Environment.isPackageInstalled():311 com.bitstrips.imoji is not installed
03-02 13:03:59.596  1317  1317 I InlineSuggestionCandidateViewController: InlineSuggestionCandidateViewController.textCandidatesUpdated():621 Not showing inline suggestion tooltip v2; has candidates
03-02 13:03:59.615  1317  1317 I KeyboardViewController: KeyboardViewController.lambda$showSelfAndAncestors$6():594 current view doesn't has the priority com.google.android.apps.inputmethod.libs.framework.keyboard.widget.AccessPointsBar{b1e2ac8 I.E...... ......ID 95,0-975,116 #7f0b0017 app:id/0_resource_name_obfuscated} to show itself, DEFAULT
03-02 13:03:59.629  8546  8546 I ViewInteraction: Performing 'single click' action on view view.getContentDescription() is "Send"
03-02 13:03:59.647  1317  1317 I KeyboardViewController: KeyboardViewController.lambda$showSelfAndAncestors$6():594 current view doesn't has the priority com.google.android.apps.inputmethod.libs.framework.keyboard.widget.AccessPointsBar{b1e2ac8 I.E...... ......ID 95,0-975,116 #7f0b0017 app:id/0_resource_name_obfuscated} to show itself, DEFAULT
03-02 13:03:59.680  8546  8561 W System  : A resource failed to call close.
03-02 13:03:59.680  8546  8561 W System  : A resource failed to call close.
03-02 13:03:59.680  8546  8561 W System  : A resource failed to call close.
03-02 13:03:59.680  8546  8561 W System  : A resource failed to call close.
03-02 13:03:59.680  8546  8561 W System  : A resource failed to call close.
03-02 13:03:59.724   367   508 D AudioFlinger: mixer(0xb4000074a7e0da70) throttle end: throttle time(44)
03-02 13:03:59.727  1317  1317 W InputContextProxy: InputContextProxy.applyClientDiffInternal():892 Ignore [FetchSuggestions] diff due to stale request: 31192<31193, inputStateId=31011, lastInputStateId=31012
03-02 13:03:59.931  8546  8546 I ViewInteraction: Performing 'type text(Lorem ipsum dolor sit amet, consectetur adipiscing elit, sed do eiusmod tempor incididunt ut labore et dolore magna aliqua. Ut enim ad minim veniam, quis nostrud exercitation ullamco laboris nisi ut aliquip ex ea commodo consequat. Duis aute irure dolor in reprehenderit in voluptate velit esse cillum dolore eu fugiat nulla pariatur. Excepteur sint occaecat cupidatat non proident, sunt in culpa qui officia deserunt mollit anim id est laborum.)' action on view an instance of android.widget.TextView and view.getHint() matching: is "Type a message…"
03-02 13:03:59.974  8546  8546 D InputMethodManager: showSoftInput() view=com.example.android.people.ui.chat.ChatEditText{5d40bdb VFED..CL. .F.P.... 168,24-912,142 #7f0800e6 app:id/input aid=1073741824} flags=0 reason=SHOW_SOFT_INPUT
03-02 13:03:59.977  8546  8546 D InsetsController: show(ime(), fromIme=true)
03-02 13:04:00.012   796   859 D EGL_emulation: app_time_stats: avg=113.63ms min=2.90ms max=984.73ms count=16
03-02 13:04:00.213  8546  8546 D UiControllerImpl: Injecting string: "Lorem ipsum dolor sit amet, consectetur adipiscing elit, sed do eiusmod tempor incididunt ut labore et dolore magna aliqua. Ut enim ad minim veniam, quis nostrud exercitation ullamco laboris nisi ut aliquip ex ea commodo consequat. Duis aute irure dolor in reprehenderit in voluptate velit esse cillum dolore eu fugiat nulla pariatur. Excepteur sint occaecat cupidatat non proident, sunt in culpa qui officia deserunt mollit anim id est laborum."
03-02 13:04:00.260  1317  1317 I InlineSuggestionCandidateViewController: InlineSuggestionCandidateViewController.textCandidatesUpdated():621 Not showing inline suggestion tooltip v2; has candidates
03-02 13:04:00.345  1317  1317 I InlineSuggestionCandidateViewController: InlineSuggestionCandidateViewController.textCandidatesUpdated():621 Not showing inline suggestion tooltip v2; has candidates
03-02 13:04:00.362  8546  8613 D EGL_emulation: app_time_stats: avg=5.76ms min=1.62ms max=21.62ms count=51
03-02 13:04:00.364  1317  1317 W InputContextProxy: InputContextProxy.applyClientDiffInternal():892 Ignore [FetchSuggestions] diff due to stale request: 31201<31203, inputStateId=31020, lastInputStateId=31021
03-02 13:04:00.367  1317  1670 D EGL_emulation: app_time_stats: avg=79.34ms min=8.40ms max=434.50ms count=16
03-02 13:04:00.379  1317  1317 I InlineSuggestionCandidateViewController: InlineSuggestionCandidateViewController.textCandidatesUpdated():621 Not showing inline suggestion tooltip v2; has candidates
03-02 13:04:00.396  1317  1317 I InlineSuggestionCandidateViewController: InlineSuggestionCandidateViewController.textCandidatesUpdated():621 Not showing inline suggestion tooltip v2; has candidates
03-02 13:04:00.431  1317  1317 W InputContextProxy: InputContextProxy.applyClientDiffInternal():892 Ignore [FetchSuggestions] diff due to stale request: 31207<31211, inputStateId=31027, lastInputStateId=31030
03-02 13:04:00.432  1317  1879 I native  : I0302 13:04:00.432800    1879 input-context-store.cc:238] Ignoring stale client request for FetchSuggestions
03-02 13:04:00.433  1317  1317 W InputContextProxy: InputContextProxy.applyClientDiffInternal():892 Ignore [FetchSuggestions] diff due to stale request: 31209<31212, inputStateId=31030, lastInputStateId=31030
03-02 13:04:00.434  1317  1317 I InlineSuggestionCandidateViewController: InlineSuggestionCandidateViewController.textCandidatesUpdated():621 Not showing inline suggestion tooltip v2; has candidates
03-02 13:04:00.455  1317  1879 I native  : I0302 13:04:00.455298    1879 input-context-store.cc:238] Ignoring stale client request for FetchSuggestions
03-02 13:04:00.455  1317  1317 W InputContextProxy: InputContextProxy.applyClientDiffInternal():892 Ignore [FetchSuggestions] diff due to stale request: 31215<31217, inputStateId=31034, lastInputStateId=31034
03-02 13:04:00.481  1317  1317 W InputContextProxy: InputContextProxy.applyClientDiffInternal():892 Ignore [FetchSuggestions] diff due to stale request: 31217<31219, inputStateId=31035, lastInputStateId=31036
03-02 13:04:00.545  1317  1317 I InlineSuggestionCandidateViewController: InlineSuggestionCandidateViewController.textCandidatesUpdated():621 Not showing inline suggestion tooltip v2; has candidates
03-02 13:04:00.546  1317  1317 I KeyboardViewController: KeyboardViewController.lambda$showSelfAndAncestors$6():594 current view doesn't has the priority com.google.android.apps.inputmethod.libs.framework.keyboard.widget.AccessPointsBar{b1e2ac8 I.E...... ......ID 95,0-975,116 #7f0b0017 app:id/0_resource_name_obfuscated} to show itself, DEFAULT
03-02 13:04:00.565  1317  1317 I KeyboardViewController: KeyboardViewController.lambda$showSelfAndAncestors$6():594 current view doesn't has the priority com.google.android.apps.inputmethod.libs.framework.keyboard.widget.AccessPointsBar{b1e2ac8 I.E...... ......ID 95,0-975,116 #7f0b0017 app:id/0_resource_name_obfuscated} to show itself, DEFAULT
03-02 13:04:00.565  1317  1317 W InputContextProxy: InputContextProxy.applyClientDiffInternal():892 Ignore [FetchSuggestions] diff due to stale request: 31221<31223, inputStateId=31039, lastInputStateId=31040
03-02 13:04:00.597  1317  1317 W InputContextProxy: InputContextProxy.applyClientDiffInternal():892 Ignore [FetchSuggestions] diff due to stale request: 31223<31224, inputStateId=31041, lastInputStateId=31042
03-02 13:04:00.613  1317  1317 I InlineSuggestionCandidateViewController: InlineSuggestionCandidateViewController.textCandidatesUpdated():621 Not showing inline suggestion tooltip v2; has candidates
03-02 13:04:00.648  1317  1879 W Delight5Decoder: Delight5DecoderWrapper.shouldAbandonMessage():1874 Detected old [FetchSuggestions] request in background: 31230<31231
03-02 13:04:00.649  1317  1317 W InputContextProxy: InputContextProxy.applyClientDiffInternal():892 Ignore [FetchSuggestions] diff due to stale request: 31227<31231, inputStateId=31046, lastInputStateId=31049
03-02 13:04:00.678  1317  1317 I InlineSuggestionCandidateViewController: InlineSuggestionCandidateViewController.textCandidatesUpdated():621 Not showing inline suggestion tooltip v2; has candidates
03-02 13:04:00.713  1317  1317 I InlineSuggestionCandidateViewController: InlineSuggestionCandidateViewController.textCandidatesUpdated():621 Not showing inline suggestion tooltip v2; has candidates
03-02 13:04:00.745  1317  1317 I InlineSuggestionCandidateViewController: InlineSuggestionCandidateViewController.textCandidatesUpdated():621 Not showing inline suggestion tooltip v2; has candidates
03-02 13:04:00.749  1317  1317 I KeyboardViewController: KeyboardViewController.lambda$showSelfAndAncestors$6():594 current view doesn't has the priority com.google.android.apps.inputmethod.libs.framework.keyboard.widget.AccessPointsBar{b1e2ac8 I.E...... ......ID 95,0-975,116 #7f0b0017 app:id/0_resource_name_obfuscated} to show itself, DEFAULT
03-02 13:04:00.781  1317  1317 W InputContextProxy: InputContextProxy.applyClientDiffInternal():892 Ignore [FetchSuggestions] diff due to stale request: 31238<31240, inputStateId=31056, lastInputStateId=31057
03-02 13:04:00.799  1317  1879 I native  : I0302 13:04:00.799605    1879 input-context-store.cc:161] Ignoring stale client request for FetchSuggestions
03-02 13:04:00.800  1317  1879 I native  : I0302 13:04:00.800249    1879 input-context-store.cc:161] Ignoring stale client request for OverrideDecodedCandidates
03-02 13:04:00.800  1317  1317 W InputContextProxy: InputContextProxy.applyClientDiffInternal():892 Ignore [FetchSuggestions] diff due to stale request: 31240<31245, inputStateId=31059, lastInputStateId=31062
03-02 13:04:00.833  1317  1317 W InputContextProxy: InputContextProxy.applyClientDiffInternal():892 Ignore [FetchSuggestions] diff due to stale request: 31242<31245, inputStateId=0, lastInputStateId=31062
03-02 13:04:00.833  1317  1317 I InlineSuggestionCandidateViewController: InlineSuggestionCandidateViewController.textCandidatesUpdated():621 Not showing inline suggestion tooltip v2; has candidates
03-02 13:04:00.864  1317  1317 I InlineSuggestionCandidateViewController: InlineSuggestionCandidateViewController.textCandidatesUpdated():621 Not showing inline suggestion tooltip v2; has candidates
03-02 13:04:00.883  1317  1879 I native  : I0302 13:04:00.883929    1879 input-context-store.cc:238] Ignoring stale client request for FetchSuggestions
03-02 13:04:00.884  1317  1879 I native  : I0302 13:04:00.884343    1879 input-context-store.cc:161] Ignoring stale client request for OverrideDecodedCandidates
03-02 13:04:00.911  1317  1317 W InputContextProxy: InputContextProxy.applyClientDiffInternal():892 Ignore [FetchSuggestions] diff due to stale request: 31249<31251, inputStateId=0, lastInputStateId=31067
03-02 13:04:00.913  1317  1317 I Environment: Environment.isPackageInstalled():311 com.bitstrips.imoji is not installed
03-02 13:04:00.913  1317  1317 I InlineSuggestionCandidateViewController: InlineSuggestionCandidateViewController.textCandidatesUpdated():621 Not showing inline suggestion tooltip v2; has candidates
03-02 13:04:00.947  1317  1317 W InputContextProxy: InputContextProxy.applyClientDiffInternal():892 Ignore [FetchSuggestions] diff due to stale request: 31253<31256, inputStateId=31071, lastInputStateId=31073
03-02 13:04:00.962  1317  1317 W InputContextProxy: InputContextProxy.applyClientDiffInternal():892 Ignore [FetchSuggestions] diff due to stale request: 31256<31258, inputStateId=31074, lastInputStateId=31075
03-02 13:04:00.965  1317  1317 W InputContextProxy: InputContextProxy.applyClientDiffInternal():892 Ignore [FetchSuggestions] diff due to stale request: 31258<31260, inputStateId=31076, lastInputStateId=31077
03-02 13:04:00.966  1317  1317 I InlineSuggestionCandidateViewController: InlineSuggestionCandidateViewController.textCandidatesUpdated():621 Not showing inline suggestion tooltip v2; has candidates
03-02 13:04:00.998  1317  1317 W InputContextProxy: InputContextProxy.applyClientDiffInternal():892 Ignore [FetchSuggestions] diff due to stale request: 31262<31266, inputStateId=31081, lastInputStateId=31084
03-02 13:04:00.999  1317  1879 I native  : I0302 13:04:00.998687    1879 input-context-store.cc:238] Ignoring stale client request for FetchSuggestions
03-02 13:04:00.999  1317  1879 I native  : I0302 13:04:00.999409    1879 input-context-store.cc:161] Ignoring stale client request for OverrideDecodedCandidates
03-02 13:04:01.013  1317  1317 W InputContextProxy: InputContextProxy.applyClientDiffInternal():892 Ignore [FetchSuggestions] diff due to stale request: 31264<31267, inputStateId=0, lastInputStateId=31084
03-02 13:04:01.013  1317  1317 I InlineSuggestionCandidateViewController: InlineSuggestionCandidateViewController.textCandidatesUpdated():621 Not showing inline suggestion tooltip v2; has candidates
03-02 13:04:01.047  1317  1317 W InputContextProxy: InputContextProxy.applyClientDiffInternal():892 Ignore [FetchSuggestions] diff due to stale request: 31269<31273, inputStateId=31088, lastInputStateId=31091
03-02 13:04:01.048  1317  1879 W Delight5Decoder: Delight5DecoderWrapper.shouldAbandonMessage():1874 Detected old [FetchSuggestions] request in background: 31272<31273
03-02 13:04:01.081  1317  1317 I InlineSuggestionCandidateViewController: InlineSuggestionCandidateViewController.textCandidatesUpdated():621 Not showing inline suggestion tooltip v2; has candidates
03-02 13:04:01.117  1317  1317 W InputContextProxy: InputContextProxy.applyClientDiffInternal():892 Ignore [FetchSuggestions] diff due to stale request: 31276<31278, inputStateId=31094, lastInputStateId=31095
03-02 13:04:01.118  1317  1317 I KeyboardViewController: KeyboardViewController.lambda$showSelfAndAncestors$6():594 current view doesn't has the priority com.google.android.apps.inputmethod.libs.framework.keyboard.widget.AccessPointsBar{b1e2ac8 I.E...... ......ID 95,0-975,116 #7f0b0017 app:id/0_resource_name_obfuscated} to show itself, DEFAULT
03-02 13:04:01.131  1317  1317 I InlineSuggestionCandidateViewController: InlineSuggestionCandidateViewController.textCandidatesUpdated():621 Not showing inline suggestion tooltip v2; has candidates
03-02 13:04:01.165  1317  1317 W InputContextProxy: InputContextProxy.applyClientDiffInternal():892 Ignore [FetchSuggestions] diff due to stale request: 31280<31282, inputStateId=31098, lastInputStateId=31099
03-02 13:04:01.165  1317  1317 I KeyboardViewController: KeyboardViewController.lambda$showSelfAndAncestors$6():594 current view doesn't has the priority com.google.android.apps.inputmethod.libs.framework.keyboard.widget.AccessPointsBar{b1e2ac8 I.E...... ......ID 95,0-975,116 #7f0b0017 app:id/0_resource_name_obfuscated} to show itself, DEFAULT
03-02 13:04:01.181  1317  1317 W InputContextProxy: InputContextProxy.applyClientDiffInternal():892 Ignore [FetchSuggestions] diff due to stale request: 31282<31283, inputStateId=31100, lastInputStateId=31101
03-02 13:04:01.214  1317  1317 W InputContextProxy: InputContextProxy.applyClientDiffInternal():892 Ignore [FetchSuggestions] diff due to stale request: 31284<31286, inputStateId=31102, lastInputStateId=31103
03-02 13:04:01.230  1317  1317 W InputContextProxy: InputContextProxy.applyClientDiffInternal():892 Ignore [FetchSuggestions] diff due to stale request: 31286<31288, inputStateId=31104, lastInputStateId=31105
03-02 13:04:01.245  1317  1317 I InlineSuggestionCandidateViewController: InlineSuggestionCandidateViewController.textCandidatesUpdated():621 Not showing inline suggestion tooltip v2; has candidates
03-02 13:04:01.265  1317  1317 W InputContextProxy: InputContextProxy.applyClientDiffInternal():892 Ignore [FetchSuggestions] diff due to stale request: 31290<31292, inputStateId=31108, lastInputStateId=31109
03-02 13:04:01.281  1317  1317 I InlineSuggestionCandidateViewController: InlineSuggestionCandidateViewController.textCandidatesUpdated():621 Not showing inline suggestion tooltip v2; has candidates
03-02 13:04:01.297  1317  1317 W InputContextProxy: InputContextProxy.applyClientDiffInternal():892 Ignore [FetchSuggestions] diff due to stale request: 31294<31297, inputStateId=31113, lastInputStateId=31115
03-02 13:04:01.300  1317  1879 I native  : I0302 13:04:01.300827    1879 input-context-store.cc:238] Ignoring stale client request for FetchSuggestions
03-02 13:04:01.301  1317  1879 I native  : I0302 13:04:01.301105    1879 input-context-store.cc:161] Ignoring stale client request for OverrideDecodedCandidates
03-02 13:04:01.301  1317  1317 W InputContextProxy: InputContextProxy.applyClientDiffInternal():892 Ignore [FetchSuggestions] diff due to stale request: 31296<31297, inputStateId=0, lastInputStateId=31115
03-02 13:04:01.378  8546  8613 D EGL_emulation: app_time_stats: avg=2.20ms min=1.60ms max=4.25ms count=47
03-02 13:04:01.412  1317  1670 D EGL_emulation: app_time_stats: avg=47.51ms min=16.63ms max=112.54ms count=22
03-02 13:04:01.501  1317  1317 I InlineSuggestionCandidateViewController: InlineSuggestionCandidateViewController.textCandidatesUpdated():621 Not showing inline suggestion tooltip v2; has candidates
03-02 13:04:01.663  1317  1317 I InlineSuggestionCandidateViewController: InlineSuggestionCandidateViewController.textCandidatesUpdated():621 Not showing inline suggestion tooltip v2; has candidates
03-02 13:04:01.680  1317  1317 I InlineSuggestionCandidateViewController: InlineSuggestionCandidateViewController.textCandidatesUpdated():621 Not showing inline suggestion tooltip v2; has candidates
03-02 13:04:01.697  1317  1317 W InputContextProxy: InputContextProxy.applyClientDiffInternal():892 Ignore [FetchSuggestions] diff due to stale request: 31305<31307, inputStateId=31123, lastInputStateId=31124
03-02 13:04:01.714  1317  1317 I InlineSuggestionCandidateViewController: InlineSuggestionCandidateViewController.textCandidatesUpdated():621 Not showing inline suggestion tooltip v2; has candidates
03-02 13:04:01.747  1317  1317 W InputContextProxy: InputContextProxy.applyClientDiffInternal():892 Ignore [FetchSuggestions] diff due to stale request: 31309<31311, inputStateId=31127, lastInputStateId=31128
03-02 13:04:01.764  1317  1317 I InlineSuggestionCandidateViewController: InlineSuggestionCandidateViewController.textCandidatesUpdated():621 Not showing inline suggestion tooltip v2; has candidates
03-02 13:04:01.801  1317  1317 W InputContextProxy: InputContextProxy.applyClientDiffInternal():892 Ignore [FetchSuggestions] diff due to stale request: 31313<31315, inputStateId=31131, lastInputStateId=31132
03-02 13:04:01.828  1317  1317 I InlineSuggestionCandidateViewController: InlineSuggestionCandidateViewController.textCandidatesUpdated():621 Not showing inline suggestion tooltip v2; has candidates
03-02 13:04:01.912  1317  1317 I InlineSuggestionCandidateViewController: InlineSuggestionCandidateViewController.textCandidatesUpdated():621 Not showing inline suggestion tooltip v2; has candidates
03-02 13:04:01.929  1317  1317 I InlineSuggestionCandidateViewController: InlineSuggestionCandidateViewController.textCandidatesUpdated():621 Not showing inline suggestion tooltip v2; has candidates
03-02 13:04:01.964  1317  1317 W InputContextProxy: InputContextProxy.applyClientDiffInternal():892 Ignore [FetchSuggestions] diff due to stale request: 31321<31325, inputStateId=31140, lastInputStateId=31143
03-02 13:04:01.966  1317  1879 I native  : I0302 13:04:01.966961    1879 input-context-store.cc:238] Ignoring stale client request for FetchSuggestions
03-02 13:04:02.013  1317  1317 W InputContextProxy: InputContextProxy.applyClientDiffInternal():892 Ignore [FetchSuggestions] diff due to stale request: 31324<31326, inputStateId=31143, lastInputStateId=31143
03-02 13:04:02.013  1317  1317 I InlineSuggestionCandidateViewController: InlineSuggestionCandidateViewController.textCandidatesUpdated():621 Not showing inline suggestion tooltip v2; has candidates
03-02 13:04:02.031  1317  1317 W InputContextProxy: InputContextProxy.applyClientDiffInternal():892 Ignore [FetchSuggestions] diff due to stale request: 31328<31329, inputStateId=31146, lastInputStateId=31147
03-02 13:04:02.097  1317  1317 I InlineSuggestionCandidateViewController: InlineSuggestionCandidateViewController.textCandidatesUpdated():621 Not showing inline suggestion tooltip v2; has candidates
03-02 13:04:02.097  1317  1317 I KeyboardViewController: KeyboardViewController.lambda$showSelfAndAncestors$6():594 current view doesn't has the priority com.google.android.apps.inputmethod.libs.framework.keyboard.widget.AccessPointsBar{b1e2ac8 I.E...... ......ID 95,0-975,116 #7f0b0017 app:id/0_resource_name_obfuscated} to show itself, DEFAULT
03-02 13:04:02.129  1317  1317 I InlineSuggestionCandidateViewController: InlineSuggestionCandidateViewController.textCandidatesUpdated():621 Not showing inline suggestion tooltip v2; has candidates
03-02 13:04:02.164  1317  1317 I InlineSuggestionCandidateViewController: InlineSuggestionCandidateViewController.textCandidatesUpdated():621 Not showing inline suggestion tooltip v2; has candidates
03-02 13:04:02.214  1317  1317 W InputContextProxy: InputContextProxy.applyClientDiffInternal():892 Ignore [FetchSuggestions] diff due to stale request: 31336<31337, inputStateId=31156, lastInputStateId=31157
03-02 13:04:02.217  1317  1879 I native  : I0302 13:04:02.217577    1879 input-context-store.cc:238] Ignoring stale client request for FetchSuggestions
03-02 13:04:02.249  1317  1317 W InputContextProxy: InputContextProxy.applyClientDiffInternal():892 Ignore [FetchSuggestions] diff due to stale request: 31339<31343, inputStateId=31159, lastInputStateId=31161
03-02 13:04:02.249  1317  1317 W InputContextProxy: InputContextProxy.applyClientDiffInternal():892 Ignore [FetchSuggestions] diff due to stale request: 31341<31343, inputStateId=31160, lastInputStateId=31161
03-02 13:04:02.278  1317  1317 I InlineSuggestionCandidateViewController: InlineSuggestionCandidateViewController.textCandidatesUpdated():621 Not showing inline suggestion tooltip v2; has candidates
03-02 13:04:02.314  1317  1317 W InputContextProxy: InputContextProxy.applyClientDiffInternal():892 Ignore [FetchSuggestions] diff due to stale request: 31345<31349, inputStateId=31165, lastInputStateId=31168
03-02 13:04:02.319  1317  1879 I native  : I0302 13:04:02.319396    1879 input-context-store.cc:238] Ignoring stale client request for FetchSuggestions
03-02 13:04:02.363  1317  1879 I native  : I0302 13:04:02.363724    1879 input-context-store.cc:161] Ignoring stale client request for FetchSuggestions
03-02 13:04:02.364  1317  1317 W InputContextProxy: InputContextProxy.applyClientDiffInternal():892 Ignore [FetchSuggestions] diff due to stale request: 31347<31355, inputStateId=31168, lastInputStateId=31172
03-02 13:04:02.364  1317  1317 W InputContextProxy: InputContextProxy.applyClientDiffInternal():892 Ignore [FetchSuggestions] diff due to stale request: 31350<31355, inputStateId=31169, lastInputStateId=31172
03-02 13:04:02.364  1317  1317 W InputContextProxy: InputContextProxy.applyClientDiffInternal():892 Ignore [FetchSuggestions] diff due to stale request: 31353<31355, inputStateId=0, lastInputStateId=31172
03-02 13:04:02.366  1317  1317 I InlineSuggestionCandidateViewController: InlineSuggestionCandidateViewController.textCandidatesUpdated():621 Not showing inline suggestion tooltip v2; has candidates
03-02 13:04:02.379  8546  8613 D EGL_emulation: app_time_stats: avg=2.27ms min=1.33ms max=8.50ms count=45
03-02 13:04:02.414  1317  1317 I KeyboardViewController: KeyboardViewController.lambda$showSelfAndAncestors$6():594 current view doesn't has the priority com.google.android.apps.inputmethod.libs.framework.keyboard.widget.AccessPointsBar{b1e2ac8 I.E...... ......ID 95,0-975,116 #7f0b0017 app:id/0_resource_name_obfuscated} to show itself, DEFAULT
03-02 13:04:02.417  1317  1670 D EGL_emulation: app_time_stats: avg=58.24ms min=14.71ms max=152.92ms count=17
03-02 13:04:02.446  1317  1317 I InlineSuggestionCandidateViewController: InlineSuggestionCandidateViewController.textCandidatesUpdated():621 Not showing inline suggestion tooltip v2; has candidates
03-02 13:04:02.452  1317  1879 I native  : I0302 13:04:02.452044    1879 input-context-store.cc:238] Ignoring stale client request for FetchSuggestions
03-02 13:04:02.479  1317  1317 W InputContextProxy: InputContextProxy.applyClientDiffInternal():892 Ignore [FetchSuggestions] diff due to stale request: 31359<31363, inputStateId=31179, lastInputStateId=31181
03-02 13:04:02.479  1317  1317 W InputContextProxy: InputContextProxy.applyClientDiffInternal():892 Ignore [FetchSuggestions] diff due to stale request: 31362<31363, inputStateId=31180, lastInputStateId=31181
03-02 13:04:02.485  1317  1879 I native  : I0302 13:04:02.485122    1879 input-context-store.cc:238] Ignoring stale client request for FetchSuggestions
03-02 13:04:02.513  1317  1317 W InputContextProxy: InputContextProxy.applyClientDiffInternal():892 Ignore [FetchSuggestions] diff due to stale request: 31365<31367, inputStateId=31183, lastInputStateId=31183
03-02 13:04:02.513  1317  1317 I InlineSuggestionCandidateViewController: InlineSuggestionCandidateViewController.textCandidatesUpdated():621 Not showing inline suggestion tooltip v2; has candidates
03-02 13:04:02.533  1317  1317 W InputContextProxy: InputContextProxy.applyClientDiffInternal():892 Ignore [FetchSuggestions] diff due to stale request: 31369<31371, inputStateId=31186, lastInputStateId=31187
03-02 13:04:02.564  1317  1317 W InputContextProxy: InputContextProxy.applyClientDiffInternal():892 Ignore [FetchSuggestions] diff due to stale request: 31371<31372, inputStateId=31188, lastInputStateId=31189
03-02 13:04:02.565  1317  1317 I KeyboardViewController: KeyboardViewController.lambda$showSelfAndAncestors$6():594 current view doesn't has the priority com.google.android.apps.inputmethod.libs.framework.keyboard.widget.AccessPointsBar{b1e2ac8 I.E...... ......ID 95,0-975,116 #7f0b0017 app:id/0_resource_name_obfuscated} to show itself, DEFAULT
03-02 13:04:02.581  1317  1317 W InputContextProxy: InputContextProxy.applyClientDiffInternal():892 Ignore [FetchSuggestions] diff due to stale request: 31373<31375, inputStateId=31190, lastInputStateId=31191
03-02 13:04:02.613  1317  1317 I InlineSuggestionCandidateViewController: InlineSuggestionCandidateViewController.textCandidatesUpdated():621 Not showing inline suggestion tooltip v2; has candidates
03-02 13:04:02.701  1317  1317 I InlineSuggestionCandidateViewController: InlineSuggestionCandidateViewController.textCandidatesUpdated():621 Not showing inline suggestion tooltip v2; has candidates
03-02 13:04:02.756  1317  1317 I InlineSuggestionCandidateViewController: InlineSuggestionCandidateViewController.textCandidatesUpdated():621 Not showing inline suggestion tooltip v2; has candidates
03-02 13:04:02.770  1317  1879 I native  : I0302 13:04:02.770203    1879 input-context-store.cc:238] Ignoring stale client request for FetchSuggestions
03-02 13:04:02.773  1317  1879 I native  : I0302 13:04:02.773182    1879 input-context-store.cc:161] Ignoring stale client request for OverrideDecodedCandidates
03-02 13:04:02.774  1317  1317 W InputContextProxy: InputContextProxy.applyClientDiffInternal():892 Ignore [FetchSuggestions] diff due to stale request: 31381<31382, inputStateId=0, lastInputStateId=31199
03-02 13:04:02.783  1317  1317 I InlineSuggestionCandidateViewController: InlineSuggestionCandidateViewController.textCandidatesUpdated():621 Not showing inline suggestion tooltip v2; has candidates
03-02 13:04:02.829  1317  1317 I InlineSuggestionCandidateViewController: InlineSuggestionCandidateViewController.textCandidatesUpdated():621 Not showing inline suggestion tooltip v2; has candidates
