03-02 13:04:13.263  1317  1317 I KeyboardViewController: KeyboardViewController.lambda$showSelfAndAncestors$6():594 current view doesn't has the priority com.google.android.apps.inputmethod.libs.framework.keyboard.widget.AccessPointsBar{b1e2ac8 I.E...... ......ID 95,0-975,116 #7f0b0017 app:id/0_resource_name_obfuscated} to show itself, DEFAULT
03-02 13:04:13.281  1317  1879 W Delight5Decoder: Delight5DecoderWrapper.shouldAbandonMessage():1874 Detected old [FetchSuggestions] request in background: 32191<32192
03-02 13:04:13.282  1317  1317 W InputContextProxy: InputContextProxy.applyClientDiffInternal():892 Ignore [FetchSuggestions] diff due to stale request: 32189<32193, inputStateId=32012, lastInputStateId=32015
03-02 13:04:13.330  1317  1317 I InlineSuggestionCandidateViewController: InlineSuggestionCandidateViewController.textCandidatesUpdated():621 Not showing inline suggestion tooltip v2; has candidates
03-02 13:04:13.349  1317  1317 W InputContextProxy: InputContextProxy.applyClientDiffInternal():892 Ignore [FetchSuggestions] diff due to stale request: 32196<32198, inputStateId=32018, lastInputStateId=32019
03-02 13:04:13.379  1317  1317 I Environment: Environment.isPackageInstalled():311 com.bitstrips.imoji is not installed
03-02 13:04:13.379  1317  1317 I InlineSuggestionCandidateViewController: InlineSuggestionCandidateViewController.textCandidatesUpdated():621 Not showing inline suggestion tooltip v2; has candidates
03-02 13:04:13.413  1317  1317 I KeyboardViewController: KeyboardViewController.lambda$showSelfAndAncestors$6():594 current view doesn't has the priority com.google.android.apps.inputmethod.libs.framework.keyboard.widget.AccessPointsBar{b1e2ac8 I.E...... ......ID 95,0-975,116 #7f0b0017 app:id/0_resource_name_obfuscated} to show itself, DEFAULT
03-02 13:04:13.413  1317  1317 W InputContextProxy: InputContextProxy.applyClientDiffInternal():892 Ignore [FetchSuggestions] diff due to stale request: 32200<32202, inputStateId=32022, lastInputStateId=32023
03-02 13:04:13.445  1317  1317 W InputContextProxy: InputContextProxy.applyClientDiffInternal():892 Ignore [FetchSuggestions] diff due to stale request: 32202<32204, inputStateId=32024, lastInputStateId=32025
03-02 13:04:13.498  1317  1317 W InputContextProxy: InputContextProxy.applyClientDiffInternal():892 Ignore [FetchSuggestions] diff due to stale request: 32204<32206, inputStateId=32026, lastInputStateId=32027
03-02 13:04:13.545  1317  1317 W InputContextProxy: InputContextProxy.applyClientDiffInternal():892 Ignore [FetchSuggestions] diff due to stale request: 32206<32208, inputStateId=32028, lastInputStateId=32029
03-02 13:04:13.545  8546  8613 D EGL_emulation: app_time_stats: avg=5.48ms min=1.70ms max=19.84ms count=50
03-02 13:04:13.545  1317  1317 I InlineSuggestionCandidateViewController: InlineSuggestionCandidateViewController.textCandidatesUpdated():621 Not showing inline suggestion tooltip v2; has candidates
03-02 13:04:13.581  1317  1317 W InputContextProxy: InputContextProxy.applyClientDiffInternal():892 Ignore [FetchSuggestions] diff due to stale request: 32210<32213, inputStateId=32033, lastInputStateId=32035
03-02 13:04:13.595  1317  1317 W InputContextProxy: InputContextProxy.applyClientDiffInternal():892 Ignore [FetchSuggestions] diff due to stale request: 32213<32215, inputStateId=32036, lastInputStateId=32037
03-02 13:04:13.613  1317  1317 W InputContextProxy: InputContextProxy.applyClientDiffInternal():892 Ignore [FetchSuggestions] diff due to stale request: 32215<32217, inputStateId=32038, lastInputStateId=32039
03-02 13:04:13.629  1317  1317 W InputContextProxy: InputContextProxy.applyClientDiffInternal():892 Ignore [FetchSuggestions] diff due to stale request: 32217<32219, inputStateId=32040, lastInputStateId=32041
03-02 13:04:13.646  1317  1317 W InputContextProxy: InputContextProxy.applyClientDiffInternal():892 Ignore [FetchSuggestions] diff due to stale request: 32219<32221, inputStateId=32042, lastInputStateId=32043
03-02 13:04:13.662  1317  1317 W InputContextProxy: InputContextProxy.applyClientDiffInternal():892 Ignore [FetchSuggestions] diff due to stale request: 32221<32223, inputStateId=32044, lastInputStateId=32045
03-02 13:04:13.713  1317  1317 W InputContextProxy: InputContextProxy.applyClientDiffInternal():892 Ignore [FetchSuggestions] diff due to stale request: 32223<32225, inputStateId=32046, lastInputStateId=32047
03-02 13:04:13.762  1317  1317 W InputContextProxy: InputContextProxy.applyClientDiffInternal():892 Ignore [FetchSuggestions] diff due to stale request: 32225<32227, inputStateId=32048, lastInputStateId=32049
03-02 13:04:13.762  1317  1317 I InlineSuggestionCandidateViewController: InlineSuggestionCandidateViewController.textCandidatesUpdated():621 Not showing inline suggestion tooltip v2; has candidates
03-02 13:04:13.796  1317  1317 W InputContextProxy: InputContextProxy.applyClientDiffInternal():892 Ignore [FetchSuggestions] diff due to stale request: 32229<32232, inputStateId=32053, lastInputStateId=32055
03-02 13:04:13.811  1317  1317 W InputContextProxy: InputContextProxy.applyClientDiffInternal():892 Ignore [FetchSuggestions] diff due to stale request: 32232<32234, inputStateId=32056, lastInputStateId=32057
03-02 13:04:13.845  1317  1317 W InputContextProxy: InputContextProxy.applyClientDiffInternal():892 Ignore [FetchSuggestions] diff due to stale request: 32234<32236, inputStateId=32058, lastInputStateId=32059
03-02 13:04:13.863  1317  1317 W InputContextProxy: InputContextProxy.applyClientDiffInternal():892 Ignore [FetchSuggestions] diff due to stale request: 32236<32238, inputStateId=32060, lastInputStateId=32061
03-02 13:04:13.911  1317  1317 W InputContextProxy: InputContextProxy.applyClientDiffInternal():892 Ignore [FetchSuggestions] diff due to stale request: 32238<32240, inputStateId=32062, lastInputStateId=32063
03-02 13:04:13.931  1317  1317 W InputContextProxy: InputContextProxy.applyClientDiffInternal():892 Ignore [FetchSuggestions] diff due to stale request: 32240<32242, inputStateId=32064, lastInputStateId=32065
03-02 13:04:13.948  1317  1879 I native  : I0302 13:04:13.948770    1879 input-context-store.cc:161] Ignoring stale client request for FetchSuggestions
03-02 13:04:13.949  1317  1879 I native  : I0302 13:04:13.949854    1879 input-context-store.cc:161] Ignoring stale client request for OverrideDecodedCandidates
03-02 13:04:13.950  1317  1317 W InputContextProxy: InputContextProxy.applyClientDiffInternal():892 Ignore [FetchSuggestions] diff due to stale request: 32242<32247, inputStateId=32067, lastInputStateId=32070
03-02 13:04:13.950  1317  1317 W InputContextProxy: InputContextProxy.applyClientDiffInternal():892 Ignore [FetchSuggestions] diff due to stale request: 32244<32247, inputStateId=0, lastInputStateId=32070
03-02 13:04:13.953  1317  1670 D EGL_emulation: app_time_stats: avg=78.48ms min=19.05ms max=181.85ms count=13
03-02 13:04:13.980  1317  1317 I InlineSuggestionCandidateViewController: InlineSuggestionCandidateViewController.textCandidatesUpdated():621 Not showing inline suggestion tooltip v2; has candidates
03-02 13:04:13.998  1317  1317 W InputContextProxy: InputContextProxy.applyClientDiffInternal():892 Ignore [FetchSuggestions] diff due to stale request: 32249<32250, inputStateId=32073, lastInputStateId=32074
03-02 13:04:14.014  1317  1317 W InputContextProxy: InputContextProxy.applyClientDiffInternal():892 Ignore [FetchSuggestions] diff due to stale request: 32251<32252, inputStateId=32075, lastInputStateId=32076
03-02 13:04:14.080  1317  1317 W InputContextProxy: InputContextProxy.applyClientDiffInternal():892 Ignore [FetchSuggestions] diff due to stale request: 32253<32255, inputStateId=32077, lastInputStateId=32078
03-02 13:04:14.081  1317  1317 I InlineSuggestionCandidateViewController: InlineSuggestionCandidateViewController.textCandidatesUpdated():621 Not showing inline suggestion tooltip v2; has candidates
03-02 13:04:14.114  1317  1879 I native  : I0302 13:04:14.114604    1879 input-context-store.cc:161] Ignoring stale client request for FetchSuggestions
03-02 13:04:14.115  1317  1879 I native  : I0302 13:04:14.115761    1879 input-context-store.cc:161] Ignoring stale client request for OverrideDecodedCandidates
03-02 13:04:14.118  1317  1317 W InputContextProxy: InputContextProxy.applyClientDiffInternal():892 Ignore [FetchSuggestions] diff due to stale request: 32257<32260, inputStateId=0, lastInputStateId=32083
03-02 13:04:14.145  1317  1317 I InlineSuggestionCandidateViewController: InlineSuggestionCandidateViewController.textCandidatesUpdated():621 Not showing inline suggestion tooltip v2; has candidates
03-02 13:04:14.214  1317  1317 W InputContextProxy: InputContextProxy.applyClientDiffInternal():892 Ignore [FetchSuggestions] diff due to stale request: 32262<32264, inputStateId=32086, lastInputStateId=32087
03-02 13:04:14.214  1317  1317 I KeyboardViewController: KeyboardViewController.lambda$showSelfAndAncestors$6():594 current view doesn't has the priority com.google.android.apps.inputmethod.libs.framework.keyboard.widget.AccessPointsBar{b1e2ac8 I.E...... ......ID 95,0-975,116 #7f0b0017 app:id/0_resource_name_obfuscated} to show itself, DEFAULT
03-02 13:04:14.232  1317  1317 W InputContextProxy: InputContextProxy.applyClientDiffInternal():892 Ignore [FetchSuggestions] diff due to stale request: 32264<32268, inputStateId=32089, lastInputStateId=32092
03-02 13:04:14.236  1317  1879 I native  : I0302 13:04:14.236015    1879 input-context-store.cc:238] Ignoring stale client request for FetchSuggestions
03-02 13:04:14.296  1317  1317 W InputContextProxy: InputContextProxy.applyClientDiffInternal():892 Ignore [FetchSuggestions] diff due to stale request: 32266<32269, inputStateId=32092, lastInputStateId=32092
03-02 13:04:14.296  1317  1317 I InlineSuggestionCandidateViewController: InlineSuggestionCandidateViewController.textCandidatesUpdated():621 Not showing inline suggestion tooltip v2; has candidates
03-02 13:04:14.315  1317  1317 W InputContextProxy: InputContextProxy.applyClientDiffInternal():892 Ignore [FetchSuggestions] diff due to stale request: 32271<32273, inputStateId=32095, lastInputStateId=32096
03-02 13:04:14.362  1317  1317 W InputContextProxy: InputContextProxy.applyClientDiffInternal():892 Ignore [FetchSuggestions] diff due to stale request: 32273<32275, inputStateId=32097, lastInputStateId=32098
03-02 13:04:14.362  1317  1317 I KeyboardViewController: KeyboardViewController.lambda$showSelfAndAncestors$6():594 current view doesn't has the priority com.google.android.apps.inputmethod.libs.framework.keyboard.widget.AccessPointsBar{b1e2ac8 I.E...... ......ID 95,0-975,116 #7f0b0017 app:id/0_resource_name_obfuscated} to show itself, DEFAULT
03-02 13:04:14.397  1317  1317 W InputContextProxy: InputContextProxy.applyClientDiffInternal():892 Ignore [FetchSuggestions] diff due to stale request: 32275<32279, inputStateId=32100, lastInputStateId=32103
03-02 13:04:14.399  1317  1879 I native  : I0302 13:04:14.399013    1879 input-context-store.cc:238] Ignoring stale client request for FetchSuggestions
03-02 13:04:14.416  1317  1317 W InputContextProxy: InputContextProxy.applyClientDiffInternal():892 Ignore [FetchSuggestions] diff due to stale request: 32277<32284, inputStateId=32103, lastInputStateId=32107
03-02 13:04:14.416  1317  1317 W InputContextProxy: InputContextProxy.applyClientDiffInternal():892 Ignore [FetchSuggestions] diff due to stale request: 32280<32284, inputStateId=32104, lastInputStateId=32107
03-02 13:04:14.417  1317  1317 I InlineSuggestionCandidateViewController: InlineSuggestionCandidateViewController.textCandidatesUpdated():621 Not showing inline suggestion tooltip v2; has candidates
03-02 13:04:14.450  1317  1317 W InputContextProxy: InputContextProxy.applyClientDiffInternal():892 Ignore [FetchSuggestions] diff due to stale request: 32287<32288, inputStateId=32110, lastInputStateId=32111
03-02 13:04:14.480  1317  1317 W InputContextProxy: InputContextProxy.applyClientDiffInternal():892 Ignore [FetchSuggestions] diff due to stale request: 32289<32290, inputStateId=32112, lastInputStateId=32113
03-02 13:04:14.499  1317  1317 W InputContextProxy: InputContextProxy.applyClientDiffInternal():892 Ignore [FetchSuggestions] diff due to stale request: 32291<32293, inputStateId=32114, lastInputStateId=32115
03-02 13:04:14.499  1317  1317 I KeyboardViewController: KeyboardViewController.lambda$showSelfAndAncestors$6():594 current view doesn't has the priority com.google.android.apps.inputmethod.libs.framework.keyboard.widget.AccessPointsBar{b1e2ac8 I.E...... ......ID 95,0-975,116 #7f0b0017 app:id/0_resource_name_obfuscated} to show itself, DEFAULT
03-02 13:04:14.534  1317  1317 W InputContextProxy: InputContextProxy.applyClientDiffInternal():892 Ignore [FetchSuggestions] diff due to stale request: 32293<32295, inputStateId=32116, lastInputStateId=32117
03-02 13:04:14.545  8546  8613 D EGL_emulation: app_time_stats: avg=2.58ms min=1.61ms max=9.11ms count=48
03-02 13:04:14.579  8546  8546 I ViewInteraction: Performing 'single click' action on view view.getContentDescription() is "Send"
03-02 13:04:14.581  1317  1317 I InlineSuggestionCandidateViewController: InlineSuggestionCandidateViewController.textCandidatesUpdated():621 Not showing inline suggestion tooltip v2; has candidates
03-02 13:04:14.680  1317  1317 W InputContextProxy: InputContextProxy.applyClientDiffInternal():892 Ignore [FetchSuggestions] diff due to stale request: 32297<32298, inputStateId=32120, lastInputStateId=32121
03-02 13:04:14.877  8546  8546 I ViewInteraction: Performing 'type text(Lorem ipsum dolor sit amet, consectetur adipiscing elit, sed do eiusmod tempor incididunt ut labore et dolore magna aliqua. Ut enim ad minim veniam, quis nostrud exercitation ullamco laboris nisi ut aliquip ex ea commodo consequat. Duis aute irure dolor in reprehenderit in voluptate velit esse cillum dolore eu fugiat nulla pariatur. Excepteur sint occaecat cupidatat non proident, sunt in culpa qui officia deserunt mollit anim id est laborum.)' action on view an instance of android.widget.TextView and view.getHint() matching: is "Type a message…"
03-02 13:04:14.921  8546  8546 D InputMethodManager: showSoftInput() view=com.example.android.people.ui.chat.ChatEditText{5d40bdb VFED..CL. .F.P.... 168,24-912,142 #7f0800e6 app:id/input aid=1073741824} flags=0 reason=SHOW_SOFT_INPUT
03-02 13:04:14.926  8546  8546 D InsetsController: show(ime(), fromIme=true)
03-02 13:04:15.142  8546  8546 D UiControllerImpl: Injecting string: "Lorem ipsum dolor sit amet, consectetur adipiscing elit, sed do eiusmod tempor incididunt ut labore et dolore magna aliqua. Ut enim ad minim veniam, quis nostrud exercitation ullamco laboris nisi ut aliquip ex ea commodo consequat. Duis aute irure dolor in reprehenderit in voluptate velit esse cillum dolore eu fugiat nulla pariatur. Excepteur sint occaecat cupidatat non proident, sunt in culpa qui officia deserunt mollit anim id est laborum."
03-02 13:04:15.194  1317  1317 I InlineSuggestionCandidateViewController: InlineSuggestionCandidateViewController.textCandidatesUpdated():621 Not showing inline suggestion tooltip v2; has candidates
03-02 13:04:15.197  1317  1670 D EGL_emulation: app_time_stats: avg=103.64ms min=14.87ms max=417.79ms count=12
03-02 13:04:15.248  1317  1317 W InputContextProxy: InputContextProxy.applyClientDiffInternal():892 Ignore [FetchSuggestions] diff due to stale request: 32304<32306, inputStateId=32127, lastInputStateId=32128
03-02 13:04:15.266  1317  1317 W InputContextProxy: InputContextProxy.applyClientDiffInternal():892 Ignore [FetchSuggestions] diff due to stale request: 32306<32308, inputStateId=32129, lastInputStateId=32130
03-02 13:04:15.268  6964  8485 W CCTFlatFileLogStore: Excessive logging: 4096 events, 512849 bytes from log source LATIN_IME last 2136s
03-02 13:04:15.297  1317  1317 I InlineSuggestionCandidateViewController: InlineSuggestionCandidateViewController.textCandidatesUpdated():621 Not showing inline suggestion tooltip v2; has candidates
03-02 13:04:15.328  1317  1317 I InlineSuggestionCandidateViewController: InlineSuggestionCandidateViewController.textCandidatesUpdated():621 Not showing inline suggestion tooltip v2; has candidates
03-02 13:04:15.366  1317  1879 I native  : I0302 13:04:15.366047    1879 input-context-store.cc:238] Ignoring stale client request for FetchSuggestions
03-02 13:04:15.367  1317  1317 W InputContextProxy: InputContextProxy.applyClientDiffInternal():892 Ignore [FetchSuggestions] diff due to stale request: 32312<32317, inputStateId=32136, lastInputStateId=32139
03-02 13:04:15.394  1317  1317 W InputContextProxy: InputContextProxy.applyClientDiffInternal():892 Ignore [FetchSuggestions] diff due to stale request: 32314<32317, inputStateId=32139, lastInputStateId=32139
03-02 13:04:15.395  1317  1317 I InlineSuggestionCandidateViewController: InlineSuggestionCandidateViewController.textCandidatesUpdated():621 Not showing inline suggestion tooltip v2; has candidates
03-02 13:04:15.432  1317  1317 W InputContextProxy: InputContextProxy.applyClientDiffInternal():892 Ignore [FetchSuggestions] diff due to stale request: 32319<32321, inputStateId=32142, lastInputStateId=32143
03-02 13:04:15.481  1317  1317 I InlineSuggestionCandidateViewController: InlineSuggestionCandidateViewController.textCandidatesUpdated():621 Not showing inline suggestion tooltip v2; has candidates
03-02 13:04:15.481  1317  1317 I KeyboardViewController: KeyboardViewController.lambda$showSelfAndAncestors$6():594 current view doesn't has the priority com.google.android.apps.inputmethod.libs.framework.keyboard.widget.AccessPointsBar{b1e2ac8 I.E...... ......ID 95,0-975,116 #7f0b0017 app:id/0_resource_name_obfuscated} to show itself, DEFAULT
03-02 13:04:15.497  1317  1317 W InputContextProxy: InputContextProxy.applyClientDiffInternal():892 Ignore [FetchSuggestions] diff due to stale request: 32323<32325, inputStateId=32146, lastInputStateId=32147
03-02 13:04:15.513  1317  1317 W InputContextProxy: InputContextProxy.applyClientDiffInternal():892 Ignore [FetchSuggestions] diff due to stale request: 32325<32326, inputStateId=32148, lastInputStateId=32149
03-02 13:04:15.532  1317  1317 W InputContextProxy: InputContextProxy.applyClientDiffInternal():892 Ignore [FetchSuggestions] diff due to stale request: 32327<32331, inputStateId=32151, lastInputStateId=32154
03-02 13:04:15.536  1317  1879 I native  : I0302 13:04:15.536061    1879 input-context-store.cc:238] Ignoring stale client request for FetchSuggestions
03-02 13:04:15.562  8546  8613 D EGL_emulation: app_time_stats: avg=5.37ms min=1.63ms max=31.04ms count=48
03-02 13:04:15.578  1317  1317 W InputContextProxy: InputContextProxy.applyClientDiffInternal():892 Ignore [FetchSuggestions] diff due to stale request: 32329<32332, inputStateId=32154, lastInputStateId=32154
03-02 13:04:15.578  1317  1317 I InlineSuggestionCandidateViewController: InlineSuggestionCandidateViewController.textCandidatesUpdated():621 Not showing inline suggestion tooltip v2; has candidates
03-02 13:04:15.629  1317  1317 I InlineSuggestionCandidateViewController: InlineSuggestionCandidateViewController.textCandidatesUpdated():621 Not showing inline suggestion tooltip v2; has candidates
03-02 13:04:15.680  1317  1317 I KeyboardViewController: KeyboardViewController.lambda$showSelfAndAncestors$6():594 current view doesn't has the priority com.google.android.apps.inputmethod.libs.framework.keyboard.widget.AccessPointsBar{b1e2ac8 I.E...... ......ID 95,0-975,116 #7f0b0017 app:id/0_resource_name_obfuscated} to show itself, DEFAULT
03-02 13:04:15.681  1317  1317 W InputContextProxy: InputContextProxy.applyClientDiffInternal():892 Ignore [FetchSuggestions] diff due to stale request: 32336<32339, inputStateId=32159, lastInputStateId=32162
03-02 13:04:15.698  1317  1317 W InputContextProxy: InputContextProxy.applyClientDiffInternal():892 Ignore [FetchSuggestions] diff due to stale request: 32338<32342, inputStateId=32161, lastInputStateId=32164
03-02 13:04:15.714  1317  1317 W InputContextProxy: InputContextProxy.applyClientDiffInternal():892 Ignore [FetchSuggestions] diff due to stale request: 32340<32344, inputStateId=32163, lastInputStateId=32166
03-02 13:04:15.715  1317  1317 W InputContextProxy: InputContextProxy.applyClientDiffInternal():892 Ignore [FetchSuggestions] diff due to stale request: 32342<32344, inputStateId=32165, lastInputStateId=32166
03-02 13:04:15.745  1317  1317 W InputContextProxy: InputContextProxy.applyClientDiffInternal():892 Ignore [FetchSuggestions] diff due to stale request: 32344<32346, inputStateId=32167, lastInputStateId=32168
03-02 13:04:15.761  1317  1317 W InputContextProxy: InputContextProxy.applyClientDiffInternal():892 Ignore [FetchSuggestions] diff due to stale request: 32346<32348, inputStateId=32169, lastInputStateId=32170
03-02 13:04:15.795  1317  1317 W InputContextProxy: InputContextProxy.applyClientDiffInternal():892 Ignore [FetchSuggestions] diff due to stale request: 32348<32350, inputStateId=32171, lastInputStateId=32172
03-02 13:04:15.813  1317  1317 W InputContextProxy: InputContextProxy.applyClientDiffInternal():892 Ignore [FetchSuggestions] diff due to stale request: 32350<32353, inputStateId=32174, lastInputStateId=32177
03-02 13:04:15.828  1317  1317 W InputContextProxy: InputContextProxy.applyClientDiffInternal():892 Ignore [FetchSuggestions] diff due to stale request: 32352<32355, inputStateId=32176, lastInputStateId=32178
03-02 13:04:15.862  1317  1317 W InputContextProxy: InputContextProxy.applyClientDiffInternal():892 Ignore [FetchSuggestions] diff due to stale request: 32355<32357, inputStateId=32179, lastInputStateId=32180
03-02 13:04:15.878  1317  1317 W InputContextProxy: InputContextProxy.applyClientDiffInternal():892 Ignore [FetchSuggestions] diff due to stale request: 32357<32359, inputStateId=32181, lastInputStateId=32182
03-02 13:04:15.879  1317  1317 I InlineSuggestionCandidateViewController: InlineSuggestionCandidateViewController.textCandidatesUpdated():621 Not showing inline suggestion tooltip v2; has candidates
03-02 13:04:15.900  1317  1317 W InputContextProxy: InputContextProxy.applyClientDiffInternal():892 Ignore [FetchSuggestions] diff due to stale request: 32361<32363, inputStateId=32186, lastInputStateId=32187
03-02 13:04:15.900  1317  1317 I InlineSuggestionCandidateViewController: InlineSuggestionCandidateViewController.textCandidatesUpdated():621 Not showing inline suggestion tooltip v2; has candidates
03-02 13:04:15.912  1317  1317 I KeyboardViewController: KeyboardViewController.lambda$showSelfAndAncestors$6():594 current view doesn't has the priority com.google.android.apps.inputmethod.libs.framework.keyboard.widget.AccessPointsBar{b1e2ac8 I.E...... ......ID 95,0-975,116 #7f0b0017 app:id/0_resource_name_obfuscated} to show itself, DEFAULT
03-02 13:04:15.946  1317  1317 W InputContextProxy: InputContextProxy.applyClientDiffInternal():892 Ignore [FetchSuggestions] diff due to stale request: 32365<32366, inputStateId=32191, lastInputStateId=32192
03-02 13:04:15.951  1317  1879 I native  : I0302 13:04:15.951654    1879 input-context-store.cc:238] Ignoring stale client request for FetchSuggestions
03-02 13:04:15.995  1317  1317 W InputContextProxy: InputContextProxy.applyClientDiffInternal():892 Ignore [FetchSuggestions] diff due to stale request: 32368<32370, inputStateId=32194, lastInputStateId=32194
03-02 13:04:15.995  1317  1317 I InlineSuggestionCandidateViewController: InlineSuggestionCandidateViewController.textCandidatesUpdated():621 Not showing inline suggestion tooltip v2; has candidates
03-02 13:04:16.014  1317  1317 W InputContextProxy: InputContextProxy.applyClientDiffInternal():892 Ignore [FetchSuggestions] diff due to stale request: 32372<32374, inputStateId=32197, lastInputStateId=32198
03-02 13:04:16.047  1317  1317 W InputContextProxy: InputContextProxy.applyClientDiffInternal():892 Ignore [FetchSuggestions] diff due to stale request: 32374<32375, inputStateId=32199, lastInputStateId=32200
03-02 13:04:16.048  1317  1317 I KeyboardViewController: KeyboardViewController.lambda$showSelfAndAncestors$6():594 current view doesn't has the priority com.google.android.apps.inputmethod.libs.framework.keyboard.widget.AccessPointsBar{b1e2ac8 I.E...... ......ID 95,0-975,116 #7f0b0017 app:id/0_resource_name_obfuscated} to show itself, DEFAULT
03-02 13:04:16.064  1317  1317 W InputContextProxy: InputContextProxy.applyClientDiffInternal():892 Ignore [FetchSuggestions] diff due to stale request: 32376<32378, inputStateId=32201, lastInputStateId=32202
03-02 13:04:16.082  1317  1317 W InputContextProxy: InputContextProxy.applyClientDiffInternal():892 Ignore [FetchSuggestions] diff due to stale request: 32378<32380, inputStateId=32203, lastInputStateId=32204
03-02 13:04:16.111  1317  1317 I InlineSuggestionCandidateViewController: InlineSuggestionCandidateViewController.textCandidatesUpdated():621 Not showing inline suggestion tooltip v2; has candidates
03-02 13:04:16.148  1317  1317 W InputContextProxy: InputContextProxy.applyClientDiffInternal():892 Ignore [FetchSuggestions] diff due to stale request: 32382<32384, inputStateId=32207, lastInputStateId=32208
03-02 13:04:16.164  1317  1317 W InputContextProxy: InputContextProxy.applyClientDiffInternal():892 Ignore [FetchSuggestions] diff due to stale request: 32384<32386, inputStateId=32209, lastInputStateId=32210
03-02 13:04:16.198  1317  1317 W InputContextProxy: InputContextProxy.applyClientDiffInternal():892 Ignore [FetchSuggestions] diff due to stale request: 32386<32388, inputStateId=32211, lastInputStateId=32212
03-02 13:04:16.230  1317  1317 I InlineSuggestionCandidateViewController: InlineSuggestionCandidateViewController.textCandidatesUpdated():621 Not showing inline suggestion tooltip v2; has candidates
03-02 13:04:16.245  1317  1670 D EGL_emulation: app_time_stats: avg=65.54ms min=14.45ms max=182.66ms count=16
03-02 13:04:16.430  1317  1317 I InlineSuggestionCandidateViewController: InlineSuggestionCandidateViewController.textCandidatesUpdated():621 Not showing inline suggestion tooltip v2; has candidates
03-02 13:04:16.562  8546  8613 D EGL_emulation: app_time_stats: avg=2.09ms min=1.51ms max=5.10ms count=45
03-02 13:04:16.582  1317  1317 W InputContextProxy: InputContextProxy.applyClientDiffInternal():892 Ignore [FetchSuggestions] diff due to stale request: 32392<32396, inputStateId=32218, lastInputStateId=32221
03-02 13:04:16.583  1317  1879 I native  : I0302 13:04:16.583020    1879 input-context-store.cc:161] Ignoring stale client request for FetchSuggestions
03-02 13:04:16.613  1317  1317 W InputContextProxy: InputContextProxy.applyClientDiffInternal():892 Ignore [FetchSuggestions] diff due to stale request: 32395<32397, inputStateId=0, lastInputStateId=32221
03-02 13:04:16.613  1317  1317 I InlineSuggestionCandidateViewController: InlineSuggestionCandidateViewController.textCandidatesUpdated():621 Not showing inline suggestion tooltip v2; has candidates
03-02 13:04:16.634  1317  1317 W InputContextProxy: InputContextProxy.applyClientDiffInternal():892 Ignore [FetchSuggestions] diff due to stale request: 32399<32401, inputStateId=32224, lastInputStateId=32225
03-02 13:04:16.634  1317  1317 I InlineSuggestionCandidateViewController: InlineSuggestionCandidateViewController.textCandidatesUpdated():621 Not showing inline suggestion tooltip v2; has candidates
03-02 13:04:16.681  1317  1317 W InputContextProxy: InputContextProxy.applyClientDiffInternal():892 Ignore [FetchSuggestions] diff due to stale request: 32403<32404, inputStateId=32228, lastInputStateId=32229
03-02 13:04:16.681  1317  1317 I KeyboardViewController: KeyboardViewController.lambda$showSelfAndAncestors$6():594 current view doesn't has the priority com.google.android.apps.inputmethod.libs.framework.keyboard.widget.AccessPointsBar{b1e2ac8 I.E...... ......ID 95,0-975,116 #7f0b0017 app:id/0_resource_name_obfuscated} to show itself, DEFAULT
03-02 13:04:16.697  1317  1317 W InputContextProxy: InputContextProxy.applyClientDiffInternal():892 Ignore [FetchSuggestions] diff due to stale request: 32405<32407, inputStateId=32230, lastInputStateId=32231
03-02 13:04:16.731  1317  1317 W InputContextProxy: InputContextProxy.applyClientDiffInternal():892 Ignore [FetchSuggestions] diff due to stale request: 32407<32409, inputStateId=32232, lastInputStateId=32233
03-02 13:04:16.746  1317  1317 I InlineSuggestionCandidateViewController: InlineSuggestionCandidateViewController.textCandidatesUpdated():621 Not showing inline suggestion tooltip v2; has candidates
03-02 13:04:16.795  1317  1317 I InlineSuggestionCandidateViewController: InlineSuggestionCandidateViewController.textCandidatesUpdated():621 Not showing inline suggestion tooltip v2; has candidates
03-02 13:04:16.862   796   859 D EGL_emulation: app_time_stats: avg=16850.10ms min=16850.10ms max=16850.10ms count=1
03-02 13:04:16.879  1317  1317 I InlineSuggestionCandidateViewController: InlineSuggestionCandidateViewController.textCandidatesUpdated():621 Not showing inline suggestion tooltip v2; has candidates
03-02 13:04:16.897  1317  1879 W Delight5Decoder: Delight5DecoderWrapper.shouldAbandonMessage():1874 Detected old [FetchSuggestions] request in background: 32417<32419
03-02 13:04:16.898  1317  1317 W InputContextProxy: InputContextProxy.applyClientDiffInternal():892 Ignore [FetchSuggestions] diff due to stale request: 32415<32420, inputStateId=32241, lastInputStateId=32244
03-02 13:04:16.962  1317  1317 I InlineSuggestionCandidateViewController: InlineSuggestionCandidateViewController.textCandidatesUpdated():621 Not showing inline suggestion tooltip v2; has candidates
03-02 13:04:16.981  1317  1317 W InputContextProxy: InputContextProxy.applyClientDiffInternal():892 Ignore [FetchSuggestions] diff due to stale request: 32422<32424, inputStateId=32247, lastInputStateId=32248
03-02 13:04:16.998  1317  1317 W InputContextProxy: InputContextProxy.applyClientDiffInternal():892 Ignore [FetchSuggestions] diff due to stale request: 32424<32425, inputStateId=32249, lastInputStateId=32250
03-02 13:04:16.998  1317  1317 I KeyboardViewController: KeyboardViewController.lambda$showSelfAndAncestors$6():594 current view doesn't has the priority com.google.android.apps.inputmethod.libs.framework.keyboard.widget.AccessPointsBar{b1e2ac8 I.E...... ......ID 95,0-975,116 #7f0b0017 app:id/0_resource_name_obfuscated} to show itself, DEFAULT
03-02 13:04:17.045  1317  1317 W InputContextProxy: InputContextProxy.applyClientDiffInternal():892 Ignore [FetchSuggestions] diff due to stale request: 32426<32428, inputStateId=32251, lastInputStateId=32252
03-02 13:04:17.046  1317  1317 I InlineSuggestionCandidateViewController: InlineSuggestionCandidateViewController.textCandidatesUpdated():621 Not showing inline suggestion tooltip v2; has candidates
03-02 13:04:17.081  1317  1879 I native  : I0302 13:04:17.081273    1879 input-context-store.cc:238] Ignoring stale client request for FetchSuggestions
03-02 13:04:17.081  1317  1879 I native  : I0302 13:04:17.081838    1879 input-context-store.cc:161] Ignoring stale client request for OverrideDecodedCandidates
03-02 13:04:17.082  1317  1317 W InputContextProxy: InputContextProxy.applyClientDiffInternal():892 Ignore [FetchSuggestions] diff due to stale request: 32430<32431, inputStateId=0, lastInputStateId=32256
03-02 13:04:17.096  1317  1317 I InlineSuggestionCandidateViewController: InlineSuggestionCandidateViewController.textCandidatesUpdated():621 Not showing inline suggestion tooltip v2; has candidates
03-02 13:04:17.121  1317  1317 W InputContextProxy: InputContextProxy.applyClientDiffInternal():892 Ignore [FetchSuggestions] diff due to stale request: 32435<32440, inputStateId=32261, lastInputStateId=32264
03-02 13:04:17.122  1317  1317 I InlineSuggestionCandidateViewController: InlineSuggestionCandidateViewController.textCandidatesUpdated():621 Not showing inline suggestion tooltip v2; has candidates
03-02 13:04:17.213  1317  1317 W InputContextProxy: InputContextProxy.applyClientDiffInternal():892 Ignore [FetchSuggestions] diff due to stale request: 32442<32444, inputStateId=32267, lastInputStateId=32268
03-02 13:04:17.214  1317  1317 I KeyboardViewController: KeyboardViewController.lambda$showSelfAndAncestors$6():594 current view doesn't has the priority com.google.android.apps.inputmethod.libs.framework.keyboard.widget.AccessPointsBar{b1e2ac8 I.E...... ......ID 95,0-975,116 #7f0b0017 app:id/0_resource_name_obfuscated} to show itself, DEFAULT
03-02 13:04:17.247  1317  1879 W Delight5Decoder: Delight5DecoderWrapper.shouldAbandonMessage():1874 Detected old [FetchSuggestions] request in background: 32446<32447
03-02 13:04:17.248  1317  1317 W InputContextProxy: InputContextProxy.applyClientDiffInternal():892 Ignore [FetchSuggestions] diff due to stale request: 32444<32449, inputStateId=32270, lastInputStateId=32273
03-02 13:04:17.250  1317  1670 D EGL_emulation: app_time_stats: avg=71.75ms min=10.36ms max=183.85ms count=14
03-02 13:04:17.279  1317  1317 I InlineSuggestionCandidateViewController: InlineSuggestionCandidateViewController.textCandidatesUpdated():621 Not showing inline suggestion tooltip v2; has candidates
03-02 13:04:17.362  1317  1317 W InputContextProxy: InputContextProxy.applyClientDiffInternal():892 Ignore [FetchSuggestions] diff due to stale request: 32451<32453, inputStateId=32276, lastInputStateId=32277
03-02 13:04:17.363  1317  1317 I KeyboardViewController: KeyboardViewController.lambda$showSelfAndAncestors$6():594 current view doesn't has the priority com.google.android.apps.inputmethod.libs.framework.keyboard.widget.AccessPointsBar{b1e2ac8 I.E...... ......ID 95,0-975,116 #7f0b0017 app:id/0_resource_name_obfuscated} to show itself, DEFAULT
03-02 13:04:17.379  1317  1317 I InlineSuggestionCandidateViewController: InlineSuggestionCandidateViewController.textCandidatesUpdated():621 Not showing inline suggestion tooltip v2; has candidates
03-02 13:04:17.412  1317  1317 W InputContextProxy: InputContextProxy.applyClientDiffInternal():892 Ignore [FetchSuggestions] diff due to stale request: 32455<32456, inputStateId=32281, lastInputStateId=32282
03-02 13:04:17.418  1317  1879 I native  : I0302 13:04:17.418936    1879 input-context-store.cc:238] Ignoring stale client request for FetchSuggestions
03-02 13:04:17.461  1317  1317 W InputContextProxy: InputContextProxy.applyClientDiffInternal():892 Ignore [FetchSuggestions] diff due to stale request: 32458<32460, inputStateId=32284, lastInputStateId=32284
03-02 13:04:17.462  1317  1317 I InlineSuggestionCandidateViewController: InlineSuggestionCandidateViewController.textCandidatesUpdated():621 Not showing inline suggestion tooltip v2; has candidates
03-02 13:04:17.480  1317  1317 W InputContextProxy: InputContextProxy.applyClientDiffInternal():892 Ignore [FetchSuggestions] diff due to stale request: 32462<32464, inputStateId=32287, lastInputStateId=32288
03-02 13:04:17.514  1317  1317 W InputContextProxy: InputContextProxy.applyClientDiffInternal():892 Ignore [FetchSuggestions] diff due to stale request: 32464<32466, inputStateId=32289, lastInputStateId=32290
03-02 13:04:17.514  1317  1317 I KeyboardViewController: KeyboardViewController.lambda$showSelfAndAncestors$6():594 current view doesn't has the priority com.google.android.apps.inputmethod.libs.framework.keyboard.widget.AccessPointsBar{b1e2ac8 I.E...... ......ID 95,0-975,116 #7f0b0017 app:id/0_resource_name_obfuscated} to show itself, DEFAULT
03-02 13:04:17.532  1317  1317 W InputContextProxy: InputContextProxy.applyClientDiffInternal():892 Ignore [FetchSuggestions] diff due to stale request: 32466<32468, inputStateId=32291, lastInputStateId=32292
03-02 13:04:17.547  1317  1317 W InputContextProxy: InputContextProxy.applyClientDiffInternal():892 Ignore [FetchSuggestions] diff due to stale request: 32468<32469, inputStateId=32293, lastInputStateId=32294
03-02 13:04:17.562  8546  8613 D EGL_emulation: app_time_stats: avg=2.15ms min=1.80ms max=3.80ms count=48
03-02 13:04:17.613  1317  1317 W InputContextProxy: InputContextProxy.applyClientDiffInternal():892 Ignore [FetchSuggestions] diff due to stale request: 32470<32471, inputStateId=32295, lastInputStateId=32296
03-02 13:04:17.631  1317  1317 W InputContextProxy: InputContextProxy.applyClientDiffInternal():892 Ignore [FetchSuggestions] diff due to stale request: 32472<32476, inputStateId=32298, lastInputStateId=32301
03-02 13:04:17.633  1317  1879 I native  : I0302 13:04:17.633296    1879 input-context-store.cc:238] Ignoring stale client request for FetchSuggestions
03-02 13:04:17.663  1317  1317 W InputContextProxy: InputContextProxy.applyClientDiffInternal():892 Ignore [FetchSuggestions] diff due to stale request: 32474<32477, inputStateId=32301, lastInputStateId=32301
03-02 13:04:17.663  1317  1317 I InlineSuggestionCandidateViewController: InlineSuggestionCandidateViewController.textCandidatesUpdated():621 Not showing inline suggestion tooltip v2; has candidates
03-02 13:04:17.682  1317  1317 W InputContextProxy: InputContextProxy.applyClientDiffInternal():892 Ignore [FetchSuggestions] diff due to stale request: 32479<32481, inputStateId=32304, lastInputStateId=32305
03-02 13:04:17.698  1317  1317 W InputContextProxy: InputContextProxy.applyClientDiffInternal():892 Ignore [FetchSuggestions] diff due to stale request: 32481<32482, inputStateId=32306, lastInputStateId=32307
03-02 13:04:17.715  1317  1317 W InputContextProxy: InputContextProxy.applyClientDiffInternal():892 Ignore [FetchSuggestions] diff due to stale request: 32483<32485, inputStateId=32308, lastInputStateId=32309
03-02 13:04:17.734  1317  1317 W InputContextProxy: InputContextProxy.applyClientDiffInternal():892 Ignore [FetchSuggestions] diff due to stale request: 32485<32486, inputStateId=32310, lastInputStateId=32311
03-02 13:04:17.734  1317  1317 I KeyboardViewController: KeyboardViewController.lambda$showSelfAndAncestors$6():594 current view doesn't has the priority com.google.android.apps.inputmethod.libs.framework.keyboard.widget.AccessPointsBar{b1e2ac8 I.E...... ......ID 95,0-975,116 #7f0b0017 app:id/0_resource_name_obfuscated} to show itself, DEFAULT
03-02 13:04:17.796  1317  1317 W InputContextProxy: InputContextProxy.applyClientDiffInternal():892 Ignore [FetchSuggestions] diff due to stale request: 32487<32488, inputStateId=32312, lastInputStateId=32313
03-02 13:04:17.814  1317  1879 I native  : I0302 13:04:17.814391    1879 input-context-store.cc:161] Ignoring stale client request for FetchSuggestions
03-02 13:04:17.814  1317  1317 W InputContextProxy: InputContextProxy.applyClientDiffInternal():892 Ignore [FetchSuggestions] diff due to stale request: 32489<32493, inputStateId=32315, lastInputStateId=32318
03-02 13:04:17.847  1317  1317 W InputContextProxy: InputContextProxy.applyClientDiffInternal():892 Ignore [FetchSuggestions] diff due to stale request: 32491<32494, inputStateId=0, lastInputStateId=32318
03-02 13:04:17.847  1317  1317 I InlineSuggestionCandidateViewController: InlineSuggestionCandidateViewController.textCandidatesUpdated():621 Not showing inline suggestion tooltip v2; has candidates
03-02 13:04:17.865  1317  1317 W InputContextProxy: InputContextProxy.applyClientDiffInternal():892 Ignore [FetchSuggestions] diff due to stale request: 32496<32498, inputStateId=32321, lastInputStateId=32322
03-02 13:04:17.880  1317  1317 W InputContextProxy: InputContextProxy.applyClientDiffInternal():892 Ignore [FetchSuggestions] diff due to stale request: 32498<32500, inputStateId=32323, lastInputStateId=32324
03-02 13:04:17.896  1317  1317 I InlineSuggestionCandidateViewController: InlineSuggestionCandidateViewController.textCandidatesUpdated():621 Not showing inline suggestion tooltip v2; has candidates
03-02 13:04:17.914  1317  1317 W InputContextProxy: InputContextProxy.applyClientDiffInternal():892 Ignore [FetchSuggestions] diff due to stale request: 32502<32504, inputStateId=32327, lastInputStateId=32328
03-02 13:04:17.914  1317  1317 I KeyboardViewController: KeyboardViewController.lambda$showSelfAndAncestors$6():594 current view doesn't has the priority com.google.android.apps.inputmethod.libs.framework.keyboard.widget.AccessPointsBar{b1e2ac8 I.E...... ......ID 95,0-975,116 #7f0b0017 app:id/0_resource_name_obfuscated} to show itself, DEFAULT
03-02 13:04:17.950  1317  1317 W InputContextProxy: InputContextProxy.applyClientDiffInternal():892 Ignore [FetchSuggestions] diff due to stale request: 32504<32505, inputStateId=32329, lastInputStateId=32330
03-02 13:04:17.999  1317  1317 I InlineSuggestionCandidateViewController: InlineSuggestionCandidateViewController.textCandidatesUpdated():621 Not showing inline suggestion tooltip v2; has candidates
03-02 13:04:18.016  1317  1317 W InputContextProxy: InputContextProxy.applyClientDiffInternal():892 Ignore [FetchSuggestions] diff due to stale request: 32508<32510, inputStateId=32333, lastInputStateId=32334
03-02 13:04:18.047  1317  1317 W InputContextProxy: InputContextProxy.applyClientDiffInternal():892 Ignore [FetchSuggestions] diff due to stale request: 32510<32512, inputStateId=32335, lastInputStateId=32336
03-02 13:04:18.098  1317  1317 W InputContextProxy: InputContextProxy.applyClientDiffInternal():892 Ignore [FetchSuggestions] diff due to stale request: 32512<32514, inputStateId=32337, lastInputStateId=32338
03-02 13:04:18.117  1317  1317 W InputContextProxy: InputContextProxy.applyClientDiffInternal():892 Ignore [FetchSuggestions] diff due to stale request: 32514<32518, inputStateId=32340, lastInputStateId=32343
03-02 13:04:18.134  1317  1317 W InputContextProxy: InputContextProxy.applyClientDiffInternal():892 Ignore [FetchSuggestions] diff due to stale request: 32519<32523, inputStateId=32344, lastInputStateId=32347
03-02 13:04:18.136  1317  1879 I native  : I0302 13:04:18.136039    1879 input-context-store.cc:238] Ignoring stale client request for FetchSuggestions
03-02 13:04:18.136  1317  1317 W InputContextProxy: InputContextProxy.applyClientDiffInternal():892 Ignore [FetchSuggestions] diff due to stale request: 32522<32524, inputStateId=32347, lastInputStateId=32347
03-02 13:04:18.137  1317  1317 I InlineSuggestionCandidateViewController: InlineSuggestionCandidateViewController.textCandidatesUpdated():621 Not showing inline suggestion tooltip v2; has candidates
03-02 13:04:18.213  1317  1317 I InlineSuggestionCandidateViewController: InlineSuggestionCandidateViewController.textCandidatesUpdated():621 Not showing inline suggestion tooltip v2; has candidates
03-02 13:04:18.233  1317  1879 I native  : I0302 13:04:18.233692    1879 input-context-store.cc:238] Ignoring stale client request for FetchSuggestions
03-02 13:04:18.261  1317  1317 W InputContextProxy: InputContextProxy.applyClientDiffInternal():892 Ignore [FetchSuggestions] diff due to stale request: 32528<32531, inputStateId=32354, lastInputStateId=32354
03-02 13:04:18.262  1317  1317 I InlineSuggestionCandidateViewController: InlineSuggestionCandidateViewController.textCandidatesUpdated():621 Not showing inline suggestion tooltip v2; has candidates
03-02 13:04:18.265  1317  1670 D EGL_emulation: app_time_stats: avg=62.44ms min=13.66ms max=181.87ms count=16
03-02 13:04:18.283  1317  1317 W InputContextProxy: InputContextProxy.applyClientDiffInternal():892 Ignore [FetchSuggestions] diff due to stale request: 32533<32535, inputStateId=32357, lastInputStateId=32358
03-02 13:04:18.297  1317  1317 W InputContextProxy: InputContextProxy.applyClientDiffInternal():892 Ignore [FetchSuggestions] diff due to stale request: 32535<32536, inputStateId=32359, lastInputStateId=32360
03-02 13:04:18.331  1317  1317 W InputContextProxy: InputContextProxy.applyClientDiffInternal():892 Ignore [FetchSuggestions] diff due to stale request: 32537<32539, inputStateId=32361, lastInputStateId=32362
03-02 13:04:18.332  1317  1317 I KeyboardViewController: KeyboardViewController.lambda$showSelfAndAncestors$6():594 current view doesn't has the priority com.google.android.apps.inputmethod.libs.framework.keyboard.widget.AccessPointsBar{b1e2ac8 I.E...... ......ID 95,0-975,116 #7f0b0017 app:id/0_resource_name_obfuscated} to show itself, DEFAULT
03-02 13:04:18.347  1317  1317 W InputContextProxy: InputContextProxy.applyClientDiffInternal():892 Ignore [FetchSuggestions] diff due to stale request: 32539<32541, inputStateId=32363, lastInputStateId=32364
03-02 13:04:18.348  1317  1317 I InlineSuggestionCandidateViewController: InlineSuggestionCandidateViewController.textCandidatesUpdated():621 Not showing inline suggestion tooltip v2; has candidates
03-02 13:04:18.414  1317  1317 W InputContextProxy: InputContextProxy.applyClientDiffInternal():892 Ignore [FetchSuggestions] diff due to stale request: 32543<32547, inputStateId=32368, lastInputStateId=32371
03-02 13:04:18.417  1317  1879 I native  : I0302 13:04:18.417443    1879 input-context-store.cc:238] Ignoring stale client request for FetchSuggestions
03-02 13:04:18.464  1317  1317 W InputContextProxy: InputContextProxy.applyClientDiffInternal():892 Ignore [FetchSuggestions] diff due to stale request: 32545<32550, inputStateId=32371, lastInputStateId=32373
03-02 13:04:18.464  1317  1317 W InputContextProxy: InputContextProxy.applyClientDiffInternal():892 Ignore [FetchSuggestions] diff due to stale request: 32548<32550, inputStateId=32372, lastInputStateId=32373
03-02 13:04:18.512  1317  1317 W InputContextProxy: InputContextProxy.applyClientDiffInternal():892 Ignore [FetchSuggestions] diff due to stale request: 32550<32552, inputStateId=32374, lastInputStateId=32375
03-02 13:04:18.514  1317  1317 I InlineSuggestionCandidateViewController: InlineSuggestionCandidateViewController.textCandidatesUpdated():621 Not showing inline suggestion tooltip v2; has candidates
03-02 13:04:18.553  1317  1879 I native  : I0302 13:04:18.553761    1879 input-context-store.cc:238] Ignoring stale client request for FetchSuggestions
03-02 13:04:18.578  8546  8613 D EGL_emulation: app_time_stats: avg=2.22ms min=1.82ms max=4.00ms count=51
03-02 13:04:18.578  1317  1317 W InputContextProxy: InputContextProxy.applyClientDiffInternal():892 Ignore [FetchSuggestions] diff due to stale request: 32554<32557, inputStateId=32380, lastInputStateId=32380
03-02 13:04:18.578  1317  1317 I InlineSuggestionCandidateViewController: InlineSuggestionCandidateViewController.textCandidatesUpdated():621 Not showing inline suggestion tooltip v2; has candidates
03-02 13:04:18.597  1317  1317 W InputContextProxy: InputContextProxy.applyClientDiffInternal():892 Ignore [FetchSuggestions] diff due to stale request: 32559<32561, inputStateId=32383, lastInputStateId=32384
03-02 13:04:18.614  1317  1317 W InputContextProxy: InputContextProxy.applyClientDiffInternal():892 Ignore [FetchSuggestions] diff due to stale request: 32561<32563, inputStateId=32385, lastInputStateId=32386
03-02 13:04:18.631  1317  1317 W InputContextProxy: InputContextProxy.applyClientDiffInternal():892 Ignore [FetchSuggestions] diff due to stale request: 32563<32564, inputStateId=32387, lastInputStateId=32388
03-02 13:04:18.663  1317  1317 W InputContextProxy: InputContextProxy.applyClientDiffInternal():892 Ignore [FetchSuggestions] diff due to stale request: 32565<32567, inputStateId=32389, lastInputStateId=32390
03-02 13:04:18.664  1317  1317 I KeyboardViewController: KeyboardViewController.lambda$showSelfAndAncestors$6():594 current view doesn't has the priority com.google.android.apps.inputmethod.libs.framework.keyboard.widget.AccessPointsBar{b1e2ac8 I.E...... ......ID 95,0-975,116 #7f0b0017 app:id/0_resource_name_obfuscated} to show itself, DEFAULT
03-02 13:04:18.729  1317  1317 W InputContextProxy: InputContextProxy.applyClientDiffInternal():892 Ignore [FetchSuggestions] diff due to stale request: 32567<32569, inputStateId=32391, lastInputStateId=32392
03-02 13:04:18.730  1317  1317 I InlineSuggestionCandidateViewController: InlineSuggestionCandidateViewController.textCandidatesUpdated():621 Not showing inline suggestion tooltip v2; has candidates
03-02 13:04:18.769  1317  1879 I native  : I0302 13:04:18.769205    1879 input-context-store.cc:238] Ignoring stale client request for FetchSuggestions
03-02 13:04:18.796  1317  1317 W InputContextProxy: InputContextProxy.applyClientDiffInternal():892 Ignore [FetchSuggestions] diff due to stale request: 32571<32575, inputStateId=32397, lastInputStateId=32399
03-02 13:04:18.796  1317  1317 W InputContextProxy: InputContextProxy.applyClientDiffInternal():892 Ignore [FetchSuggestions] diff due to stale request: 32574<32575, inputStateId=32398, lastInputStateId=32399
03-02 13:04:18.802  1317  1879 I native  : I0302 13:04:18.802000    1879 input-context-store.cc:238] Ignoring stale client request for FetchSuggestions
03-02 13:04:18.802  1317  1317 W InputContextProxy: InputContextProxy.applyClientDiffInternal():892 Ignore [FetchSuggestions] diff due to stale request: 32577<32579, inputStateId=32401, lastInputStateId=32401
03-02 13:04:18.829  1317  1317 I InlineSuggestionCandidateViewController: InlineSuggestionCandidateViewController.textCandidatesUpdated():621 Not showing inline suggestion tooltip v2; has candidates
03-02 13:04:18.865  1317  1317 W InputContextProxy: InputContextProxy.applyClientDiffInternal():892 Ignore [FetchSuggestions] diff due to stale request: 32581<32583, inputStateId=32404, lastInputStateId=32405
03-02 13:04:18.866  1317  1317 I KeyboardViewController: KeyboardViewController.lambda$showSelfAndAncestors$6():594 current view doesn't has the priority com.google.android.apps.inputmethod.libs.framework.keyboard.widget.AccessPointsBar{b1e2ac8 I.E...... ......ID 95,0-975,116 #7f0b0017 app:id/0_resource_name_obfuscated} to show itself, DEFAULT
03-02 13:04:18.882  1317  1317 W InputContextProxy: InputContextProxy.applyClientDiffInternal():892 Ignore [FetchSuggestions] diff due to stale request: 32583<32585, inputStateId=32406, lastInputStateId=32407
